<?xml version="1.0"?>
<link_info>
   <banner>TMS320C6x Linker PC v7.4.14</banner>
   <copyright>Copyright (c) 1996-2015 Texas Instruments Incorporated</copyright>
   <link_time>0x5936fa2f</link_time>
   <output_file>loadTester.out</output_file>
   <entry_point>
      <name>_c_int00</name>
      <address>0x11834660</address>
   </entry_point>
   <input_file_list>
      <input_file id="fl-2">
         <path>.\</path>
         <kind>object</kind>
         <file>ISRs.obj</file>
         <name>ISRs.obj</name>
      </input_file>
      <input_file id="fl-3">
         <path>.\</path>
         <kind>object</kind>
         <file>LCDK_Support_DSP.obj</file>
         <name>LCDK_Support_DSP.obj</name>
      </input_file>
      <input_file id="fl-4">
         <path>.\</path>
         <kind>object</kind>
         <file>StartUp.obj</file>
         <name>StartUp.obj</name>
      </input_file>
      <input_file id="fl-5">
         <path>.\</path>
         <kind>object</kind>
         <file>main.obj</file>
         <name>main.obj</name>
      </input_file>
      <input_file id="fl-d">
         <path>C:\ti\ccsv6\tools\compiler\c6000_7.4.14\lib\</path>
         <kind>archive</kind>
         <file>rts6740.lib</file>
         <name>boot.obj</name>
      </input_file>
      <input_file id="fl-e">
         <path>C:\ti\ccsv6\tools\compiler\c6000_7.4.14\lib\</path>
         <kind>archive</kind>
         <file>rts6740.lib</file>
         <name>cos.obj</name>
      </input_file>
      <input_file id="fl-f">
         <path>C:\ti\ccsv6\tools\compiler\c6000_7.4.14\lib\</path>
         <kind>archive</kind>
         <file>rts6740.lib</file>
         <name>divd.obj</name>
      </input_file>
      <input_file id="fl-10">
         <path>C:\ti\ccsv6\tools\compiler\c6000_7.4.14\lib\</path>
         <kind>archive</kind>
         <file>rts6740.lib</file>
         <name>divf.obj</name>
      </input_file>
      <input_file id="fl-11">
         <path>C:\ti\ccsv6\tools\compiler\c6000_7.4.14\lib\</path>
         <kind>archive</kind>
         <file>rts6740.lib</file>
         <name>divu.obj</name>
      </input_file>
      <input_file id="fl-12">
         <path>C:\ti\ccsv6\tools\compiler\c6000_7.4.14\lib\</path>
         <kind>archive</kind>
         <file>rts6740.lib</file>
         <name>exit.obj</name>
      </input_file>
      <input_file id="fl-13">
         <path>C:\ti\ccsv6\tools\compiler\c6000_7.4.14\lib\</path>
         <kind>archive</kind>
         <file>rts6740.lib</file>
         <name>exp.obj</name>
      </input_file>
      <input_file id="fl-14">
         <path>C:\ti\ccsv6\tools\compiler\c6000_7.4.14\lib\</path>
         <kind>archive</kind>
         <file>rts6740.lib</file>
         <name>frcmpyd_div.obj</name>
      </input_file>
      <input_file id="fl-15">
         <path>C:\ti\ccsv6\tools\compiler\c6000_7.4.14\lib\</path>
         <kind>archive</kind>
         <file>rts6740.lib</file>
         <name>ldexp.obj</name>
      </input_file>
      <input_file id="fl-16">
         <path>C:\ti\ccsv6\tools\compiler\c6000_7.4.14\lib\</path>
         <kind>archive</kind>
         <file>rts6740.lib</file>
         <name>llshift.obj</name>
      </input_file>
      <input_file id="fl-17">
         <path>C:\ti\ccsv6\tools\compiler\c6000_7.4.14\lib\</path>
         <kind>archive</kind>
         <file>rts6740.lib</file>
         <name>modf.obj</name>
      </input_file>
      <input_file id="fl-18">
         <path>C:\ti\ccsv6\tools\compiler\c6000_7.4.14\lib\</path>
         <kind>archive</kind>
         <file>rts6740.lib</file>
         <name>round.obj</name>
      </input_file>
      <input_file id="fl-19">
         <path>C:\ti\ccsv6\tools\compiler\c6000_7.4.14\lib\</path>
         <kind>archive</kind>
         <file>rts6740.lib</file>
         <name>sin.obj</name>
      </input_file>
      <input_file id="fl-1a">
         <path>C:\ti\ccsv6\tools\compiler\c6000_7.4.14\lib\</path>
         <kind>archive</kind>
         <file>rts6740.lib</file>
         <name>trunc.obj</name>
      </input_file>
      <input_file id="fl-1b">
         <path>C:\ti\ccsv6\tools\compiler\c6000_7.4.14\lib\</path>
         <kind>archive</kind>
         <file>rts6740.lib</file>
         <name>args_main.obj</name>
      </input_file>
      <input_file id="fl-1c">
         <path>C:\ti\ccsv6\tools\compiler\c6000_7.4.14\lib\</path>
         <kind>archive</kind>
         <file>rts6740.lib</file>
         <name>autoinit.obj</name>
      </input_file>
      <input_file id="fl-1d">
         <path>C:\ti\ccsv6\tools\compiler\c6000_7.4.14\lib\</path>
         <kind>archive</kind>
         <file>rts6740.lib</file>
         <name>cpp_init.obj</name>
      </input_file>
      <input_file id="fl-1e">
         <path>C:\ti\ccsv6\tools\compiler\c6000_7.4.14\lib\</path>
         <kind>archive</kind>
         <file>rts6740.lib</file>
         <name>cpy_tbl.obj</name>
      </input_file>
      <input_file id="fl-1f">
         <path>C:\ti\ccsv6\tools\compiler\c6000_7.4.14\lib\</path>
         <kind>archive</kind>
         <file>rts6740.lib</file>
         <name>errno.obj</name>
      </input_file>
      <input_file id="fl-20">
         <path>C:\ti\ccsv6\tools\compiler\c6000_7.4.14\lib\</path>
         <kind>archive</kind>
         <file>rts6740.lib</file>
         <name>memcpy64.obj</name>
      </input_file>
   </input_file_list>
   <object_component_list>
      <object_component id="oc-23">
         <name>.bss</name>
         <uninitialized>true</uninitialized>
         <run_address>0x11834ee0</run_address>
         <size>0x4</size>
         <input_file_ref idref="fl-3"/>
      </object_component>
      <object_component id="oc-2d">
         <name>.bss</name>
         <uninitialized>true</uninitialized>
         <run_address>0x11834eb4</run_address>
         <size>0x2a</size>
         <input_file_ref idref="fl-5"/>
      </object_component>
      <object_component id="oc-2f">
         <name>.cinit</name>
         <load_address>0x11834c40</load_address>
         <run_address>0x11834c40</run_address>
         <size>0x14a</size>
         <input_file_ref idref="fl-5"/>
      </object_component>
      <object_component id="oc-47">
         <name>.cinit</name>
         <load_address>0x11834d90</load_address>
         <run_address>0x11834d90</run_address>
         <size>0x48</size>
         <input_file_ref idref="fl-e"/>
      </object_component>
      <object_component id="oc-6e">
         <name>.cinit</name>
         <load_address>0x11834dd8</load_address>
         <run_address>0x11834dd8</run_address>
         <size>0x48</size>
         <input_file_ref idref="fl-19"/>
      </object_component>
      <object_component id="oc-5a">
         <name>.cinit</name>
         <load_address>0x11834e20</load_address>
         <run_address>0x11834e20</run_address>
         <size>0x40</size>
         <input_file_ref idref="fl-13"/>
      </object_component>
      <object_component id="oc-55">
         <name>.cinit</name>
         <load_address>0x11834e60</load_address>
         <run_address>0x11834e60</run_address>
         <size>0x2c</size>
         <input_file_ref idref="fl-12"/>
      </object_component>
      <object_component id="oc-25">
         <name>.cinit</name>
         <load_address>0x11834e90</load_address>
         <run_address>0x11834e90</run_address>
         <size>0xc</size>
         <input_file_ref idref="fl-3"/>
      </object_component>
      <object_component id="oc-82">
         <name>.cinit</name>
         <load_address>0x11834ea0</load_address>
         <run_address>0x11834ea0</run_address>
         <size>0xc</size>
         <input_file_ref idref="fl-1f"/>
      </object_component>
      <object_component id="oc-a5">
         <name>.const:_inputFramesMaker</name>
         <load_address>0x11800200</load_address>
         <run_address>0x11800200</run_address>
         <size>0x83e8</size>
         <input_file_ref idref="fl-5"/>
      </object_component>
      <object_component id="oc-93">
         <name>.const:_filterMaker</name>
         <load_address>0x118085e8</load_address>
         <run_address>0x118085e8</run_address>
         <size>0x5454</size>
         <input_file_ref idref="fl-5"/>
      </object_component>
      <object_component id="oc-a4">
         <name>.const:_X</name>
         <load_address>0x1180da40</load_address>
         <run_address>0x1180da40</run_address>
         <size>0x3480</size>
         <input_file_ref idref="fl-5"/>
      </object_component>
      <object_component id="oc-94">
         <name>.const:_xW1</name>
         <load_address>0x11810ec0</load_address>
         <run_address>0x11810ec0</run_address>
         <size>0x3480</size>
         <input_file_ref idref="fl-5"/>
      </object_component>
      <object_component id="oc-97">
         <name>.const:_xU1</name>
         <load_address>0x11814340</load_address>
         <run_address>0x11814340</run_address>
         <size>0x1900</size>
         <input_file_ref idref="fl-5"/>
      </object_component>
      <object_component id="oc-98">
         <name>.const:_xU2</name>
         <load_address>0x11815c40</load_address>
         <run_address>0x11815c40</run_address>
         <size>0x1900</size>
         <input_file_ref idref="fl-5"/>
      </object_component>
      <object_component id="oc-99">
         <name>.const:_xU3</name>
         <load_address>0x11817540</load_address>
         <run_address>0x11817540</run_address>
         <size>0x1900</size>
         <input_file_ref idref="fl-5"/>
      </object_component>
      <object_component id="oc-95">
         <name>.const:_xW2</name>
         <load_address>0x11818e40</load_address>
         <run_address>0x11818e40</run_address>
         <size>0x1900</size>
         <input_file_ref idref="fl-5"/>
      </object_component>
      <object_component id="oc-96">
         <name>.const:_xW3</name>
         <load_address>0x1181a740</load_address>
         <run_address>0x1181a740</run_address>
         <size>0x1900</size>
         <input_file_ref idref="fl-5"/>
      </object_component>
      <object_component id="oc-9d">
         <name>.const:_xVo</name>
         <load_address>0x1181c040</load_address>
         <run_address>0x1181c040</run_address>
         <size>0x820</size>
         <input_file_ref idref="fl-5"/>
      </object_component>
      <object_component id="oc-9a">
         <name>.const:_xb1</name>
         <load_address>0x1181c860</load_address>
         <run_address>0x1181c860</run_address>
         <size>0x140</size>
         <input_file_ref idref="fl-5"/>
      </object_component>
      <object_component id="oc-9b">
         <name>.const:_xb2</name>
         <load_address>0x1181c9a0</load_address>
         <run_address>0x1181c9a0</run_address>
         <size>0x140</size>
         <input_file_ref idref="fl-5"/>
      </object_component>
      <object_component id="oc-9c">
         <name>.const:_xb3</name>
         <load_address>0x1181cae0</load_address>
         <run_address>0x1181cae0</run_address>
         <size>0x140</size>
         <input_file_ref idref="fl-5"/>
      </object_component>
      <object_component id="oc-9e">
         <name>.const:_xVb</name>
         <load_address>0x1181cc20</load_address>
         <run_address>0x1181cc20</run_address>
         <size>0x68</size>
         <input_file_ref idref="fl-5"/>
      </object_component>
      <object_component id="oc-43">
         <name>.stack</name>
         <uninitialized>true</uninitialized>
         <run_address>0x11834840</run_address>
         <size>0x8</size>
         <input_file_ref idref="fl-d"/>
      </object_component>
      <object_component id="oc-cf">
         <name>.stack</name>
         <uninitialized>true</uninitialized>
         <run_address>0x11834840</run_address>
         <size>0x0</size>
      </object_component>
      <object_component id="oc-8f">
         <name>.text</name>
         <load_address>0x11830340</load_address>
         <run_address>0x11830340</run_address>
         <size>0x1de0</size>
         <input_file_ref idref="fl-5"/>
      </object_component>
      <object_component id="oc-8b">
         <name>.text</name>
         <load_address>0x11832120</load_address>
         <run_address>0x11832120</run_address>
         <size>0xdc0</size>
         <input_file_ref idref="fl-3"/>
      </object_component>
      <object_component id="oc-a1">
         <name>.text:__divd</name>
         <load_address>0x11832ee0</load_address>
         <run_address>0x11832ee0</run_address>
         <size>0x5a0</size>
         <input_file_ref idref="fl-f"/>
      </object_component>
      <object_component id="oc-a2">
         <name>.text:_cos</name>
         <load_address>0x11833480</load_address>
         <run_address>0x11833480</run_address>
         <size>0x2e0</size>
         <input_file_ref idref="fl-e"/>
      </object_component>
      <object_component id="oc-a0">
         <name>.text:__divf</name>
         <load_address>0x11833760</load_address>
         <run_address>0x11833760</run_address>
         <size>0x280</size>
         <input_file_ref idref="fl-10"/>
      </object_component>
      <object_component id="oc-a3">
         <name>.text:_sin</name>
         <load_address>0x118339e0</load_address>
         <run_address>0x118339e0</run_address>
         <size>0x280</size>
         <input_file_ref idref="fl-19"/>
      </object_component>
      <object_component id="oc-1f">
         <name>.text:retain</name>
         <load_address>0x11833c60</load_address>
         <run_address>0x11833c60</run_address>
         <size>0x200</size>
         <input_file_ref idref="fl-2"/>
      </object_component>
      <object_component id="oc-9f">
         <name>.text:_exp</name>
         <load_address>0x11833e60</load_address>
         <run_address>0x11833e60</run_address>
         <size>0x1e0</size>
         <input_file_ref idref="fl-13"/>
      </object_component>
      <object_component id="oc-a7">
         <name>.text:_ldexp</name>
         <load_address>0x11834040</load_address>
         <run_address>0x11834040</run_address>
         <size>0x160</size>
         <input_file_ref idref="fl-15"/>
      </object_component>
      <object_component id="oc-88">
         <name>.text:__auto_init</name>
         <load_address>0x118341a0</load_address>
         <run_address>0x118341a0</run_address>
         <size>0xc0</size>
         <input_file_ref idref="fl-1c"/>
      </object_component>
      <object_component id="oc-92">
         <name>.text:__divu</name>
         <load_address>0x11834260</load_address>
         <run_address>0x11834260</run_address>
         <size>0xc0</size>
         <input_file_ref idref="fl-11"/>
      </object_component>
      <object_component id="oc-8a">
         <name>.text:_exit</name>
         <load_address>0x11834320</load_address>
         <run_address>0x11834320</run_address>
         <size>0xc0</size>
         <input_file_ref idref="fl-12"/>
      </object_component>
      <object_component id="oc-aa">
         <name>.text:__nround</name>
         <load_address>0x118343e0</load_address>
         <run_address>0x118343e0</run_address>
         <size>0xa0</size>
         <input_file_ref idref="fl-18"/>
      </object_component>
      <object_component id="oc-8c">
         <name>.text:_copy_in</name>
         <load_address>0x11834480</load_address>
         <run_address>0x11834480</run_address>
         <size>0xa0</size>
         <input_file_ref idref="fl-1e"/>
      </object_component>
      <object_component id="oc-8d">
         <name>.text:_memcpy</name>
         <load_address>0x11834520</load_address>
         <run_address>0x11834520</run_address>
         <size>0xa0</size>
         <input_file_ref idref="fl-20"/>
      </object_component>
      <object_component id="oc-ab">
         <name>.text:_modf</name>
         <load_address>0x118345c0</load_address>
         <run_address>0x118345c0</run_address>
         <size>0xa0</size>
         <input_file_ref idref="fl-17"/>
      </object_component>
      <object_component id="oc-1c">
         <name>.text:_c_int00</name>
         <load_address>0x11834660</load_address>
         <run_address>0x11834660</run_address>
         <size>0x80</size>
         <input_file_ref idref="fl-d"/>
      </object_component>
      <object_component id="oc-8e">
         <name>.text:___TI_cpp_init</name>
         <load_address>0x118346e0</load_address>
         <run_address>0x118346e0</run_address>
         <size>0x60</size>
         <input_file_ref idref="fl-1d"/>
      </object_component>
      <object_component id="oc-89">
         <name>.text:__args_main</name>
         <load_address>0x11834740</load_address>
         <run_address>0x11834740</run_address>
         <size>0x40</size>
         <input_file_ref idref="fl-1b"/>
      </object_component>
      <object_component id="oc-a9">
         <name>.text:__frcmpyd_div</name>
         <load_address>0x11834780</load_address>
         <run_address>0x11834780</run_address>
         <size>0x40</size>
         <input_file_ref idref="fl-14"/>
      </object_component>
      <object_component id="oc-a8">
         <name>.text:__llshru</name>
         <load_address>0x118347c0</load_address>
         <run_address>0x118347c0</run_address>
         <size>0x40</size>
         <input_file_ref idref="fl-16"/>
      </object_component>
      <object_component id="oc-a6">
         <name>.text:__trunc</name>
         <load_address>0x11834800</load_address>
         <run_address>0x11834800</run_address>
         <size>0x20</size>
         <input_file_ref idref="fl-1a"/>
      </object_component>
      <object_component id="oc-90">
         <name>.text:_abort</name>
         <load_address>0x11834820</load_address>
         <run_address>0x11834820</run_address>
         <size>0x20</size>
         <input_file_ref idref="fl-12"/>
      </object_component>
      <object_component id="oc-91">
         <name>.switch:_SetSampleRate_AIC3106</name>
         <load_address>0x11830328</load_address>
         <run_address>0x11830328</run_address>
         <size>0x18</size>
         <input_file_ref idref="fl-3"/>
      </object_component>
      <object_component id="oc-1e">
         <name>.far</name>
         <uninitialized>true</uninitialized>
         <run_address>0x1183031c</run_address>
         <size>0x8</size>
         <input_file_ref idref="fl-2"/>
      </object_component>
      <object_component id="oc-30">
         <name>.far</name>
         <uninitialized>true</uninitialized>
         <run_address>0x1181cc88</run_address>
         <size>0x135d8</size>
         <input_file_ref idref="fl-5"/>
      </object_component>
      <object_component id="oc-48">
         <name>.far</name>
         <uninitialized>true</uninitialized>
         <run_address>0x11830260</run_address>
         <size>0x40</size>
         <input_file_ref idref="fl-e"/>
      </object_component>
      <object_component id="oc-56">
         <name>.far</name>
         <uninitialized>true</uninitialized>
         <run_address>0x11830310</run_address>
         <size>0xc</size>
         <input_file_ref idref="fl-12"/>
      </object_component>
      <object_component id="oc-5b">
         <name>.far</name>
         <uninitialized>true</uninitialized>
         <run_address>0x118302e0</run_address>
         <size>0x30</size>
         <input_file_ref idref="fl-13"/>
      </object_component>
      <object_component id="oc-6f">
         <name>.far</name>
         <uninitialized>true</uninitialized>
         <run_address>0x118302a0</run_address>
         <size>0x40</size>
         <input_file_ref idref="fl-19"/>
      </object_component>
      <object_component id="oc-83">
         <name>.far</name>
         <uninitialized>true</uninitialized>
         <run_address>0x11830324</run_address>
         <size>0x4</size>
         <input_file_ref idref="fl-1f"/>
      </object_component>
      <object_component id="oc-32">
         <name>.w1</name>
         <uninitialized>true</uninitialized>
         <run_address>0xc00128d8</run_address>
         <size>0x3480</size>
         <input_file_ref idref="fl-5"/>
      </object_component>
      <object_component id="oc-33">
         <name>.w2</name>
         <uninitialized>true</uninitialized>
         <run_address>0xc001a858</run_address>
         <size>0x1900</size>
         <input_file_ref idref="fl-5"/>
      </object_component>
      <object_component id="oc-34">
         <name>.w3</name>
         <uninitialized>true</uninitialized>
         <run_address>0xc001c158</run_address>
         <size>0x1900</size>
         <input_file_ref idref="fl-5"/>
      </object_component>
      <object_component id="oc-35">
         <name>.u1</name>
         <uninitialized>true</uninitialized>
         <run_address>0xc0015d58</run_address>
         <size>0x1900</size>
         <input_file_ref idref="fl-5"/>
      </object_component>
      <object_component id="oc-36">
         <name>.u2</name>
         <uninitialized>true</uninitialized>
         <run_address>0xc0017658</run_address>
         <size>0x1900</size>
         <input_file_ref idref="fl-5"/>
      </object_component>
      <object_component id="oc-37">
         <name>.u3</name>
         <uninitialized>true</uninitialized>
         <run_address>0xc0018f58</run_address>
         <size>0x1900</size>
         <input_file_ref idref="fl-5"/>
      </object_component>
      <object_component id="oc-38">
         <name>.b1</name>
         <uninitialized>true</uninitialized>
         <run_address>0xc001e278</run_address>
         <size>0x140</size>
         <input_file_ref idref="fl-5"/>
      </object_component>
      <object_component id="oc-39">
         <name>.b2</name>
         <uninitialized>true</uninitialized>
         <run_address>0xc001e3b8</run_address>
         <size>0x140</size>
         <input_file_ref idref="fl-5"/>
      </object_component>
      <object_component id="oc-3a">
         <name>.b3</name>
         <uninitialized>true</uninitialized>
         <run_address>0xc001e4f8</run_address>
         <size>0x140</size>
         <input_file_ref idref="fl-5"/>
      </object_component>
      <object_component id="oc-3b">
         <name>.vo</name>
         <uninitialized>true</uninitialized>
         <run_address>0xc001da58</run_address>
         <size>0x820</size>
         <input_file_ref idref="fl-5"/>
      </object_component>
      <object_component id="oc-3c">
         <name>.vb</name>
         <uninitialized>true</uninitialized>
         <run_address>0xc001e638</run_address>
         <size>0x68</size>
         <input_file_ref idref="fl-5"/>
      </object_component>
      <object_component id="oc-31">
         <name>.flt</name>
         <uninitialized>true</uninitialized>
         <run_address>0xc0008340</run_address>
         <size>0x5454</size>
         <input_file_ref idref="fl-5"/>
      </object_component>
      <object_component id="oc-3e">
         <name>.input</name>
         <uninitialized>true</uninitialized>
         <run_address>0xc0000000</run_address>
         <size>0x8340</size>
         <input_file_ref idref="fl-5"/>
      </object_component>
      <object_component id="oc-3d">
         <name>.output</name>
         <uninitialized>true</uninitialized>
         <run_address>0xc000d798</run_address>
         <size>0x5140</size>
         <input_file_ref idref="fl-5"/>
      </object_component>
      <object_component id="oc-1d">
         <name>.debug_info</name>
         <load_address>0x0</load_address>
         <run_address>0x0</run_address>
         <size>0x771</size>
         <input_file_ref idref="fl-2"/>
      </object_component>
      <object_component id="oc-24">
         <name>.debug_info</name>
         <load_address>0x771</load_address>
         <run_address>0x771</run_address>
         <size>0x2b4b</size>
         <input_file_ref idref="fl-3"/>
      </object_component>
      <object_component id="oc-29">
         <name>.debug_info</name>
         <load_address>0x32bc</load_address>
         <run_address>0x32bc</run_address>
         <size>0x5d9</size>
         <input_file_ref idref="fl-4"/>
      </object_component>
      <object_component id="oc-2e">
         <name>.debug_info</name>
         <load_address>0x3895</load_address>
         <run_address>0x3895</run_address>
         <size>0x3a6c</size>
         <input_file_ref idref="fl-5"/>
      </object_component>
      <object_component id="oc-42">
         <name>.debug_info</name>
         <load_address>0x7301</load_address>
         <run_address>0x7301</run_address>
         <size>0x6f3</size>
         <input_file_ref idref="fl-d"/>
      </object_component>
      <object_component id="oc-46">
         <name>.debug_info</name>
         <load_address>0x79f4</load_address>
         <run_address>0x79f4</run_address>
         <size>0x6e5</size>
         <input_file_ref idref="fl-e"/>
      </object_component>
      <object_component id="oc-4b">
         <name>.debug_info</name>
         <load_address>0x80d9</load_address>
         <run_address>0x80d9</run_address>
         <size>0x96b</size>
         <input_file_ref idref="fl-f"/>
      </object_component>
      <object_component id="oc-4e">
         <name>.debug_info</name>
         <load_address>0x8a44</load_address>
         <run_address>0x8a44</run_address>
         <size>0x8b6</size>
         <input_file_ref idref="fl-10"/>
      </object_component>
      <object_component id="oc-51">
         <name>.debug_info</name>
         <load_address>0x92fa</load_address>
         <run_address>0x92fa</run_address>
         <size>0xbc</size>
         <input_file_ref idref="fl-11"/>
      </object_component>
      <object_component id="oc-54">
         <name>.debug_info</name>
         <load_address>0x93b6</load_address>
         <run_address>0x93b6</run_address>
         <size>0x7c0</size>
         <input_file_ref idref="fl-12"/>
      </object_component>
      <object_component id="oc-59">
         <name>.debug_info</name>
         <load_address>0x9b76</load_address>
         <run_address>0x9b76</run_address>
         <size>0x675</size>
         <input_file_ref idref="fl-13"/>
      </object_component>
      <object_component id="oc-5e">
         <name>.debug_info</name>
         <load_address>0xa1eb</load_address>
         <run_address>0xa1eb</run_address>
         <size>0x654</size>
         <input_file_ref idref="fl-14"/>
      </object_component>
      <object_component id="oc-61">
         <name>.debug_info</name>
         <load_address>0xa83f</load_address>
         <run_address>0xa83f</run_address>
         <size>0x67f</size>
         <input_file_ref idref="fl-15"/>
      </object_component>
      <object_component id="oc-64">
         <name>.debug_info</name>
         <load_address>0xaebe</load_address>
         <run_address>0xaebe</run_address>
         <size>0x673</size>
         <input_file_ref idref="fl-16"/>
      </object_component>
      <object_component id="oc-67">
         <name>.debug_info</name>
         <load_address>0xb531</load_address>
         <run_address>0xb531</run_address>
         <size>0x668</size>
         <input_file_ref idref="fl-17"/>
      </object_component>
      <object_component id="oc-6a">
         <name>.debug_info</name>
         <load_address>0xbb99</load_address>
         <run_address>0xbb99</run_address>
         <size>0x63b</size>
         <input_file_ref idref="fl-18"/>
      </object_component>
      <object_component id="oc-6d">
         <name>.debug_info</name>
         <load_address>0xc1d4</load_address>
         <run_address>0xc1d4</run_address>
         <size>0x6e5</size>
         <input_file_ref idref="fl-19"/>
      </object_component>
      <object_component id="oc-72">
         <name>.debug_info</name>
         <load_address>0xc8b9</load_address>
         <run_address>0xc8b9</run_address>
         <size>0x639</size>
         <input_file_ref idref="fl-1a"/>
      </object_component>
      <object_component id="oc-75">
         <name>.debug_info</name>
         <load_address>0xcef2</load_address>
         <run_address>0xcef2</run_address>
         <size>0x6c9</size>
         <input_file_ref idref="fl-1b"/>
      </object_component>
      <object_component id="oc-78">
         <name>.debug_info</name>
         <load_address>0xd5bb</load_address>
         <run_address>0xd5bb</run_address>
         <size>0x83f</size>
         <input_file_ref idref="fl-1c"/>
      </object_component>
      <object_component id="oc-7b">
         <name>.debug_info</name>
         <load_address>0xddfa</load_address>
         <run_address>0xddfa</run_address>
         <size>0x6b7</size>
         <input_file_ref idref="fl-1d"/>
      </object_component>
      <object_component id="oc-7e">
         <name>.debug_info</name>
         <load_address>0xe4b1</load_address>
         <run_address>0xe4b1</run_address>
         <size>0x7ad</size>
         <input_file_ref idref="fl-1e"/>
      </object_component>
      <object_component id="oc-81">
         <name>.debug_info</name>
         <load_address>0xec5e</load_address>
         <run_address>0xec5e</run_address>
         <size>0x5ca</size>
         <input_file_ref idref="fl-1f"/>
      </object_component>
      <object_component id="oc-85">
         <name>.debug_info</name>
         <load_address>0xf228</load_address>
         <run_address>0xf228</run_address>
         <size>0xcb</size>
         <input_file_ref idref="fl-20"/>
      </object_component>
      <object_component id="oc-d0">
         <name>.debug_info</name>
         <load_address>0xf2f3</load_address>
         <run_address>0xf2f3</run_address>
         <size>0x6e</size>
      </object_component>
      <object_component id="oc-20">
         <name>.debug_frame</name>
         <load_address>0x0</load_address>
         <run_address>0x0</run_address>
         <size>0x37e</size>
         <input_file_ref idref="fl-2"/>
      </object_component>
      <object_component id="oc-26">
         <name>.debug_frame</name>
         <load_address>0x37e</load_address>
         <run_address>0x37e</run_address>
         <size>0x57a</size>
         <input_file_ref idref="fl-3"/>
      </object_component>
      <object_component id="oc-2a">
         <name>.debug_frame</name>
         <load_address>0x8f8</load_address>
         <run_address>0x8f8</run_address>
         <size>0x23f</size>
         <input_file_ref idref="fl-4"/>
      </object_component>
      <object_component id="oc-3f">
         <name>.debug_frame</name>
         <load_address>0xb37</load_address>
         <run_address>0xb37</run_address>
         <size>0x4cc</size>
         <input_file_ref idref="fl-5"/>
      </object_component>
      <object_component id="oc-21">
         <name>.debug_line</name>
         <load_address>0x0</load_address>
         <run_address>0x0</run_address>
         <size>0x4c</size>
         <input_file_ref idref="fl-2"/>
      </object_component>
      <object_component id="oc-27">
         <name>.debug_line</name>
         <load_address>0x4c</load_address>
         <run_address>0x4c</run_address>
         <size>0x64c</size>
         <input_file_ref idref="fl-3"/>
      </object_component>
      <object_component id="oc-2b">
         <name>.debug_line</name>
         <load_address>0x698</load_address>
         <run_address>0x698</run_address>
         <size>0x2a</size>
         <input_file_ref idref="fl-4"/>
      </object_component>
      <object_component id="oc-40">
         <name>.debug_line</name>
         <load_address>0x6c2</load_address>
         <run_address>0x6c2</run_address>
         <size>0xa39</size>
         <input_file_ref idref="fl-5"/>
      </object_component>
      <object_component id="oc-44">
         <name>.debug_line</name>
         <load_address>0x10fb</load_address>
         <run_address>0x10fb</run_address>
         <size>0x3d</size>
         <input_file_ref idref="fl-d"/>
      </object_component>
      <object_component id="oc-49">
         <name>.debug_line</name>
         <load_address>0x1138</load_address>
         <run_address>0x1138</run_address>
         <size>0x54</size>
         <input_file_ref idref="fl-e"/>
      </object_component>
      <object_component id="oc-4c">
         <name>.debug_line</name>
         <load_address>0x118c</load_address>
         <run_address>0x118c</run_address>
         <size>0x3c</size>
         <input_file_ref idref="fl-f"/>
      </object_component>
      <object_component id="oc-4f">
         <name>.debug_line</name>
         <load_address>0x11c8</load_address>
         <run_address>0x11c8</run_address>
         <size>0x3c</size>
         <input_file_ref idref="fl-10"/>
      </object_component>
      <object_component id="oc-52">
         <name>.debug_line</name>
         <load_address>0x1204</load_address>
         <run_address>0x1204</run_address>
         <size>0x44</size>
         <input_file_ref idref="fl-11"/>
      </object_component>
      <object_component id="oc-57">
         <name>.debug_line</name>
         <load_address>0x1248</load_address>
         <run_address>0x1248</run_address>
         <size>0x4f</size>
         <input_file_ref idref="fl-12"/>
      </object_component>
      <object_component id="oc-5c">
         <name>.debug_line</name>
         <load_address>0x1297</load_address>
         <run_address>0x1297</run_address>
         <size>0x3b</size>
         <input_file_ref idref="fl-13"/>
      </object_component>
      <object_component id="oc-5f">
         <name>.debug_line</name>
         <load_address>0x12d2</load_address>
         <run_address>0x12d2</run_address>
         <size>0x3e</size>
         <input_file_ref idref="fl-14"/>
      </object_component>
      <object_component id="oc-62">
         <name>.debug_line</name>
         <load_address>0x1310</load_address>
         <run_address>0x1310</run_address>
         <size>0x3a</size>
         <input_file_ref idref="fl-15"/>
      </object_component>
      <object_component id="oc-65">
         <name>.debug_line</name>
         <load_address>0x134a</load_address>
         <run_address>0x134a</run_address>
         <size>0x3f</size>
         <input_file_ref idref="fl-16"/>
      </object_component>
      <object_component id="oc-68">
         <name>.debug_line</name>
         <load_address>0x1389</load_address>
         <run_address>0x1389</run_address>
         <size>0x37</size>
         <input_file_ref idref="fl-17"/>
      </object_component>
      <object_component id="oc-6b">
         <name>.debug_line</name>
         <load_address>0x13c0</load_address>
         <run_address>0x13c0</run_address>
         <size>0x38</size>
         <input_file_ref idref="fl-18"/>
      </object_component>
      <object_component id="oc-70">
         <name>.debug_line</name>
         <load_address>0x13f8</load_address>
         <run_address>0x13f8</run_address>
         <size>0x50</size>
         <input_file_ref idref="fl-19"/>
      </object_component>
      <object_component id="oc-73">
         <name>.debug_line</name>
         <load_address>0x1448</load_address>
         <run_address>0x1448</run_address>
         <size>0x38</size>
         <input_file_ref idref="fl-1a"/>
      </object_component>
      <object_component id="oc-76">
         <name>.debug_line</name>
         <load_address>0x1480</load_address>
         <run_address>0x1480</run_address>
         <size>0x3f</size>
         <input_file_ref idref="fl-1b"/>
      </object_component>
      <object_component id="oc-79">
         <name>.debug_line</name>
         <load_address>0x14bf</load_address>
         <run_address>0x14bf</run_address>
         <size>0x49</size>
         <input_file_ref idref="fl-1c"/>
      </object_component>
      <object_component id="oc-7c">
         <name>.debug_line</name>
         <load_address>0x1508</load_address>
         <run_address>0x1508</run_address>
         <size>0x45</size>
         <input_file_ref idref="fl-1d"/>
      </object_component>
      <object_component id="oc-7f">
         <name>.debug_line</name>
         <load_address>0x154d</load_address>
         <run_address>0x154d</run_address>
         <size>0x44</size>
         <input_file_ref idref="fl-1e"/>
      </object_component>
      <object_component id="oc-86">
         <name>.debug_line</name>
         <load_address>0x1591</load_address>
         <run_address>0x1591</run_address>
         <size>0x4a</size>
         <input_file_ref idref="fl-20"/>
      </object_component>
      <object_component id="oc-22">
         <name>.debug_abbrev</name>
         <load_address>0x0</load_address>
         <run_address>0x0</run_address>
         <size>0xea</size>
         <input_file_ref idref="fl-2"/>
      </object_component>
      <object_component id="oc-28">
         <name>.debug_abbrev</name>
         <load_address>0xea</load_address>
         <run_address>0xea</run_address>
         <size>0x1a5</size>
         <input_file_ref idref="fl-3"/>
      </object_component>
      <object_component id="oc-2c">
         <name>.debug_abbrev</name>
         <load_address>0x28f</load_address>
         <run_address>0x28f</run_address>
         <size>0x69</size>
         <input_file_ref idref="fl-4"/>
      </object_component>
      <object_component id="oc-41">
         <name>.debug_abbrev</name>
         <load_address>0x2f8</load_address>
         <run_address>0x2f8</run_address>
         <size>0x1ba</size>
         <input_file_ref idref="fl-5"/>
      </object_component>
      <object_component id="oc-45">
         <name>.debug_abbrev</name>
         <load_address>0x4b2</load_address>
         <run_address>0x4b2</run_address>
         <size>0xfe</size>
         <input_file_ref idref="fl-d"/>
      </object_component>
      <object_component id="oc-4a">
         <name>.debug_abbrev</name>
         <load_address>0x5b0</load_address>
         <run_address>0x5b0</run_address>
         <size>0xcc</size>
         <input_file_ref idref="fl-e"/>
      </object_component>
      <object_component id="oc-4d">
         <name>.debug_abbrev</name>
         <load_address>0x67c</load_address>
         <run_address>0x67c</run_address>
         <size>0xf5</size>
         <input_file_ref idref="fl-f"/>
      </object_component>
      <object_component id="oc-50">
         <name>.debug_abbrev</name>
         <load_address>0x771</load_address>
         <run_address>0x771</run_address>
         <size>0xe7</size>
         <input_file_ref idref="fl-10"/>
      </object_component>
      <object_component id="oc-53">
         <name>.debug_abbrev</name>
         <load_address>0x858</load_address>
         <run_address>0x858</run_address>
         <size>0x3b</size>
         <input_file_ref idref="fl-11"/>
      </object_component>
      <object_component id="oc-58">
         <name>.debug_abbrev</name>
         <load_address>0x893</load_address>
         <run_address>0x893</run_address>
         <size>0x119</size>
         <input_file_ref idref="fl-12"/>
      </object_component>
      <object_component id="oc-5d">
         <name>.debug_abbrev</name>
         <load_address>0x9ac</load_address>
         <run_address>0x9ac</run_address>
         <size>0xb6</size>
         <input_file_ref idref="fl-13"/>
      </object_component>
      <object_component id="oc-60">
         <name>.debug_abbrev</name>
         <load_address>0xa62</load_address>
         <run_address>0xa62</run_address>
         <size>0x8c</size>
         <input_file_ref idref="fl-14"/>
      </object_component>
      <object_component id="oc-63">
         <name>.debug_abbrev</name>
         <load_address>0xaee</load_address>
         <run_address>0xaee</run_address>
         <size>0xa8</size>
         <input_file_ref idref="fl-15"/>
      </object_component>
      <object_component id="oc-66">
         <name>.debug_abbrev</name>
         <load_address>0xb96</load_address>
         <run_address>0xb96</run_address>
         <size>0xa3</size>
         <input_file_ref idref="fl-16"/>
      </object_component>
      <object_component id="oc-69">
         <name>.debug_abbrev</name>
         <load_address>0xc39</load_address>
         <run_address>0xc39</run_address>
         <size>0xa1</size>
         <input_file_ref idref="fl-17"/>
      </object_component>
      <object_component id="oc-6c">
         <name>.debug_abbrev</name>
         <load_address>0xcda</load_address>
         <run_address>0xcda</run_address>
         <size>0xaf</size>
         <input_file_ref idref="fl-18"/>
      </object_component>
      <object_component id="oc-71">
         <name>.debug_abbrev</name>
         <load_address>0xd89</load_address>
         <run_address>0xd89</run_address>
         <size>0xcc</size>
         <input_file_ref idref="fl-19"/>
      </object_component>
      <object_component id="oc-74">
         <name>.debug_abbrev</name>
         <load_address>0xe55</load_address>
         <run_address>0xe55</run_address>
         <size>0xaf</size>
         <input_file_ref idref="fl-1a"/>
      </object_component>
      <object_component id="oc-77">
         <name>.debug_abbrev</name>
         <load_address>0xf04</load_address>
         <run_address>0xf04</run_address>
         <size>0xe1</size>
         <input_file_ref idref="fl-1b"/>
      </object_component>
      <object_component id="oc-7a">
         <name>.debug_abbrev</name>
         <load_address>0xfe5</load_address>
         <run_address>0xfe5</run_address>
         <size>0x13f</size>
         <input_file_ref idref="fl-1c"/>
      </object_component>
      <object_component id="oc-7d">
         <name>.debug_abbrev</name>
         <load_address>0x1124</load_address>
         <run_address>0x1124</run_address>
         <size>0xdd</size>
         <input_file_ref idref="fl-1d"/>
      </object_component>
      <object_component id="oc-80">
         <name>.debug_abbrev</name>
         <load_address>0x1201</load_address>
         <run_address>0x1201</run_address>
         <size>0x10c</size>
         <input_file_ref idref="fl-1e"/>
      </object_component>
      <object_component id="oc-84">
         <name>.debug_abbrev</name>
         <load_address>0x130d</load_address>
         <run_address>0x130d</run_address>
         <size>0x44</size>
         <input_file_ref idref="fl-1f"/>
      </object_component>
      <object_component id="oc-87">
         <name>.debug_abbrev</name>
         <load_address>0x1351</load_address>
         <run_address>0x1351</run_address>
         <size>0x3b</size>
         <input_file_ref idref="fl-20"/>
      </object_component>
      <object_component id="oc-d1">
         <name>.debug_abbrev</name>
         <load_address>0x138c</load_address>
         <run_address>0x138c</run_address>
         <size>0xd</size>
      </object_component>
   </object_component_list>
   <logical_group_list>
      <logical_group id="lg-2">
         <name>vectors</name>
         <run_address>0x0</run_address>
         <size>0x0</size>
         <contents>
         </contents>
      </logical_group>
      <logical_group id="lg-3">
         <name>.bss</name>
         <run_address>0x11834eb4</run_address>
         <size>0x30</size>
         <contents>
            <object_component_ref idref="oc-23"/>
            <object_component_ref idref="oc-2d"/>
         </contents>
      </logical_group>
      <logical_group id="lg-4">
         <name>.cinit</name>
         <load_address>0x11834c40</load_address>
         <run_address>0x11834c40</run_address>
         <size>0x274</size>
         <contents>
            <object_component_ref idref="oc-2f"/>
            <object_component_ref idref="oc-47"/>
            <object_component_ref idref="oc-6e"/>
            <object_component_ref idref="oc-5a"/>
            <object_component_ref idref="oc-55"/>
            <object_component_ref idref="oc-25"/>
            <object_component_ref idref="oc-82"/>
         </contents>
      </logical_group>
      <logical_group id="lg-5">
         <name>.cio</name>
         <run_address>0x0</run_address>
         <size>0x0</size>
         <contents>
         </contents>
      </logical_group>
      <logical_group id="lg-6">
         <name>.const</name>
         <load_address>0x11800200</load_address>
         <run_address>0x11800200</run_address>
         <size>0x1ca88</size>
         <contents>
            <object_component_ref idref="oc-a5"/>
            <object_component_ref idref="oc-93"/>
            <object_component_ref idref="oc-a4"/>
            <object_component_ref idref="oc-94"/>
            <object_component_ref idref="oc-97"/>
            <object_component_ref idref="oc-98"/>
            <object_component_ref idref="oc-99"/>
            <object_component_ref idref="oc-95"/>
            <object_component_ref idref="oc-96"/>
            <object_component_ref idref="oc-9d"/>
            <object_component_ref idref="oc-9a"/>
            <object_component_ref idref="oc-9b"/>
            <object_component_ref idref="oc-9c"/>
            <object_component_ref idref="oc-9e"/>
         </contents>
      </logical_group>
      <logical_group id="lg-7">
         <name>.stack</name>
         <run_address>0x11834840</run_address>
         <size>0x400</size>
         <contents>
            <object_component_ref idref="oc-43"/>
            <object_component_ref idref="oc-cf"/>
         </contents>
      </logical_group>
      <logical_group id="lg-8">
         <name>.sysmem</name>
         <run_address>0x0</run_address>
         <size>0x0</size>
         <contents>
         </contents>
      </logical_group>
      <logical_group id="lg-9">
         <name>.text</name>
         <load_address>0x11830340</load_address>
         <run_address>0x11830340</run_address>
         <size>0x4500</size>
         <contents>
            <object_component_ref idref="oc-8f"/>
            <object_component_ref idref="oc-8b"/>
            <object_component_ref idref="oc-a1"/>
            <object_component_ref idref="oc-a2"/>
            <object_component_ref idref="oc-a0"/>
            <object_component_ref idref="oc-a3"/>
            <object_component_ref idref="oc-1f"/>
            <object_component_ref idref="oc-9f"/>
            <object_component_ref idref="oc-a7"/>
            <object_component_ref idref="oc-88"/>
            <object_component_ref idref="oc-92"/>
            <object_component_ref idref="oc-8a"/>
            <object_component_ref idref="oc-aa"/>
            <object_component_ref idref="oc-8c"/>
            <object_component_ref idref="oc-8d"/>
            <object_component_ref idref="oc-ab"/>
            <object_component_ref idref="oc-1c"/>
            <object_component_ref idref="oc-8e"/>
            <object_component_ref idref="oc-89"/>
            <object_component_ref idref="oc-a9"/>
            <object_component_ref idref="oc-a8"/>
            <object_component_ref idref="oc-a6"/>
            <object_component_ref idref="oc-90"/>
         </contents>
      </logical_group>
      <logical_group id="lg-a">
         <name>.switch</name>
         <load_address>0x11830328</load_address>
         <run_address>0x11830328</run_address>
         <size>0x18</size>
         <contents>
            <object_component_ref idref="oc-91"/>
         </contents>
      </logical_group>
      <logical_group id="lg-b">
         <name>.far</name>
         <run_address>0x1181cc88</run_address>
         <size>0x136a0</size>
         <contents>
            <object_component_ref idref="oc-1e"/>
            <object_component_ref idref="oc-30"/>
            <object_component_ref idref="oc-48"/>
            <object_component_ref idref="oc-56"/>
            <object_component_ref idref="oc-5b"/>
            <object_component_ref idref="oc-6f"/>
            <object_component_ref idref="oc-83"/>
         </contents>
      </logical_group>
      <logical_group id="lg-c">
         <name>SHARED_SRAM</name>
         <run_address>0x0</run_address>
         <size>0x0</size>
         <contents>
         </contents>
      </logical_group>
      <logical_group id="lg-d">
         <name>CE0</name>
         <run_address>0x0</run_address>
         <size>0x0</size>
         <contents>
         </contents>
      </logical_group>
      <logical_group id="lg-e">
         <name>.w1</name>
         <run_address>0xc00128d8</run_address>
         <size>0x3480</size>
         <contents>
            <object_component_ref idref="oc-32"/>
         </contents>
      </logical_group>
      <logical_group id="lg-f">
         <name>.w2</name>
         <run_address>0xc001a858</run_address>
         <size>0x1900</size>
         <contents>
            <object_component_ref idref="oc-33"/>
         </contents>
      </logical_group>
      <logical_group id="lg-10">
         <name>.w3</name>
         <run_address>0xc001c158</run_address>
         <size>0x1900</size>
         <contents>
            <object_component_ref idref="oc-34"/>
         </contents>
      </logical_group>
      <logical_group id="lg-11">
         <name>.u1</name>
         <run_address>0xc0015d58</run_address>
         <size>0x1900</size>
         <contents>
            <object_component_ref idref="oc-35"/>
         </contents>
      </logical_group>
      <logical_group id="lg-12">
         <name>.u2</name>
         <run_address>0xc0017658</run_address>
         <size>0x1900</size>
         <contents>
            <object_component_ref idref="oc-36"/>
         </contents>
      </logical_group>
      <logical_group id="lg-13">
         <name>.u3</name>
         <run_address>0xc0018f58</run_address>
         <size>0x1900</size>
         <contents>
            <object_component_ref idref="oc-37"/>
         </contents>
      </logical_group>
      <logical_group id="lg-14">
         <name>.b1</name>
         <run_address>0xc001e278</run_address>
         <size>0x140</size>
         <contents>
            <object_component_ref idref="oc-38"/>
         </contents>
      </logical_group>
      <logical_group id="lg-15">
         <name>.b2</name>
         <run_address>0xc001e3b8</run_address>
         <size>0x140</size>
         <contents>
            <object_component_ref idref="oc-39"/>
         </contents>
      </logical_group>
      <logical_group id="lg-16">
         <name>.b3</name>
         <run_address>0xc001e4f8</run_address>
         <size>0x140</size>
         <contents>
            <object_component_ref idref="oc-3a"/>
         </contents>
      </logical_group>
      <logical_group id="lg-17">
         <name>.vo</name>
         <run_address>0xc001da58</run_address>
         <size>0x820</size>
         <contents>
            <object_component_ref idref="oc-3b"/>
         </contents>
      </logical_group>
      <logical_group id="lg-18">
         <name>.vb</name>
         <run_address>0xc001e638</run_address>
         <size>0x68</size>
         <contents>
            <object_component_ref idref="oc-3c"/>
         </contents>
      </logical_group>
      <logical_group id="lg-19">
         <name>.flt</name>
         <run_address>0xc0008340</run_address>
         <size>0x5454</size>
         <contents>
            <object_component_ref idref="oc-31"/>
         </contents>
      </logical_group>
      <logical_group id="lg-1a">
         <name>.input</name>
         <run_address>0xc0000000</run_address>
         <size>0x8340</size>
         <contents>
            <object_component_ref idref="oc-3e"/>
         </contents>
      </logical_group>
      <logical_group id="lg-1b">
         <name>.output</name>
         <run_address>0xc000d798</run_address>
         <size>0x5140</size>
         <contents>
            <object_component_ref idref="oc-3d"/>
         </contents>
      </logical_group>
      <logical_group id="lg-c6">
         <name>.debug_info</name>
         <load_address>0x0</load_address>
         <run_address>0x0</run_address>
         <size>0xf361</size>
         <contents>
            <object_component_ref idref="oc-1d"/>
            <object_component_ref idref="oc-24"/>
            <object_component_ref idref="oc-29"/>
            <object_component_ref idref="oc-2e"/>
            <object_component_ref idref="oc-42"/>
            <object_component_ref idref="oc-46"/>
            <object_component_ref idref="oc-4b"/>
            <object_component_ref idref="oc-4e"/>
            <object_component_ref idref="oc-51"/>
            <object_component_ref idref="oc-54"/>
            <object_component_ref idref="oc-59"/>
            <object_component_ref idref="oc-5e"/>
            <object_component_ref idref="oc-61"/>
            <object_component_ref idref="oc-64"/>
            <object_component_ref idref="oc-67"/>
            <object_component_ref idref="oc-6a"/>
            <object_component_ref idref="oc-6d"/>
            <object_component_ref idref="oc-72"/>
            <object_component_ref idref="oc-75"/>
            <object_component_ref idref="oc-78"/>
            <object_component_ref idref="oc-7b"/>
            <object_component_ref idref="oc-7e"/>
            <object_component_ref idref="oc-81"/>
            <object_component_ref idref="oc-85"/>
            <object_component_ref idref="oc-d0"/>
         </contents>
      </logical_group>
      <logical_group id="lg-c8">
         <name>.debug_frame</name>
         <load_address>0x0</load_address>
         <run_address>0x0</run_address>
         <size>0x1003</size>
         <contents>
            <object_component_ref idref="oc-20"/>
            <object_component_ref idref="oc-26"/>
            <object_component_ref idref="oc-2a"/>
            <object_component_ref idref="oc-3f"/>
         </contents>
      </logical_group>
      <logical_group id="lg-ca">
         <name>.debug_line</name>
         <load_address>0x0</load_address>
         <run_address>0x0</run_address>
         <size>0x15db</size>
         <contents>
            <object_component_ref idref="oc-21"/>
            <object_component_ref idref="oc-27"/>
            <object_component_ref idref="oc-2b"/>
            <object_component_ref idref="oc-40"/>
            <object_component_ref idref="oc-44"/>
            <object_component_ref idref="oc-49"/>
            <object_component_ref idref="oc-4c"/>
            <object_component_ref idref="oc-4f"/>
            <object_component_ref idref="oc-52"/>
            <object_component_ref idref="oc-57"/>
            <object_component_ref idref="oc-5c"/>
            <object_component_ref idref="oc-5f"/>
            <object_component_ref idref="oc-62"/>
            <object_component_ref idref="oc-65"/>
            <object_component_ref idref="oc-68"/>
            <object_component_ref idref="oc-6b"/>
            <object_component_ref idref="oc-70"/>
            <object_component_ref idref="oc-73"/>
            <object_component_ref idref="oc-76"/>
            <object_component_ref idref="oc-79"/>
            <object_component_ref idref="oc-7c"/>
            <object_component_ref idref="oc-7f"/>
            <object_component_ref idref="oc-86"/>
         </contents>
      </logical_group>
      <logical_group id="lg-cc">
         <name>.debug_abbrev</name>
         <load_address>0x0</load_address>
         <run_address>0x0</run_address>
         <size>0x1399</size>
         <contents>
            <object_component_ref idref="oc-22"/>
            <object_component_ref idref="oc-28"/>
            <object_component_ref idref="oc-2c"/>
            <object_component_ref idref="oc-41"/>
            <object_component_ref idref="oc-45"/>
            <object_component_ref idref="oc-4a"/>
            <object_component_ref idref="oc-4d"/>
            <object_component_ref idref="oc-50"/>
            <object_component_ref idref="oc-53"/>
            <object_component_ref idref="oc-58"/>
            <object_component_ref idref="oc-5d"/>
            <object_component_ref idref="oc-60"/>
            <object_component_ref idref="oc-63"/>
            <object_component_ref idref="oc-66"/>
            <object_component_ref idref="oc-69"/>
            <object_component_ref idref="oc-6c"/>
            <object_component_ref idref="oc-71"/>
            <object_component_ref idref="oc-74"/>
            <object_component_ref idref="oc-77"/>
            <object_component_ref idref="oc-7a"/>
            <object_component_ref idref="oc-7d"/>
            <object_component_ref idref="oc-80"/>
            <object_component_ref idref="oc-84"/>
            <object_component_ref idref="oc-87"/>
            <object_component_ref idref="oc-d1"/>
         </contents>
      </logical_group>
   </logical_group_list>
   <placement_map>
      <memory_area>
         <name>VECTORS</name>
         <page_id>0x0</page_id>
         <origin>0x11800000</origin>
         <length>0x200</length>
         <used_space>0x0</used_space>
         <unused_space>0x200</unused_space>
         <attributes>RWIX</attributes>
         <usage_details>
         </usage_details>
      </memory_area>
      <memory_area>
         <name>DSPRAM</name>
         <page_id>0x0</page_id>
         <origin>0x11800200</origin>
         <length>0x3fe00</length>
         <used_space>0x34ce4</used_space>
         <unused_space>0xb11c</unused_space>
         <attributes>RWIX</attributes>
         <usage_details>
            <allocated_space>
               <start_address>0x11800200</start_address>
               <size>0x1ca88</size>
               <logical_group_ref idref="lg-6"/>
            </allocated_space>
            <allocated_space>
               <start_address>0x1181cc88</start_address>
               <size>0x136a0</size>
               <logical_group_ref idref="lg-b"/>
            </allocated_space>
            <allocated_space>
               <start_address>0x11830328</start_address>
               <size>0x18</size>
               <logical_group_ref idref="lg-a"/>
            </allocated_space>
            <allocated_space>
               <start_address>0x11830340</start_address>
               <size>0x4500</size>
               <logical_group_ref idref="lg-9"/>
            </allocated_space>
            <allocated_space>
               <start_address>0x11834840</start_address>
               <size>0x400</size>
               <logical_group_ref idref="lg-7"/>
            </allocated_space>
            <allocated_space>
               <start_address>0x11834c40</start_address>
               <size>0x274</size>
               <logical_group_ref idref="lg-4"/>
            </allocated_space>
            <allocated_space>
               <start_address>0x11834eb4</start_address>
               <size>0x30</size>
               <logical_group_ref idref="lg-3"/>
            </allocated_space>
            <available_space>
               <start_address>0x11834ee4</start_address>
               <size>0xb11c</size>
            </available_space>
         </usage_details>
      </memory_area>
      <memory_area>
         <name>SHAREDRAM</name>
         <page_id>0x0</page_id>
         <origin>0x80000000</origin>
         <length>0x20000</length>
         <used_space>0x0</used_space>
         <unused_space>0x20000</unused_space>
         <attributes>RWIX</attributes>
         <usage_details>
         </usage_details>
      </memory_area>
      <memory_area>
         <name>SDRAM</name>
         <page_id>0x0</page_id>
         <origin>0xc0000000</origin>
         <length>0x8000000</length>
         <used_space>0x1e69c</used_space>
         <unused_space>0x7fe1964</unused_space>
         <attributes>RWIX</attributes>
         <usage_details>
            <allocated_space>
               <start_address>0xc0000000</start_address>
               <size>0x8340</size>
               <logical_group_ref idref="lg-1a"/>
            </allocated_space>
            <allocated_space>
               <start_address>0xc0008340</start_address>
               <size>0x5454</size>
               <logical_group_ref idref="lg-19"/>
            </allocated_space>
            <available_space>
               <start_address>0xc000d794</start_address>
               <size>0x4</size>
            </available_space>
            <allocated_space>
               <start_address>0xc000d798</start_address>
               <size>0x5140</size>
               <logical_group_ref idref="lg-1b"/>
            </allocated_space>
            <allocated_space>
               <start_address>0xc00128d8</start_address>
               <size>0x3480</size>
               <logical_group_ref idref="lg-e"/>
            </allocated_space>
            <allocated_space>
               <start_address>0xc0015d58</start_address>
               <size>0x1900</size>
               <logical_group_ref idref="lg-11"/>
            </allocated_space>
            <allocated_space>
               <start_address>0xc0017658</start_address>
               <size>0x1900</size>
               <logical_group_ref idref="lg-12"/>
            </allocated_space>
            <allocated_space>
               <start_address>0xc0018f58</start_address>
               <size>0x1900</size>
               <logical_group_ref idref="lg-13"/>
            </allocated_space>
            <allocated_space>
               <start_address>0xc001a858</start_address>
               <size>0x1900</size>
               <logical_group_ref idref="lg-f"/>
            </allocated_space>
            <allocated_space>
               <start_address>0xc001c158</start_address>
               <size>0x1900</size>
               <logical_group_ref idref="lg-10"/>
            </allocated_space>
            <allocated_space>
               <start_address>0xc001da58</start_address>
               <size>0x820</size>
               <logical_group_ref idref="lg-17"/>
            </allocated_space>
            <allocated_space>
               <start_address>0xc001e278</start_address>
               <size>0x140</size>
               <logical_group_ref idref="lg-14"/>
            </allocated_space>
            <allocated_space>
               <start_address>0xc001e3b8</start_address>
               <size>0x140</size>
               <logical_group_ref idref="lg-15"/>
            </allocated_space>
            <allocated_space>
               <start_address>0xc001e4f8</start_address>
               <size>0x140</size>
               <logical_group_ref idref="lg-16"/>
            </allocated_space>
            <allocated_space>
               <start_address>0xc001e638</start_address>
               <size>0x68</size>
               <logical_group_ref idref="lg-18"/>
            </allocated_space>
            <available_space>
               <start_address>0xc001e6a0</start_address>
               <size>0x7fe1960</size>
            </available_space>
         </usage_details>
      </memory_area>
   </placement_map>
   <symbol_table>
      <symbol id="sm-0">
         <name>cinit</name>
         <value>0x11834c40</value>
      </symbol>
      <symbol id="sm-1">
         <name>___cinit__</name>
         <value>0x11834c40</value>
      </symbol>
      <symbol id="sm-2">
         <name>pinit</name>
         <value>0xffffffff</value>
      </symbol>
      <symbol id="sm-3">
         <name>___pinit__</name>
         <value>0xffffffff</value>
      </symbol>
      <symbol id="sm-4">
         <name>binit</name>
         <value>0xffffffff</value>
      </symbol>
      <symbol id="sm-5">
         <name>___binit__</name>
         <value>0xffffffff</value>
      </symbol>
      <symbol id="sm-6">
         <name>__STACK_SIZE</name>
         <value>0x400</value>
      </symbol>
      <symbol id="sm-7">
         <name>__STACK_END</name>
         <value>0x11834c40</value>
      </symbol>
      <symbol id="sm-8">
         <name>___c_args__</name>
         <value>0xffffffff</value>
      </symbol>
      <symbol id="sm-9">
         <name>.text</name>
         <value>0x11830340</value>
      </symbol>
      <symbol id="sm-a">
         <name>___text__</name>
         <value>0x11830340</value>
      </symbol>
      <symbol id="sm-b">
         <name>etext</name>
         <value>0x11834840</value>
      </symbol>
      <symbol id="sm-c">
         <name>___etext__</name>
         <value>0x11834840</value>
      </symbol>
      <symbol id="sm-d">
         <name>.bss</name>
         <value>0x11834eb4</value>
      </symbol>
      <symbol id="sm-e">
         <name>___bss__</name>
         <value>0x11834eb4</value>
      </symbol>
      <symbol id="sm-f">
         <name>end</name>
         <value>0x11834ee4</value>
      </symbol>
      <symbol id="sm-10">
         <name>___end__</name>
         <value>0x11834ee4</value>
      </symbol>
      <symbol id="sm-11">
         <name>___TI_pprof_out_hndl</name>
         <value>0xffffffff</value>
      </symbol>
      <symbol id="sm-12">
         <name>___TI_prof_data_start</name>
         <value>0xffffffff</value>
      </symbol>
      <symbol id="sm-13">
         <name>___TI_prof_data_size</name>
         <value>0xffffffff</value>
      </symbol>
      <symbol id="sm-14">
         <name>$bss</name>
         <value>0x11834eb4</value>
      </symbol>
      <symbol id="sm-60">
         <name>_Codec_ISR</name>
         <value>0x11833c60</value>
         <object_component_ref idref="oc-1f"/>
      </symbol>
      <symbol id="sm-61">
         <name>_CodecDataIn</name>
         <value>0x1183031c</value>
         <object_component_ref idref="oc-1e"/>
      </symbol>
      <symbol id="sm-62">
         <name>_CodecDataOut</name>
         <value>0x11830320</value>
         <object_component_ref idref="oc-1e"/>
      </symbol>
      <symbol id="sm-12a">
         <name>_CheckForOverrun</name>
         <value>0x11832594</value>
         <object_component_ref idref="oc-8b"/>
      </symbol>
      <symbol id="sm-12b">
         <name>_Reset_I2C</name>
         <value>0x11832448</value>
         <object_component_ref idref="oc-8b"/>
      </symbol>
      <symbol id="sm-12c">
         <name>_Init_McASP0</name>
         <value>0x118329b8</value>
         <object_component_ref idref="oc-8b"/>
      </symbol>
      <symbol id="sm-12d">
         <name>_SetSampleRate_AIC3106</name>
         <value>0x11832870</value>
         <object_component_ref idref="oc-8b"/>
      </symbol>
      <symbol id="sm-12e">
         <name>_Read_UART2</name>
         <value>0x11832e68</value>
         <object_component_ref idref="oc-8b"/>
      </symbol>
      <symbol id="sm-12f">
         <name>_Puts_UART2</name>
         <value>0x11832e28</value>
         <object_component_ref idref="oc-8b"/>
      </symbol>
      <symbol id="sm-130">
         <name>_Init_AIC3106</name>
         <value>0x118325c4</value>
         <object_component_ref idref="oc-8b"/>
      </symbol>
      <symbol id="sm-131">
         <name>_WriteDigitalOutputs</name>
         <value>0x118322d0</value>
         <object_component_ref idref="oc-8b"/>
      </symbol>
      <symbol id="sm-132">
         <name>_wait</name>
         <value>0x118323b8</value>
         <object_component_ref idref="oc-8b"/>
      </symbol>
      <symbol id="sm-133">
         <name>_Init_UART2</name>
         <value>0x11832d48</value>
         <object_component_ref idref="oc-8b"/>
      </symbol>
      <symbol id="sm-134">
         <name>_Reset_AIC3106</name>
         <value>0x11832848</value>
         <object_component_ref idref="oc-8b"/>
      </symbol>
      <symbol id="sm-135">
         <name>_DSP_Init</name>
         <value>0x11832128</value>
         <object_component_ref idref="oc-8b"/>
      </symbol>
      <symbol id="sm-136">
         <name>_IsDataReady_UART2</name>
         <value>0x11832e88</value>
         <object_component_ref idref="oc-8b"/>
      </symbol>
      <symbol id="sm-137">
         <name>_IsTxReady_UART2</name>
         <value>0x11832eac</value>
         <object_component_ref idref="oc-8b"/>
      </symbol>
      <symbol id="sm-138">
         <name>_Init_Interrupts_EDMA</name>
         <value>0x11832368</value>
         <object_component_ref idref="oc-8b"/>
      </symbol>
      <symbol id="sm-139">
         <name>_AIC3106_write_reg</name>
         <value>0x1183280c</value>
         <object_component_ref idref="oc-8b"/>
      </symbol>
      <symbol id="sm-13a">
         <name>_WriteLEDs</name>
         <value>0x118321c8</value>
         <object_component_ref idref="oc-8b"/>
      </symbol>
      <symbol id="sm-13b">
         <name>_Init_I2C</name>
         <value>0x118323ec</value>
         <object_component_ref idref="oc-8b"/>
      </symbol>
      <symbol id="sm-13c">
         <name>_InitDigitalOutputs</name>
         <value>0x118322c4</value>
         <object_component_ref idref="oc-8b"/>
      </symbol>
      <symbol id="sm-13d">
         <name>_InitLEDs</name>
         <value>0x11832168</value>
         <object_component_ref idref="oc-8b"/>
      </symbol>
      <symbol id="sm-13e">
         <name>_WriteCodecData</name>
         <value>0x11832570</value>
         <object_component_ref idref="oc-8b"/>
      </symbol>
      <symbol id="sm-13f">
         <name>_ReadSwitches</name>
         <value>0x118322ac</value>
         <object_component_ref idref="oc-8b"/>
      </symbol>
      <symbol id="sm-140">
         <name>_DSP_Init_EDMA</name>
         <value>0x11832148</value>
         <object_component_ref idref="oc-8b"/>
      </symbol>
      <symbol id="sm-141">
         <name>_Write_I2C</name>
         <value>0x11832468</value>
         <object_component_ref idref="oc-8b"/>
      </symbol>
      <symbol id="sm-142">
         <name>_Write_UART2</name>
         <value>0x11832e00</value>
         <object_component_ref idref="oc-8b"/>
      </symbol>
      <symbol id="sm-143">
         <name>_ReadCodecData</name>
         <value>0x1183254c</value>
         <object_component_ref idref="oc-8b"/>
      </symbol>
      <symbol id="sm-144">
         <name>_EnableInterrupts</name>
         <value>0x1183232c</value>
         <object_component_ref idref="oc-8b"/>
      </symbol>
      <symbol id="sm-145">
         <name>_Init_Interrupts</name>
         <value>0x118322e8</value>
         <object_component_ref idref="oc-8b"/>
      </symbol>
      <symbol id="sm-146">
         <name>_GetSampleFreq</name>
         <value>0x11832120</value>
         <object_component_ref idref="oc-8b"/>
      </symbol>
      <symbol id="sm-147">
         <name>_EnableInterrupts_EDMA</name>
         <value>0x11832378</value>
         <object_component_ref idref="oc-8b"/>
      </symbol>
      <symbol id="sm-336">
         <name>_W3</name>
         <value>0xc001c158</value>
         <object_component_ref idref="oc-34"/>
      </symbol>
      <symbol id="sm-337">
         <name>_W2</name>
         <value>0xc001a858</value>
         <object_component_ref idref="oc-33"/>
      </symbol>
      <symbol id="sm-338">
         <name>_W1</name>
         <value>0xc00128d8</value>
         <object_component_ref idref="oc-32"/>
      </symbol>
      <symbol id="sm-339">
         <name>_main</name>
         <value>0x11831694</value>
         <object_component_ref idref="oc-8f"/>
      </symbol>
      <symbol id="sm-33a">
         <name>_Vo</name>
         <value>0xc001da58</value>
         <object_component_ref idref="oc-3b"/>
      </symbol>
      <symbol id="sm-33b">
         <name>_Vb</name>
         <value>0xc001e638</value>
         <object_component_ref idref="oc-3c"/>
      </symbol>
      <symbol id="sm-33c">
         <name>_ledCount</name>
         <value>0x11834ed8</value>
         <object_component_ref idref="oc-2d"/>
      </symbol>
      <symbol id="sm-33d">
         <name>_mulProd</name>
         <value>0x1182ba20</value>
         <object_component_ref idref="oc-30"/>
      </symbol>
      <symbol id="sm-33e">
         <name>_U3</name>
         <value>0xc0018f58</value>
         <object_component_ref idref="oc-37"/>
      </symbol>
      <symbol id="sm-33f">
         <name>_U2</name>
         <value>0xc0017658</value>
         <object_component_ref idref="oc-36"/>
      </symbol>
      <symbol id="sm-340">
         <name>_U1</name>
         <value>0xc0015d58</value>
         <object_component_ref idref="oc-35"/>
      </symbol>
      <symbol id="sm-341">
         <name>_inputFramesMaker</name>
         <value>0x11800200</value>
         <object_component_ref idref="oc-a5"/>
      </symbol>
      <symbol id="sm-342">
         <name>_tanh_vect</name>
         <value>0x118310a0</value>
         <object_component_ref idref="oc-8f"/>
      </symbol>
      <symbol id="sm-343">
         <name>_hanWindow</name>
         <value>0x118312ac</value>
         <object_component_ref idref="oc-8f"/>
      </symbol>
      <symbol id="sm-344">
         <name>_z3</name>
         <value>0x11820f48</value>
         <object_component_ref idref="oc-30"/>
      </symbol>
      <symbol id="sm-345">
         <name>_z2</name>
         <value>0x11820638</value>
         <object_component_ref idref="oc-30"/>
      </symbol>
      <symbol id="sm-346">
         <name>_z1</name>
         <value>0x1181fd28</value>
         <object_component_ref idref="oc-30"/>
      </symbol>
      <symbol id="sm-347">
         <name>_temp20_1</name>
         <value>0x118205e8</value>
         <object_component_ref idref="oc-30"/>
      </symbol>
      <symbol id="sm-348">
         <name>_temp20_2</name>
         <value>0x11820ef8</value>
         <object_component_ref idref="oc-30"/>
      </symbol>
      <symbol id="sm-349">
         <name>_temp20_3</name>
         <value>0x11821808</value>
         <object_component_ref idref="oc-30"/>
      </symbol>
      <symbol id="sm-34a">
         <name>_xW3</name>
         <value>0x1181a740</value>
         <object_component_ref idref="oc-96"/>
      </symbol>
      <symbol id="sm-34b">
         <name>_xW2</name>
         <value>0x11818e40</value>
         <object_component_ref idref="oc-95"/>
      </symbol>
      <symbol id="sm-34c">
         <name>_xW1</name>
         <value>0x11810ec0</value>
         <object_component_ref idref="oc-94"/>
      </symbol>
      <symbol id="sm-34d">
         <name>_xVo</name>
         <value>0x1181c040</value>
         <object_component_ref idref="oc-9d"/>
      </symbol>
      <symbol id="sm-34e">
         <name>_xVb</name>
         <value>0x1181cc20</value>
         <object_component_ref idref="oc-9e"/>
      </symbol>
      <symbol id="sm-34f">
         <name>_filtOut</name>
         <value>0x1182bc10</value>
         <object_component_ref idref="oc-30"/>
      </symbol>
      <symbol id="sm-350">
         <name>_filterMaker</name>
         <value>0x118085e8</value>
         <object_component_ref idref="oc-93"/>
      </symbol>
      <symbol id="sm-351">
         <name>_xU3</name>
         <value>0x11817540</value>
         <object_component_ref idref="oc-99"/>
      </symbol>
      <symbol id="sm-352">
         <name>_xU2</name>
         <value>0x11815c40</value>
         <object_component_ref idref="oc-98"/>
      </symbol>
      <symbol id="sm-353">
         <name>_xU1</name>
         <value>0x11814340</value>
         <object_component_ref idref="oc-97"/>
      </symbol>
      <symbol id="sm-354">
         <name>_zeroVectorFloat</name>
         <value>0x11831460</value>
         <object_component_ref idref="oc-8f"/>
      </symbol>
      <symbol id="sm-355">
         <name>_zdivider</name>
         <value>0x1183116c</value>
         <object_component_ref idref="oc-8f"/>
      </symbol>
      <symbol id="sm-356">
         <name>_W1load</name>
         <value>0x11831570</value>
         <object_component_ref idref="oc-8f"/>
      </symbol>
      <symbol id="sm-357">
         <name>_beatActivation</name>
         <value>0x1182fdb0</value>
         <object_component_ref idref="oc-30"/>
      </symbol>
      <symbol id="sm-358">
         <name>_filter16k</name>
         <value>0x118306a8</value>
         <object_component_ref idref="oc-8f"/>
      </symbol>
      <symbol id="sm-359">
         <name>_point_mult</name>
         <value>0x11830bf8</value>
         <object_component_ref idref="oc-8f"/>
      </symbol>
      <symbol id="sm-35a">
         <name>_hard_sig</name>
         <value>0x11830ec8</value>
         <object_component_ref idref="oc-8f"/>
      </symbol>
      <symbol id="sm-35b">
         <name>_loadWeights20</name>
         <value>0x11830748</value>
         <object_component_ref idref="oc-8f"/>
      </symbol>
      <symbol id="sm-35c">
         <name>_o3</name>
         <value>0x11821128</value>
         <object_component_ref idref="oc-30"/>
      </symbol>
      <symbol id="sm-35d">
         <name>_o2</name>
         <value>0x11820818</value>
         <object_component_ref idref="oc-30"/>
      </symbol>
      <symbol id="sm-35e">
         <name>_o1</name>
         <value>0x1181ff08</value>
         <object_component_ref idref="oc-30"/>
      </symbol>
      <symbol id="sm-35f">
         <name>_units</name>
         <value>0x11834ed4</value>
         <object_component_ref idref="oc-2d"/>
      </symbol>
      <symbol id="sm-360">
         <name>_beatActivationFunct</name>
         <value>0x11831428</value>
         <object_component_ref idref="oc-8f"/>
      </symbol>
      <symbol id="sm-361">
         <name>_time</name>
         <value>0x11834ec4</value>
         <object_component_ref idref="oc-2d"/>
      </symbol>
      <symbol id="sm-362">
         <name>_beatVector</name>
         <value>0x118300d0</value>
         <object_component_ref idref="oc-30"/>
      </symbol>
      <symbol id="sm-363">
         <name>_kk</name>
         <value>0x11834eb8</value>
         <object_component_ref idref="oc-2d"/>
      </symbol>
      <symbol id="sm-364">
         <name>_Chat3</name>
         <value>0x11821178</value>
         <object_component_ref idref="oc-30"/>
      </symbol>
      <symbol id="sm-365">
         <name>_Chat2</name>
         <value>0x11820868</value>
         <object_component_ref idref="oc-30"/>
      </symbol>
      <symbol id="sm-366">
         <name>_Chat1</name>
         <value>0x1181ff58</value>
         <object_component_ref idref="oc-30"/>
      </symbol>
      <symbol id="sm-367">
         <name>_fast_tanh</name>
         <value>0x11830f74</value>
         <object_component_ref idref="oc-8f"/>
      </symbol>
      <symbol id="sm-368">
         <name>_C3</name>
         <value>0x118214e8</value>
         <object_component_ref idref="oc-30"/>
      </symbol>
      <symbol id="sm-369">
         <name>_C2</name>
         <value>0x11820bd8</value>
         <object_component_ref idref="oc-30"/>
      </symbol>
      <symbol id="sm-36a">
         <name>_C1</name>
         <value>0x118202c8</value>
         <object_component_ref idref="oc-30"/>
      </symbol>
      <symbol id="sm-36b">
         <name>_ii</name>
         <value>0x11834ec0</value>
         <object_component_ref idref="oc-2d"/>
      </symbol>
      <symbol id="sm-36c">
         <name>_flt</name>
         <value>0xc0008340</value>
         <object_component_ref idref="oc-31"/>
      </symbol>
      <symbol id="sm-36d">
         <name>_han512</name>
         <value>0x118218d0</value>
         <object_component_ref idref="oc-30"/>
      </symbol>
      <symbol id="sm-36e">
         <name>_i3</name>
         <value>0x11821088</value>
         <object_component_ref idref="oc-30"/>
      </symbol>
      <symbol id="sm-36f">
         <name>_i2</name>
         <value>0x11820778</value>
         <object_component_ref idref="oc-30"/>
      </symbol>
      <symbol id="sm-370">
         <name>_i1</name>
         <value>0x1181fe68</value>
         <object_component_ref idref="oc-30"/>
      </symbol>
      <symbol id="sm-371">
         <name>_softmax</name>
         <value>0x11830d64</value>
         <object_component_ref idref="oc-8f"/>
      </symbol>
      <symbol id="sm-372">
         <name>_matadd</name>
         <value>0x11830e64</value>
         <object_component_ref idref="oc-8f"/>
      </symbol>
      <symbol id="sm-373">
         <name>_BEAT_THRESHOLD</name>
         <value>0x11834eb4</value>
         <object_component_ref idref="oc-2d"/>
      </symbol>
      <symbol id="sm-374">
         <name>_tanh_vect_pass</name>
         <value>0x11831110</value>
         <object_component_ref idref="oc-8f"/>
      </symbol>
      <symbol id="sm-375">
         <name>_h3</name>
         <value>0x118211c8</value>
         <object_component_ref idref="oc-30"/>
      </symbol>
      <symbol id="sm-376">
         <name>_h2</name>
         <value>0x118208b8</value>
         <object_component_ref idref="oc-30"/>
      </symbol>
      <symbol id="sm-377">
         <name>_h1</name>
         <value>0x1181ffa8</value>
         <object_component_ref idref="oc-30"/>
      </symbol>
      <symbol id="sm-378">
         <name>_h0</name>
         <value>0x1181fc88</value>
         <object_component_ref idref="oc-30"/>
      </symbol>
      <symbol id="sm-379">
         <name>_fftOut</name>
         <value>0x1181dc88</value>
         <object_component_ref idref="oc-30"/>
      </symbol>
      <symbol id="sm-37a">
         <name>_f3</name>
         <value>0x118210d8</value>
         <object_component_ref idref="oc-30"/>
      </symbol>
      <symbol id="sm-37b">
         <name>_f2</name>
         <value>0x118207c8</value>
         <object_component_ref idref="oc-30"/>
      </symbol>
      <symbol id="sm-37c">
         <name>_f1</name>
         <value>0x1181feb8</value>
         <object_component_ref idref="oc-30"/>
      </symbol>
      <symbol id="sm-37d">
         <name>_addTest</name>
         <value>0x1182ba28</value>
         <object_component_ref idref="oc-30"/>
      </symbol>
      <symbol id="sm-37e">
         <name>_zeroVectorShort</name>
         <value>0x118314a4</value>
         <object_component_ref idref="oc-8f"/>
      </symbol>
      <symbol id="sm-37f">
         <name>_startflag</name>
         <value>0x11834ebc</value>
         <object_component_ref idref="oc-2d"/>
      </symbol>
      <symbol id="sm-380">
         <name>_isBeat</name>
         <value>0x11834edc</value>
         <object_component_ref idref="oc-2d"/>
      </symbol>
      <symbol id="sm-381">
         <name>_output</name>
         <value>0xc000d798</value>
         <object_component_ref idref="oc-3d"/>
      </symbol>
      <symbol id="sm-382">
         <name>_dotTest</name>
         <value>0x1182b9b8</value>
         <object_component_ref idref="oc-30"/>
      </symbol>
      <symbol id="sm-383">
         <name>_fft</name>
         <value>0x11830340</value>
         <object_component_ref idref="oc-8f"/>
      </symbol>
      <symbol id="sm-384">
         <name>_zeroVectorDouble</name>
         <value>0x1183152c</value>
         <object_component_ref idref="oc-8f"/>
      </symbol>
      <symbol id="sm-385">
         <name>_c0</name>
         <value>0x1181fcd8</value>
         <object_component_ref idref="oc-30"/>
      </symbol>
      <symbol id="sm-386">
         <name>_W1inv</name>
         <value>0x118220d0</value>
         <object_component_ref idref="oc-30"/>
      </symbol>
      <symbol id="sm-387">
         <name>_b3</name>
         <value>0xc001e4f8</value>
         <object_component_ref idref="oc-3a"/>
      </symbol>
      <symbol id="sm-388">
         <name>_b2</name>
         <value>0xc001e3b8</value>
         <object_component_ref idref="oc-39"/>
      </symbol>
      <symbol id="sm-389">
         <name>_b1</name>
         <value>0xc001e278</value>
         <object_component_ref idref="oc-38"/>
      </symbol>
      <symbol id="sm-38a">
         <name>_w512</name>
         <value>0x1181ec88</value>
         <object_component_ref idref="oc-30"/>
      </symbol>
      <symbol id="sm-38b">
         <name>_time_m1</name>
         <value>0x11834ec8</value>
         <object_component_ref idref="oc-2d"/>
      </symbol>
      <symbol id="sm-38c">
         <name>_time_m2</name>
         <value>0x11834ecc</value>
         <object_component_ref idref="oc-2d"/>
      </symbol>
      <symbol id="sm-38d">
         <name>_inputLoad</name>
         <value>0x118315f8</value>
         <object_component_ref idref="oc-8f"/>
      </symbol>
      <symbol id="sm-38e">
         <name>_matmul</name>
         <value>0x11830c64</value>
         <object_component_ref idref="oc-8f"/>
      </symbol>
      <symbol id="sm-38f">
         <name>_features</name>
         <value>0x1182bb68</value>
         <object_component_ref idref="oc-30"/>
      </symbol>
      <symbol id="sm-390">
         <name>_xb3</name>
         <value>0x1181cae0</value>
         <object_component_ref idref="oc-9c"/>
      </symbol>
      <symbol id="sm-391">
         <name>_xb2</name>
         <value>0x1181c9a0</value>
         <object_component_ref idref="oc-9b"/>
      </symbol>
      <symbol id="sm-392">
         <name>_xb1</name>
         <value>0x1181c860</value>
         <object_component_ref idref="oc-9a"/>
      </symbol>
      <symbol id="sm-393">
         <name>_out3</name>
         <value>0x11821858</value>
         <object_component_ref idref="oc-30"/>
      </symbol>
      <symbol id="sm-394">
         <name>_fftIn</name>
         <value>0x1181cc88</value>
         <object_component_ref idref="oc-30"/>
      </symbol>
      <symbol id="sm-395">
         <name>_zeroVectorInt</name>
         <value>0x118314e8</value>
         <object_component_ref idref="oc-8f"/>
      </symbol>
      <symbol id="sm-396">
         <name>_X</name>
         <value>0x1180da40</value>
         <object_component_ref idref="oc-a4"/>
      </symbol>
      <symbol id="sm-397">
         <name>_mmTest</name>
         <value>0x11825550</value>
         <object_component_ref idref="oc-30"/>
      </symbol>
      <symbol id="sm-398">
         <name>_smTest</name>
         <value>0x1182b950</value>
         <object_component_ref idref="oc-30"/>
      </symbol>
      <symbol id="sm-399">
         <name>_input</name>
         <value>0xc0000000</value>
         <object_component_ref idref="oc-3e"/>
      </symbol>
      <symbol id="sm-39a">
         <name>_twiddleGen</name>
         <value>0x1183134c</value>
         <object_component_ref idref="oc-8f"/>
      </symbol>
      <symbol id="sm-39b">
         <name>_beatdly</name>
         <value>0x11834ed0</value>
         <object_component_ref idref="oc-2d"/>
      </symbol>
      <symbol id="sm-3aa">
         <name>_c_int00</name>
         <value>0x11834660</value>
         <object_component_ref idref="oc-1c"/>
      </symbol>
      <symbol id="sm-3ab">
         <name>__stack</name>
         <value>0x11834840</value>
         <object_component_ref idref="oc-43"/>
      </symbol>
      <symbol id="sm-3c1">
         <name>_cos</name>
         <value>0x11833480</value>
         <object_component_ref idref="oc-a2"/>
      </symbol>
      <symbol id="sm-3d3">
         <name>__divd</name>
         <value>0x11832ee0</value>
         <object_component_ref idref="oc-a1"/>
      </symbol>
      <symbol id="sm-3e3">
         <name>__divf</name>
         <value>0x11833760</value>
         <object_component_ref idref="oc-a0"/>
      </symbol>
      <symbol id="sm-3ec">
         <name>__c6xabi_divu</name>
         <value>0x11834260</value>
         <object_component_ref idref="oc-92"/>
      </symbol>
      <symbol id="sm-3ed">
         <name>__divu</name>
         <value>0x11834260</value>
         <object_component_ref idref="oc-92"/>
      </symbol>
      <symbol id="sm-404">
         <name>C$$EXIT</name>
         <value>0x11834820</value>
         <object_component_ref idref="oc-90"/>
      </symbol>
      <symbol id="sm-405">
         <name>_exit</name>
         <value>0x11834320</value>
         <object_component_ref idref="oc-8a"/>
      </symbol>
      <symbol id="sm-406">
         <name>___TI_enable_exit_profile_output</name>
         <value>0x11830318</value>
         <object_component_ref idref="oc-56"/>
      </symbol>
      <symbol id="sm-407">
         <name>_abort</name>
         <value>0x11834820</value>
         <object_component_ref idref="oc-90"/>
      </symbol>
      <symbol id="sm-408">
         <name>__cleanup_ptr</name>
         <value>0x11830310</value>
         <object_component_ref idref="oc-56"/>
      </symbol>
      <symbol id="sm-409">
         <name>__dtors_ptr</name>
         <value>0x11830314</value>
         <object_component_ref idref="oc-56"/>
      </symbol>
      <symbol id="sm-41c">
         <name>_exp</name>
         <value>0x11833e60</value>
         <object_component_ref idref="oc-9f"/>
      </symbol>
      <symbol id="sm-426">
         <name>__frcmpyd_div</name>
         <value>0x11834780</value>
         <object_component_ref idref="oc-a9"/>
      </symbol>
      <symbol id="sm-436">
         <name>_ldexp</name>
         <value>0x11834040</value>
         <object_component_ref idref="oc-a7"/>
      </symbol>
      <symbol id="sm-440">
         <name>__llshru</name>
         <value>0x118347c0</value>
         <object_component_ref idref="oc-a8"/>
      </symbol>
      <symbol id="sm-44c">
         <name>_modf</name>
         <value>0x118345c0</value>
         <object_component_ref idref="oc-ab"/>
      </symbol>
      <symbol id="sm-456">
         <name>__nround</name>
         <value>0x118343e0</value>
         <object_component_ref idref="oc-aa"/>
      </symbol>
      <symbol id="sm-46b">
         <name>_sin</name>
         <value>0x118339e0</value>
         <object_component_ref idref="oc-a3"/>
      </symbol>
      <symbol id="sm-475">
         <name>__trunc</name>
         <value>0x11834800</value>
         <object_component_ref idref="oc-a6"/>
      </symbol>
      <symbol id="sm-47f">
         <name>__args_main</name>
         <value>0x11834740</value>
         <object_component_ref idref="oc-89"/>
      </symbol>
      <symbol id="sm-480">
         <name>__TI_args_main</name>
         <value>0x1</value>
      </symbol>
      <symbol id="sm-48f">
         <name>__auto_init</name>
         <value>0x118341a0</value>
         <object_component_ref idref="oc-88"/>
      </symbol>
      <symbol id="sm-49c">
         <name>___TI_cpp_init</name>
         <value>0x118346e0</value>
         <object_component_ref idref="oc-8e"/>
      </symbol>
      <symbol id="sm-4aa">
         <name>_copy_in</name>
         <value>0x11834480</value>
         <object_component_ref idref="oc-8c"/>
      </symbol>
      <symbol id="sm-4b4">
         <name>_errno</name>
         <value>0x11830324</value>
         <object_component_ref idref="oc-83"/>
      </symbol>
      <symbol id="sm-4bc">
         <name>_memcpy</name>
         <value>0x11834520</value>
         <object_component_ref idref="oc-8d"/>
      </symbol>
   </symbol_table>
</link_info>
