<?xml version="1.0"?>
<link_info>
   <banner>TMS320C6x Linker PC v7.4.14</banner>
   <copyright>Copyright (c) 1996-2015 Texas Instruments Incorporated</copyright>
   <link_time>0x5937368c</link_time>
   <output_file>BeatTrackerBuild1.out</output_file>
   <entry_point>
      <name>_c_int00</name>
      <address>0x118314e0</address>
   </entry_point>
   <input_file_list>
      <input_file id="fl-2">
         <path>.\</path>
         <kind>object</kind>
         <file>ISRs.obj</file>
         <name>ISRs.obj</name>
      </input_file>
      <input_file id="fl-3">
         <path>.\</path>
         <kind>object</kind>
         <file>LCDK_Support_DSP.obj</file>
         <name>LCDK_Support_DSP.obj</name>
      </input_file>
      <input_file id="fl-4">
         <path>.\</path>
         <kind>object</kind>
         <file>StartUp.obj</file>
         <name>StartUp.obj</name>
      </input_file>
      <input_file id="fl-5">
         <path>.\</path>
         <kind>object</kind>
         <file>main.obj</file>
         <name>main.obj</name>
      </input_file>
      <input_file id="fl-c">
         <path>C:\ti\ccsv6\tools\compiler\c6000_7.4.14\lib\</path>
         <kind>archive</kind>
         <file>rts6740.lib</file>
         <name>boot.obj</name>
      </input_file>
      <input_file id="fl-d">
         <path>C:\ti\ccsv6\tools\compiler\c6000_7.4.14\lib\</path>
         <kind>archive</kind>
         <file>rts6740.lib</file>
         <name>cos.obj</name>
      </input_file>
      <input_file id="fl-e">
         <path>C:\ti\ccsv6\tools\compiler\c6000_7.4.14\lib\</path>
         <kind>archive</kind>
         <file>rts6740.lib</file>
         <name>divd.obj</name>
      </input_file>
      <input_file id="fl-f">
         <path>C:\ti\ccsv6\tools\compiler\c6000_7.4.14\lib\</path>
         <kind>archive</kind>
         <file>rts6740.lib</file>
         <name>divf.obj</name>
      </input_file>
      <input_file id="fl-10">
         <path>C:\ti\ccsv6\tools\compiler\c6000_7.4.14\lib\</path>
         <kind>archive</kind>
         <file>rts6740.lib</file>
         <name>divu.obj</name>
      </input_file>
      <input_file id="fl-11">
         <path>C:\ti\ccsv6\tools\compiler\c6000_7.4.14\lib\</path>
         <kind>archive</kind>
         <file>rts6740.lib</file>
         <name>exit.obj</name>
      </input_file>
      <input_file id="fl-12">
         <path>C:\ti\ccsv6\tools\compiler\c6000_7.4.14\lib\</path>
         <kind>archive</kind>
         <file>rts6740.lib</file>
         <name>exp.obj</name>
      </input_file>
      <input_file id="fl-13">
         <path>C:\ti\ccsv6\tools\compiler\c6000_7.4.14\lib\</path>
         <kind>archive</kind>
         <file>rts6740.lib</file>
         <name>frcmpyd_div.obj</name>
      </input_file>
      <input_file id="fl-14">
         <path>C:\ti\ccsv6\tools\compiler\c6000_7.4.14\lib\</path>
         <kind>archive</kind>
         <file>rts6740.lib</file>
         <name>ldexp.obj</name>
      </input_file>
      <input_file id="fl-15">
         <path>C:\ti\ccsv6\tools\compiler\c6000_7.4.14\lib\</path>
         <kind>archive</kind>
         <file>rts6740.lib</file>
         <name>llshift.obj</name>
      </input_file>
      <input_file id="fl-16">
         <path>C:\ti\ccsv6\tools\compiler\c6000_7.4.14\lib\</path>
         <kind>archive</kind>
         <file>rts6740.lib</file>
         <name>log.obj</name>
      </input_file>
      <input_file id="fl-17">
         <path>C:\ti\ccsv6\tools\compiler\c6000_7.4.14\lib\</path>
         <kind>archive</kind>
         <file>rts6740.lib</file>
         <name>modf.obj</name>
      </input_file>
      <input_file id="fl-18">
         <path>C:\ti\ccsv6\tools\compiler\c6000_7.4.14\lib\</path>
         <kind>archive</kind>
         <file>rts6740.lib</file>
         <name>round.obj</name>
      </input_file>
      <input_file id="fl-19">
         <path>C:\ti\ccsv6\tools\compiler\c6000_7.4.14\lib\</path>
         <kind>archive</kind>
         <file>rts6740.lib</file>
         <name>sin.obj</name>
      </input_file>
      <input_file id="fl-1a">
         <path>C:\ti\ccsv6\tools\compiler\c6000_7.4.14\lib\</path>
         <kind>archive</kind>
         <file>rts6740.lib</file>
         <name>sqrt.obj</name>
      </input_file>
      <input_file id="fl-1b">
         <path>C:\ti\ccsv6\tools\compiler\c6000_7.4.14\lib\</path>
         <kind>archive</kind>
         <file>rts6740.lib</file>
         <name>trunc.obj</name>
      </input_file>
      <input_file id="fl-1c">
         <path>C:\ti\ccsv6\tools\compiler\c6000_7.4.14\lib\</path>
         <kind>archive</kind>
         <file>rts6740.lib</file>
         <name>args_main.obj</name>
      </input_file>
      <input_file id="fl-1d">
         <path>C:\ti\ccsv6\tools\compiler\c6000_7.4.14\lib\</path>
         <kind>archive</kind>
         <file>rts6740.lib</file>
         <name>autoinit.obj</name>
      </input_file>
      <input_file id="fl-1e">
         <path>C:\ti\ccsv6\tools\compiler\c6000_7.4.14\lib\</path>
         <kind>archive</kind>
         <file>rts6740.lib</file>
         <name>cpp_init.obj</name>
      </input_file>
      <input_file id="fl-1f">
         <path>C:\ti\ccsv6\tools\compiler\c6000_7.4.14\lib\</path>
         <kind>archive</kind>
         <file>rts6740.lib</file>
         <name>cpy_tbl.obj</name>
      </input_file>
      <input_file id="fl-20">
         <path>C:\ti\ccsv6\tools\compiler\c6000_7.4.14\lib\</path>
         <kind>archive</kind>
         <file>rts6740.lib</file>
         <name>errno.obj</name>
      </input_file>
      <input_file id="fl-21">
         <path>C:\ti\ccsv6\tools\compiler\c6000_7.4.14\lib\</path>
         <kind>archive</kind>
         <file>rts6740.lib</file>
         <name>frexp.obj</name>
      </input_file>
      <input_file id="fl-22">
         <path>C:\ti\ccsv6\tools\compiler\c6000_7.4.14\lib\</path>
         <kind>archive</kind>
         <file>rts6740.lib</file>
         <name>memcpy64.obj</name>
      </input_file>
   </input_file_list>
   <object_component_list>
      <object_component id="oc-2a">
         <name>.bss</name>
         <uninitialized>true</uninitialized>
         <run_address>0x118343e0</run_address>
         <size>0x4</size>
         <input_file_ref idref="fl-3"/>
      </object_component>
      <object_component id="oc-34">
         <name>.bss</name>
         <uninitialized>true</uninitialized>
         <run_address>0x118343a4</run_address>
         <size>0x3a</size>
         <input_file_ref idref="fl-5"/>
      </object_component>
      <object_component id="oc-36">
         <name>.cinit</name>
         <load_address>0x11834100</load_address>
         <run_address>0x11834100</run_address>
         <size>0x13a</size>
         <input_file_ref idref="fl-5"/>
      </object_component>
      <object_component id="oc-55">
         <name>.cinit</name>
         <load_address>0x11834240</load_address>
         <run_address>0x11834240</run_address>
         <size>0x48</size>
         <input_file_ref idref="fl-d"/>
      </object_component>
      <object_component id="oc-81">
         <name>.cinit</name>
         <load_address>0x11834288</load_address>
         <run_address>0x11834288</run_address>
         <size>0x48</size>
         <input_file_ref idref="fl-19"/>
      </object_component>
      <object_component id="oc-68">
         <name>.cinit</name>
         <load_address>0x118342d0</load_address>
         <run_address>0x118342d0</run_address>
         <size>0x40</size>
         <input_file_ref idref="fl-12"/>
      </object_component>
      <object_component id="oc-76">
         <name>.cinit</name>
         <load_address>0x11834310</load_address>
         <run_address>0x11834310</run_address>
         <size>0x40</size>
         <input_file_ref idref="fl-16"/>
      </object_component>
      <object_component id="oc-63">
         <name>.cinit</name>
         <load_address>0x11834350</load_address>
         <run_address>0x11834350</run_address>
         <size>0x2c</size>
         <input_file_ref idref="fl-11"/>
      </object_component>
      <object_component id="oc-2c">
         <name>.cinit</name>
         <load_address>0x11834380</load_address>
         <run_address>0x11834380</run_address>
         <size>0xc</size>
         <input_file_ref idref="fl-3"/>
      </object_component>
      <object_component id="oc-98">
         <name>.cinit</name>
         <load_address>0x11834390</load_address>
         <run_address>0x11834390</run_address>
         <size>0xc</size>
         <input_file_ref idref="fl-20"/>
      </object_component>
      <object_component id="oc-c1">
         <name>.const:_soundTest</name>
         <load_address>0x11800200</load_address>
         <run_address>0x11800200</run_address>
         <size>0xfa04</size>
         <input_file_ref idref="fl-5"/>
      </object_component>
      <object_component id="oc-c0">
         <name>.const:_inputFramesMaker</name>
         <load_address>0x1180fc08</load_address>
         <run_address>0x1180fc08</run_address>
         <size>0x83e8</size>
         <input_file_ref idref="fl-5"/>
      </object_component>
      <object_component id="oc-ac">
         <name>.const:_filterMaker</name>
         <load_address>0x11817ff0</load_address>
         <run_address>0x11817ff0</run_address>
         <size>0x5454</size>
         <input_file_ref idref="fl-5"/>
      </object_component>
      <object_component id="oc-bf">
         <name>.const:_X</name>
         <load_address>0x1181d448</load_address>
         <run_address>0x1181d448</run_address>
         <size>0x3480</size>
         <input_file_ref idref="fl-5"/>
      </object_component>
      <object_component id="oc-ad">
         <name>.const:_xW1</name>
         <load_address>0x118208c8</load_address>
         <run_address>0x118208c8</run_address>
         <size>0x3480</size>
         <input_file_ref idref="fl-5"/>
      </object_component>
      <object_component id="oc-b0">
         <name>.const:_xU1</name>
         <load_address>0x11823d48</load_address>
         <run_address>0x11823d48</run_address>
         <size>0x1900</size>
         <input_file_ref idref="fl-5"/>
      </object_component>
      <object_component id="oc-b1">
         <name>.const:_xU2</name>
         <load_address>0x11825648</load_address>
         <run_address>0x11825648</run_address>
         <size>0x1900</size>
         <input_file_ref idref="fl-5"/>
      </object_component>
      <object_component id="oc-b2">
         <name>.const:_xU3</name>
         <load_address>0x11826f48</load_address>
         <run_address>0x11826f48</run_address>
         <size>0x1900</size>
         <input_file_ref idref="fl-5"/>
      </object_component>
      <object_component id="oc-ae">
         <name>.const:_xW2</name>
         <load_address>0x11828848</load_address>
         <run_address>0x11828848</run_address>
         <size>0x1900</size>
         <input_file_ref idref="fl-5"/>
      </object_component>
      <object_component id="oc-af">
         <name>.const:_xW3</name>
         <load_address>0x1182a148</load_address>
         <run_address>0x1182a148</run_address>
         <size>0x1900</size>
         <input_file_ref idref="fl-5"/>
      </object_component>
      <object_component id="oc-b6">
         <name>.const:_xVo</name>
         <load_address>0x1182ba48</load_address>
         <run_address>0x1182ba48</run_address>
         <size>0x820</size>
         <input_file_ref idref="fl-5"/>
      </object_component>
      <object_component id="oc-b3">
         <name>.const:_xb1</name>
         <load_address>0x1182c268</load_address>
         <run_address>0x1182c268</run_address>
         <size>0x140</size>
         <input_file_ref idref="fl-5"/>
      </object_component>
      <object_component id="oc-b4">
         <name>.const:_xb2</name>
         <load_address>0x1182c3a8</load_address>
         <run_address>0x1182c3a8</run_address>
         <size>0x140</size>
         <input_file_ref idref="fl-5"/>
      </object_component>
      <object_component id="oc-b5">
         <name>.const:_xb3</name>
         <load_address>0x1182c4e8</load_address>
         <run_address>0x1182c4e8</run_address>
         <size>0x140</size>
         <input_file_ref idref="fl-5"/>
      </object_component>
      <object_component id="oc-b7">
         <name>.const:_xVb</name>
         <load_address>0x1182c628</load_address>
         <run_address>0x1182c628</run_address>
         <size>0x68</size>
         <input_file_ref idref="fl-5"/>
      </object_component>
      <object_component id="oc-51">
         <name>.stack</name>
         <uninitialized>true</uninitialized>
         <run_address>0x11833d00</run_address>
         <size>0x8</size>
         <input_file_ref idref="fl-c"/>
      </object_component>
      <object_component id="oc-f3">
         <name>.stack</name>
         <uninitialized>true</uninitialized>
         <run_address>0x11833d00</run_address>
         <size>0x0</size>
      </object_component>
      <object_component id="oc-a8">
         <name>.text</name>
         <load_address>0x1182c6a0</load_address>
         <run_address>0x1182c6a0</run_address>
         <size>0x2420</size>
         <input_file_ref idref="fl-5"/>
      </object_component>
      <object_component id="oc-a4">
         <name>.text</name>
         <load_address>0x1182eac0</load_address>
         <run_address>0x1182eac0</run_address>
         <size>0xdc0</size>
         <input_file_ref idref="fl-3"/>
      </object_component>
      <object_component id="oc-ba">
         <name>.text:__divd</name>
         <load_address>0x1182f880</load_address>
         <run_address>0x1182f880</run_address>
         <size>0x5a0</size>
         <input_file_ref idref="fl-e"/>
      </object_component>
      <object_component id="oc-bb">
         <name>.text:_cos</name>
         <load_address>0x1182fe20</load_address>
         <run_address>0x1182fe20</run_address>
         <size>0x2e0</size>
         <input_file_ref idref="fl-d"/>
      </object_component>
      <object_component id="oc-26">
         <name>.text:retain</name>
         <load_address>0x11830100</load_address>
         <run_address>0x11830100</run_address>
         <size>0x2c0</size>
         <input_file_ref idref="fl-2"/>
      </object_component>
      <object_component id="oc-b9">
         <name>.text:__divf</name>
         <load_address>0x118303c0</load_address>
         <run_address>0x118303c0</run_address>
         <size>0x280</size>
         <input_file_ref idref="fl-f"/>
      </object_component>
      <object_component id="oc-bc">
         <name>.text:_sin</name>
         <load_address>0x11830640</load_address>
         <run_address>0x11830640</run_address>
         <size>0x280</size>
         <input_file_ref idref="fl-19"/>
      </object_component>
      <object_component id="oc-bd">
         <name>.text:_log</name>
         <load_address>0x118308c0</load_address>
         <run_address>0x118308c0</run_address>
         <size>0x200</size>
         <input_file_ref idref="fl-16"/>
      </object_component>
      <object_component id="oc-b8">
         <name>.text:_exp</name>
         <load_address>0x11830ac0</load_address>
         <run_address>0x11830ac0</run_address>
         <size>0x1e0</size>
         <input_file_ref idref="fl-12"/>
      </object_component>
      <object_component id="oc-c3">
         <name>.text:_ldexp</name>
         <load_address>0x11830ca0</load_address>
         <run_address>0x11830ca0</run_address>
         <size>0x160</size>
         <input_file_ref idref="fl-14"/>
      </object_component>
      <object_component id="oc-c8">
         <name>.text:_frexp</name>
         <load_address>0x11830e00</load_address>
         <run_address>0x11830e00</run_address>
         <size>0x120</size>
         <input_file_ref idref="fl-21"/>
      </object_component>
      <object_component id="oc-be">
         <name>.text:_sqrt</name>
         <load_address>0x11830f20</load_address>
         <run_address>0x11830f20</run_address>
         <size>0x100</size>
         <input_file_ref idref="fl-1a"/>
      </object_component>
      <object_component id="oc-a1">
         <name>.text:__auto_init</name>
         <load_address>0x11831020</load_address>
         <run_address>0x11831020</run_address>
         <size>0xc0</size>
         <input_file_ref idref="fl-1d"/>
      </object_component>
      <object_component id="oc-ab">
         <name>.text:__divu</name>
         <load_address>0x118310e0</load_address>
         <run_address>0x118310e0</run_address>
         <size>0xc0</size>
         <input_file_ref idref="fl-10"/>
      </object_component>
      <object_component id="oc-a3">
         <name>.text:_exit</name>
         <load_address>0x118311a0</load_address>
         <run_address>0x118311a0</run_address>
         <size>0xc0</size>
         <input_file_ref idref="fl-11"/>
      </object_component>
      <object_component id="oc-c6">
         <name>.text:__nround</name>
         <load_address>0x11831260</load_address>
         <run_address>0x11831260</run_address>
         <size>0xa0</size>
         <input_file_ref idref="fl-18"/>
      </object_component>
      <object_component id="oc-a5">
         <name>.text:_copy_in</name>
         <load_address>0x11831300</load_address>
         <run_address>0x11831300</run_address>
         <size>0xa0</size>
         <input_file_ref idref="fl-1f"/>
      </object_component>
      <object_component id="oc-a6">
         <name>.text:_memcpy</name>
         <load_address>0x118313a0</load_address>
         <run_address>0x118313a0</run_address>
         <size>0xa0</size>
         <input_file_ref idref="fl-22"/>
      </object_component>
      <object_component id="oc-c7">
         <name>.text:_modf</name>
         <load_address>0x11831440</load_address>
         <run_address>0x11831440</run_address>
         <size>0xa0</size>
         <input_file_ref idref="fl-17"/>
      </object_component>
      <object_component id="oc-23">
         <name>.text:_c_int00</name>
         <load_address>0x118314e0</load_address>
         <run_address>0x118314e0</run_address>
         <size>0x80</size>
         <input_file_ref idref="fl-c"/>
      </object_component>
      <object_component id="oc-a7">
         <name>.text:___TI_cpp_init</name>
         <load_address>0x11831560</load_address>
         <run_address>0x11831560</run_address>
         <size>0x60</size>
         <input_file_ref idref="fl-1e"/>
      </object_component>
      <object_component id="oc-a2">
         <name>.text:__args_main</name>
         <load_address>0x118315c0</load_address>
         <run_address>0x118315c0</run_address>
         <size>0x40</size>
         <input_file_ref idref="fl-1c"/>
      </object_component>
      <object_component id="oc-c5">
         <name>.text:__frcmpyd_div</name>
         <load_address>0x11831600</load_address>
         <run_address>0x11831600</run_address>
         <size>0x40</size>
         <input_file_ref idref="fl-13"/>
      </object_component>
      <object_component id="oc-c4">
         <name>.text:__llshru</name>
         <load_address>0x11831640</load_address>
         <run_address>0x11831640</run_address>
         <size>0x40</size>
         <input_file_ref idref="fl-15"/>
      </object_component>
      <object_component id="oc-c2">
         <name>.text:__trunc</name>
         <load_address>0x11831680</load_address>
         <run_address>0x11831680</run_address>
         <size>0x20</size>
         <input_file_ref idref="fl-1b"/>
      </object_component>
      <object_component id="oc-a9">
         <name>.text:_abort</name>
         <load_address>0x118316a0</load_address>
         <run_address>0x118316a0</run_address>
         <size>0x20</size>
         <input_file_ref idref="fl-11"/>
      </object_component>
      <object_component id="oc-aa">
         <name>.switch:_SetSampleRate_AIC3106</name>
         <load_address>0x118343e4</load_address>
         <run_address>0x118343e4</run_address>
         <size>0x18</size>
         <input_file_ref idref="fl-3"/>
      </object_component>
      <object_component id="oc-25">
         <name>.far</name>
         <uninitialized>true</uninitialized>
         <run_address>0x11833cf4</run_address>
         <size>0x8</size>
         <input_file_ref idref="fl-2"/>
      </object_component>
      <object_component id="oc-46">
         <name>.far</name>
         <uninitialized>true</uninitialized>
         <run_address>0x118316c0</run_address>
         <size>0x2544</size>
         <input_file_ref idref="fl-5"/>
      </object_component>
      <object_component id="oc-56">
         <name>.far</name>
         <uninitialized>true</uninitialized>
         <run_address>0x11833c08</run_address>
         <size>0x40</size>
         <input_file_ref idref="fl-d"/>
      </object_component>
      <object_component id="oc-64">
         <name>.far</name>
         <uninitialized>true</uninitialized>
         <run_address>0x11833ce8</run_address>
         <size>0xc</size>
         <input_file_ref idref="fl-11"/>
      </object_component>
      <object_component id="oc-69">
         <name>.far</name>
         <uninitialized>true</uninitialized>
         <run_address>0x11833c88</run_address>
         <size>0x30</size>
         <input_file_ref idref="fl-12"/>
      </object_component>
      <object_component id="oc-77">
         <name>.far</name>
         <uninitialized>true</uninitialized>
         <run_address>0x11833cb8</run_address>
         <size>0x30</size>
         <input_file_ref idref="fl-16"/>
      </object_component>
      <object_component id="oc-82">
         <name>.far</name>
         <uninitialized>true</uninitialized>
         <run_address>0x11833c48</run_address>
         <size>0x40</size>
         <input_file_ref idref="fl-19"/>
      </object_component>
      <object_component id="oc-99">
         <name>.far</name>
         <uninitialized>true</uninitialized>
         <run_address>0x11833c04</run_address>
         <size>0x4</size>
         <input_file_ref idref="fl-20"/>
      </object_component>
      <object_component id="oc-3b">
         <name>.w1</name>
         <uninitialized>true</uninitialized>
         <run_address>0xc001e138</run_address>
         <size>0x3480</size>
         <input_file_ref idref="fl-5"/>
      </object_component>
      <object_component id="oc-3c">
         <name>.w2</name>
         <uninitialized>true</uninitialized>
         <run_address>0xc00260b8</run_address>
         <size>0x1900</size>
         <input_file_ref idref="fl-5"/>
      </object_component>
      <object_component id="oc-3d">
         <name>.w3</name>
         <uninitialized>true</uninitialized>
         <run_address>0xc00279b8</run_address>
         <size>0x1900</size>
         <input_file_ref idref="fl-5"/>
      </object_component>
      <object_component id="oc-3e">
         <name>.u1</name>
         <uninitialized>true</uninitialized>
         <run_address>0xc00215b8</run_address>
         <size>0x1900</size>
         <input_file_ref idref="fl-5"/>
      </object_component>
      <object_component id="oc-3f">
         <name>.u2</name>
         <uninitialized>true</uninitialized>
         <run_address>0xc0022eb8</run_address>
         <size>0x1900</size>
         <input_file_ref idref="fl-5"/>
      </object_component>
      <object_component id="oc-40">
         <name>.u3</name>
         <uninitialized>true</uninitialized>
         <run_address>0xc00247b8</run_address>
         <size>0x1900</size>
         <input_file_ref idref="fl-5"/>
      </object_component>
      <object_component id="oc-41">
         <name>.b1</name>
         <uninitialized>true</uninitialized>
         <run_address>0xc002cb90</run_address>
         <size>0x140</size>
         <input_file_ref idref="fl-5"/>
      </object_component>
      <object_component id="oc-42">
         <name>.b2</name>
         <uninitialized>true</uninitialized>
         <run_address>0xc002ccd0</run_address>
         <size>0x140</size>
         <input_file_ref idref="fl-5"/>
      </object_component>
      <object_component id="oc-43">
         <name>.b3</name>
         <uninitialized>true</uninitialized>
         <run_address>0xc002ce10</run_address>
         <size>0x140</size>
         <input_file_ref idref="fl-5"/>
      </object_component>
      <object_component id="oc-44">
         <name>.vo</name>
         <uninitialized>true</uninitialized>
         <run_address>0xc002b2b8</run_address>
         <size>0x820</size>
         <input_file_ref idref="fl-5"/>
      </object_component>
      <object_component id="oc-45">
         <name>.vb</name>
         <uninitialized>true</uninitialized>
         <run_address>0xc002cf50</run_address>
         <size>0x68</size>
         <input_file_ref idref="fl-5"/>
      </object_component>
      <object_component id="oc-3a">
         <name>.flt</name>
         <uninitialized>true</uninitialized>
         <run_address>0xc000fa00</run_address>
         <size>0x5454</size>
         <input_file_ref idref="fl-5"/>
      </object_component>
      <object_component id="oc-48">
         <name>.input</name>
         <uninitialized>true</uninitialized>
         <run_address>0xc0000000</run_address>
         <size>0xfa00</size>
         <input_file_ref idref="fl-5"/>
      </object_component>
      <object_component id="oc-47">
         <name>.output</name>
         <uninitialized>true</uninitialized>
         <run_address>0xc0014e58</run_address>
         <size>0x5140</size>
         <input_file_ref idref="fl-5"/>
      </object_component>
      <object_component id="oc-4c">
         <name>.audioIn</name>
         <uninitialized>true</uninitialized>
         <run_address>0xc002bad8</run_address>
         <size>0x800</size>
         <input_file_ref idref="fl-5"/>
      </object_component>
      <object_component id="oc-37">
         <name>.fftIn</name>
         <uninitialized>true</uninitialized>
         <run_address>0xc00292b8</run_address>
         <size>0x1000</size>
         <input_file_ref idref="fl-5"/>
      </object_component>
      <object_component id="oc-39">
         <name>.fftOut</name>
         <uninitialized>true</uninitialized>
         <run_address>0xc002c2d8</run_address>
         <size>0x404</size>
         <input_file_ref idref="fl-5"/>
      </object_component>
      <object_component id="oc-38">
         <name>.w512</name>
         <uninitialized>true</uninitialized>
         <run_address>0xc002a2b8</run_address>
         <size>0x1000</size>
         <input_file_ref idref="fl-5"/>
      </object_component>
      <object_component id="oc-49">
         <name>.filterOut</name>
         <uninitialized>true</uninitialized>
         <run_address>0xc0019f98</run_address>
         <size>0x41a0</size>
         <input_file_ref idref="fl-5"/>
      </object_component>
      <object_component id="oc-4a">
         <name>.beatActivation</name>
         <uninitialized>true</uninitialized>
         <run_address>0xc002c6e0</run_address>
         <size>0x320</size>
         <input_file_ref idref="fl-5"/>
      </object_component>
      <object_component id="oc-4b">
         <name>.beatVector</name>
         <uninitialized>true</uninitialized>
         <run_address>0xc002ca00</run_address>
         <size>0x190</size>
         <input_file_ref idref="fl-5"/>
      </object_component>
      <object_component id="oc-24">
         <name>.debug_info</name>
         <load_address>0x0</load_address>
         <run_address>0x0</run_address>
         <size>0x806</size>
         <input_file_ref idref="fl-2"/>
      </object_component>
      <object_component id="oc-2b">
         <name>.debug_info</name>
         <load_address>0x806</load_address>
         <run_address>0x806</run_address>
         <size>0x2b52</size>
         <input_file_ref idref="fl-3"/>
      </object_component>
      <object_component id="oc-30">
         <name>.debug_info</name>
         <load_address>0x3358</load_address>
         <run_address>0x3358</run_address>
         <size>0x5e0</size>
         <input_file_ref idref="fl-4"/>
      </object_component>
      <object_component id="oc-35">
         <name>.debug_info</name>
         <load_address>0x3938</load_address>
         <run_address>0x3938</run_address>
         <size>0x46a8</size>
         <input_file_ref idref="fl-5"/>
      </object_component>
      <object_component id="oc-50">
         <name>.debug_info</name>
         <load_address>0x7fe0</load_address>
         <run_address>0x7fe0</run_address>
         <size>0x6f3</size>
         <input_file_ref idref="fl-c"/>
      </object_component>
      <object_component id="oc-54">
         <name>.debug_info</name>
         <load_address>0x86d3</load_address>
         <run_address>0x86d3</run_address>
         <size>0x6e5</size>
         <input_file_ref idref="fl-d"/>
      </object_component>
      <object_component id="oc-59">
         <name>.debug_info</name>
         <load_address>0x8db8</load_address>
         <run_address>0x8db8</run_address>
         <size>0x96b</size>
         <input_file_ref idref="fl-e"/>
      </object_component>
      <object_component id="oc-5c">
         <name>.debug_info</name>
         <load_address>0x9723</load_address>
         <run_address>0x9723</run_address>
         <size>0x8b6</size>
         <input_file_ref idref="fl-f"/>
      </object_component>
      <object_component id="oc-5f">
         <name>.debug_info</name>
         <load_address>0x9fd9</load_address>
         <run_address>0x9fd9</run_address>
         <size>0xbc</size>
         <input_file_ref idref="fl-10"/>
      </object_component>
      <object_component id="oc-62">
         <name>.debug_info</name>
         <load_address>0xa095</load_address>
         <run_address>0xa095</run_address>
         <size>0x7c0</size>
         <input_file_ref idref="fl-11"/>
      </object_component>
      <object_component id="oc-67">
         <name>.debug_info</name>
         <load_address>0xa855</load_address>
         <run_address>0xa855</run_address>
         <size>0x675</size>
         <input_file_ref idref="fl-12"/>
      </object_component>
      <object_component id="oc-6c">
         <name>.debug_info</name>
         <load_address>0xaeca</load_address>
         <run_address>0xaeca</run_address>
         <size>0x654</size>
         <input_file_ref idref="fl-13"/>
      </object_component>
      <object_component id="oc-6f">
         <name>.debug_info</name>
         <load_address>0xb51e</load_address>
         <run_address>0xb51e</run_address>
         <size>0x67f</size>
         <input_file_ref idref="fl-14"/>
      </object_component>
      <object_component id="oc-72">
         <name>.debug_info</name>
         <load_address>0xbb9d</load_address>
         <run_address>0xbb9d</run_address>
         <size>0x673</size>
         <input_file_ref idref="fl-15"/>
      </object_component>
      <object_component id="oc-75">
         <name>.debug_info</name>
         <load_address>0xc210</load_address>
         <run_address>0xc210</run_address>
         <size>0x664</size>
         <input_file_ref idref="fl-16"/>
      </object_component>
      <object_component id="oc-7a">
         <name>.debug_info</name>
         <load_address>0xc874</load_address>
         <run_address>0xc874</run_address>
         <size>0x668</size>
         <input_file_ref idref="fl-17"/>
      </object_component>
      <object_component id="oc-7d">
         <name>.debug_info</name>
         <load_address>0xcedc</load_address>
         <run_address>0xcedc</run_address>
         <size>0x63b</size>
         <input_file_ref idref="fl-18"/>
      </object_component>
      <object_component id="oc-80">
         <name>.debug_info</name>
         <load_address>0xd517</load_address>
         <run_address>0xd517</run_address>
         <size>0x6e5</size>
         <input_file_ref idref="fl-19"/>
      </object_component>
      <object_component id="oc-85">
         <name>.debug_info</name>
         <load_address>0xdbfc</load_address>
         <run_address>0xdbfc</run_address>
         <size>0x85d</size>
         <input_file_ref idref="fl-1a"/>
      </object_component>
      <object_component id="oc-88">
         <name>.debug_info</name>
         <load_address>0xe459</load_address>
         <run_address>0xe459</run_address>
         <size>0x639</size>
         <input_file_ref idref="fl-1b"/>
      </object_component>
      <object_component id="oc-8b">
         <name>.debug_info</name>
         <load_address>0xea92</load_address>
         <run_address>0xea92</run_address>
         <size>0x6c9</size>
         <input_file_ref idref="fl-1c"/>
      </object_component>
      <object_component id="oc-8e">
         <name>.debug_info</name>
         <load_address>0xf15b</load_address>
         <run_address>0xf15b</run_address>
         <size>0x83f</size>
         <input_file_ref idref="fl-1d"/>
      </object_component>
      <object_component id="oc-91">
         <name>.debug_info</name>
         <load_address>0xf99a</load_address>
         <run_address>0xf99a</run_address>
         <size>0x6b7</size>
         <input_file_ref idref="fl-1e"/>
      </object_component>
      <object_component id="oc-94">
         <name>.debug_info</name>
         <load_address>0x10051</load_address>
         <run_address>0x10051</run_address>
         <size>0x7ad</size>
         <input_file_ref idref="fl-1f"/>
      </object_component>
      <object_component id="oc-97">
         <name>.debug_info</name>
         <load_address>0x107fe</load_address>
         <run_address>0x107fe</run_address>
         <size>0x5ca</size>
         <input_file_ref idref="fl-20"/>
      </object_component>
      <object_component id="oc-9b">
         <name>.debug_info</name>
         <load_address>0x10dc8</load_address>
         <run_address>0x10dc8</run_address>
         <size>0x683</size>
         <input_file_ref idref="fl-21"/>
      </object_component>
      <object_component id="oc-9e">
         <name>.debug_info</name>
         <load_address>0x1144b</load_address>
         <run_address>0x1144b</run_address>
         <size>0xcb</size>
         <input_file_ref idref="fl-22"/>
      </object_component>
      <object_component id="oc-f4">
         <name>.debug_info</name>
         <load_address>0x11516</load_address>
         <run_address>0x11516</run_address>
         <size>0x6e</size>
      </object_component>
      <object_component id="oc-27">
         <name>.debug_frame</name>
         <load_address>0x0</load_address>
         <run_address>0x0</run_address>
         <size>0x37f</size>
         <input_file_ref idref="fl-2"/>
      </object_component>
      <object_component id="oc-2d">
         <name>.debug_frame</name>
         <load_address>0x37f</load_address>
         <run_address>0x37f</run_address>
         <size>0x57a</size>
         <input_file_ref idref="fl-3"/>
      </object_component>
      <object_component id="oc-31">
         <name>.debug_frame</name>
         <load_address>0x8f9</load_address>
         <run_address>0x8f9</run_address>
         <size>0x23f</size>
         <input_file_ref idref="fl-4"/>
      </object_component>
      <object_component id="oc-4d">
         <name>.debug_frame</name>
         <load_address>0xb38</load_address>
         <run_address>0xb38</run_address>
         <size>0x5c7</size>
         <input_file_ref idref="fl-5"/>
      </object_component>
      <object_component id="oc-28">
         <name>.debug_line</name>
         <load_address>0x0</load_address>
         <run_address>0x0</run_address>
         <size>0x6a</size>
         <input_file_ref idref="fl-2"/>
      </object_component>
      <object_component id="oc-2e">
         <name>.debug_line</name>
         <load_address>0x6a</load_address>
         <run_address>0x6a</run_address>
         <size>0x64c</size>
         <input_file_ref idref="fl-3"/>
      </object_component>
      <object_component id="oc-32">
         <name>.debug_line</name>
         <load_address>0x6b6</load_address>
         <run_address>0x6b6</run_address>
         <size>0x2a</size>
         <input_file_ref idref="fl-4"/>
      </object_component>
      <object_component id="oc-4e">
         <name>.debug_line</name>
         <load_address>0x6e0</load_address>
         <run_address>0x6e0</run_address>
         <size>0xa65</size>
         <input_file_ref idref="fl-5"/>
      </object_component>
      <object_component id="oc-52">
         <name>.debug_line</name>
         <load_address>0x1145</load_address>
         <run_address>0x1145</run_address>
         <size>0x3d</size>
         <input_file_ref idref="fl-c"/>
      </object_component>
      <object_component id="oc-57">
         <name>.debug_line</name>
         <load_address>0x1182</load_address>
         <run_address>0x1182</run_address>
         <size>0x54</size>
         <input_file_ref idref="fl-d"/>
      </object_component>
      <object_component id="oc-5a">
         <name>.debug_line</name>
         <load_address>0x11d6</load_address>
         <run_address>0x11d6</run_address>
         <size>0x3c</size>
         <input_file_ref idref="fl-e"/>
      </object_component>
      <object_component id="oc-5d">
         <name>.debug_line</name>
         <load_address>0x1212</load_address>
         <run_address>0x1212</run_address>
         <size>0x3c</size>
         <input_file_ref idref="fl-f"/>
      </object_component>
      <object_component id="oc-60">
         <name>.debug_line</name>
         <load_address>0x124e</load_address>
         <run_address>0x124e</run_address>
         <size>0x44</size>
         <input_file_ref idref="fl-10"/>
      </object_component>
      <object_component id="oc-65">
         <name>.debug_line</name>
         <load_address>0x1292</load_address>
         <run_address>0x1292</run_address>
         <size>0x4f</size>
         <input_file_ref idref="fl-11"/>
      </object_component>
      <object_component id="oc-6a">
         <name>.debug_line</name>
         <load_address>0x12e1</load_address>
         <run_address>0x12e1</run_address>
         <size>0x3b</size>
         <input_file_ref idref="fl-12"/>
      </object_component>
      <object_component id="oc-6d">
         <name>.debug_line</name>
         <load_address>0x131c</load_address>
         <run_address>0x131c</run_address>
         <size>0x3e</size>
         <input_file_ref idref="fl-13"/>
      </object_component>
      <object_component id="oc-70">
         <name>.debug_line</name>
         <load_address>0x135a</load_address>
         <run_address>0x135a</run_address>
         <size>0x3a</size>
         <input_file_ref idref="fl-14"/>
      </object_component>
      <object_component id="oc-73">
         <name>.debug_line</name>
         <load_address>0x1394</load_address>
         <run_address>0x1394</run_address>
         <size>0x3f</size>
         <input_file_ref idref="fl-15"/>
      </object_component>
      <object_component id="oc-78">
         <name>.debug_line</name>
         <load_address>0x13d3</load_address>
         <run_address>0x13d3</run_address>
         <size>0x38</size>
         <input_file_ref idref="fl-16"/>
      </object_component>
      <object_component id="oc-7b">
         <name>.debug_line</name>
         <load_address>0x140b</load_address>
         <run_address>0x140b</run_address>
         <size>0x37</size>
         <input_file_ref idref="fl-17"/>
      </object_component>
      <object_component id="oc-7e">
         <name>.debug_line</name>
         <load_address>0x1442</load_address>
         <run_address>0x1442</run_address>
         <size>0x38</size>
         <input_file_ref idref="fl-18"/>
      </object_component>
      <object_component id="oc-83">
         <name>.debug_line</name>
         <load_address>0x147a</load_address>
         <run_address>0x147a</run_address>
         <size>0x50</size>
         <input_file_ref idref="fl-19"/>
      </object_component>
      <object_component id="oc-86">
         <name>.debug_line</name>
         <load_address>0x14ca</load_address>
         <run_address>0x14ca</run_address>
         <size>0x68</size>
         <input_file_ref idref="fl-1a"/>
      </object_component>
      <object_component id="oc-89">
         <name>.debug_line</name>
         <load_address>0x1532</load_address>
         <run_address>0x1532</run_address>
         <size>0x38</size>
         <input_file_ref idref="fl-1b"/>
      </object_component>
      <object_component id="oc-8c">
         <name>.debug_line</name>
         <load_address>0x156a</load_address>
         <run_address>0x156a</run_address>
         <size>0x3f</size>
         <input_file_ref idref="fl-1c"/>
      </object_component>
      <object_component id="oc-8f">
         <name>.debug_line</name>
         <load_address>0x15a9</load_address>
         <run_address>0x15a9</run_address>
         <size>0x49</size>
         <input_file_ref idref="fl-1d"/>
      </object_component>
      <object_component id="oc-92">
         <name>.debug_line</name>
         <load_address>0x15f2</load_address>
         <run_address>0x15f2</run_address>
         <size>0x45</size>
         <input_file_ref idref="fl-1e"/>
      </object_component>
      <object_component id="oc-95">
         <name>.debug_line</name>
         <load_address>0x1637</load_address>
         <run_address>0x1637</run_address>
         <size>0x44</size>
         <input_file_ref idref="fl-1f"/>
      </object_component>
      <object_component id="oc-9c">
         <name>.debug_line</name>
         <load_address>0x167b</load_address>
         <run_address>0x167b</run_address>
         <size>0x38</size>
         <input_file_ref idref="fl-21"/>
      </object_component>
      <object_component id="oc-9f">
         <name>.debug_line</name>
         <load_address>0x16b3</load_address>
         <run_address>0x16b3</run_address>
         <size>0x4a</size>
         <input_file_ref idref="fl-22"/>
      </object_component>
      <object_component id="oc-29">
         <name>.debug_abbrev</name>
         <load_address>0x0</load_address>
         <run_address>0x0</run_address>
         <size>0x108</size>
         <input_file_ref idref="fl-2"/>
      </object_component>
      <object_component id="oc-2f">
         <name>.debug_abbrev</name>
         <load_address>0x108</load_address>
         <run_address>0x108</run_address>
         <size>0x1a5</size>
         <input_file_ref idref="fl-3"/>
      </object_component>
      <object_component id="oc-33">
         <name>.debug_abbrev</name>
         <load_address>0x2ad</load_address>
         <run_address>0x2ad</run_address>
         <size>0x69</size>
         <input_file_ref idref="fl-4"/>
      </object_component>
      <object_component id="oc-4f">
         <name>.debug_abbrev</name>
         <load_address>0x316</load_address>
         <run_address>0x316</run_address>
         <size>0x1a8</size>
         <input_file_ref idref="fl-5"/>
      </object_component>
      <object_component id="oc-53">
         <name>.debug_abbrev</name>
         <load_address>0x4be</load_address>
         <run_address>0x4be</run_address>
         <size>0xfe</size>
         <input_file_ref idref="fl-c"/>
      </object_component>
      <object_component id="oc-58">
         <name>.debug_abbrev</name>
         <load_address>0x5bc</load_address>
         <run_address>0x5bc</run_address>
         <size>0xcc</size>
         <input_file_ref idref="fl-d"/>
      </object_component>
      <object_component id="oc-5b">
         <name>.debug_abbrev</name>
         <load_address>0x688</load_address>
         <run_address>0x688</run_address>
         <size>0xf5</size>
         <input_file_ref idref="fl-e"/>
      </object_component>
      <object_component id="oc-5e">
         <name>.debug_abbrev</name>
         <load_address>0x77d</load_address>
         <run_address>0x77d</run_address>
         <size>0xe7</size>
         <input_file_ref idref="fl-f"/>
      </object_component>
      <object_component id="oc-61">
         <name>.debug_abbrev</name>
         <load_address>0x864</load_address>
         <run_address>0x864</run_address>
         <size>0x3b</size>
         <input_file_ref idref="fl-10"/>
      </object_component>
      <object_component id="oc-66">
         <name>.debug_abbrev</name>
         <load_address>0x89f</load_address>
         <run_address>0x89f</run_address>
         <size>0x119</size>
         <input_file_ref idref="fl-11"/>
      </object_component>
      <object_component id="oc-6b">
         <name>.debug_abbrev</name>
         <load_address>0x9b8</load_address>
         <run_address>0x9b8</run_address>
         <size>0xb6</size>
         <input_file_ref idref="fl-12"/>
      </object_component>
      <object_component id="oc-6e">
         <name>.debug_abbrev</name>
         <load_address>0xa6e</load_address>
         <run_address>0xa6e</run_address>
         <size>0x8c</size>
         <input_file_ref idref="fl-13"/>
      </object_component>
      <object_component id="oc-71">
         <name>.debug_abbrev</name>
         <load_address>0xafa</load_address>
         <run_address>0xafa</run_address>
         <size>0xa8</size>
         <input_file_ref idref="fl-14"/>
      </object_component>
      <object_component id="oc-74">
         <name>.debug_abbrev</name>
         <load_address>0xba2</load_address>
         <run_address>0xba2</run_address>
         <size>0xa3</size>
         <input_file_ref idref="fl-15"/>
      </object_component>
      <object_component id="oc-79">
         <name>.debug_abbrev</name>
         <load_address>0xc45</load_address>
         <run_address>0xc45</run_address>
         <size>0xbf</size>
         <input_file_ref idref="fl-16"/>
      </object_component>
      <object_component id="oc-7c">
         <name>.debug_abbrev</name>
         <load_address>0xd04</load_address>
         <run_address>0xd04</run_address>
         <size>0xa1</size>
         <input_file_ref idref="fl-17"/>
      </object_component>
      <object_component id="oc-7f">
         <name>.debug_abbrev</name>
         <load_address>0xda5</load_address>
         <run_address>0xda5</run_address>
         <size>0xaf</size>
         <input_file_ref idref="fl-18"/>
      </object_component>
      <object_component id="oc-84">
         <name>.debug_abbrev</name>
         <load_address>0xe54</load_address>
         <run_address>0xe54</run_address>
         <size>0xcc</size>
         <input_file_ref idref="fl-19"/>
      </object_component>
      <object_component id="oc-87">
         <name>.debug_abbrev</name>
         <load_address>0xf20</load_address>
         <run_address>0xf20</run_address>
         <size>0x102</size>
         <input_file_ref idref="fl-1a"/>
      </object_component>
      <object_component id="oc-8a">
         <name>.debug_abbrev</name>
         <load_address>0x1022</load_address>
         <run_address>0x1022</run_address>
         <size>0xaf</size>
         <input_file_ref idref="fl-1b"/>
      </object_component>
      <object_component id="oc-8d">
         <name>.debug_abbrev</name>
         <load_address>0x10d1</load_address>
         <run_address>0x10d1</run_address>
         <size>0xe1</size>
         <input_file_ref idref="fl-1c"/>
      </object_component>
      <object_component id="oc-90">
         <name>.debug_abbrev</name>
         <load_address>0x11b2</load_address>
         <run_address>0x11b2</run_address>
         <size>0x13f</size>
         <input_file_ref idref="fl-1d"/>
      </object_component>
      <object_component id="oc-93">
         <name>.debug_abbrev</name>
         <load_address>0x12f1</load_address>
         <run_address>0x12f1</run_address>
         <size>0xdd</size>
         <input_file_ref idref="fl-1e"/>
      </object_component>
      <object_component id="oc-96">
         <name>.debug_abbrev</name>
         <load_address>0x13ce</load_address>
         <run_address>0x13ce</run_address>
         <size>0x10c</size>
         <input_file_ref idref="fl-1f"/>
      </object_component>
      <object_component id="oc-9a">
         <name>.debug_abbrev</name>
         <load_address>0x14da</load_address>
         <run_address>0x14da</run_address>
         <size>0x44</size>
         <input_file_ref idref="fl-20"/>
      </object_component>
      <object_component id="oc-9d">
         <name>.debug_abbrev</name>
         <load_address>0x151e</load_address>
         <run_address>0x151e</run_address>
         <size>0xb1</size>
         <input_file_ref idref="fl-21"/>
      </object_component>
      <object_component id="oc-a0">
         <name>.debug_abbrev</name>
         <load_address>0x15cf</load_address>
         <run_address>0x15cf</run_address>
         <size>0x3b</size>
         <input_file_ref idref="fl-22"/>
      </object_component>
      <object_component id="oc-f5">
         <name>.debug_abbrev</name>
         <load_address>0x160a</load_address>
         <run_address>0x160a</run_address>
         <size>0xd</size>
      </object_component>
   </object_component_list>
   <logical_group_list>
      <logical_group id="lg-2">
         <name>vectors</name>
         <run_address>0x0</run_address>
         <size>0x0</size>
         <contents>
         </contents>
      </logical_group>
      <logical_group id="lg-3">
         <name>.bss</name>
         <run_address>0x118343a4</run_address>
         <size>0x40</size>
         <contents>
            <object_component_ref idref="oc-2a"/>
            <object_component_ref idref="oc-34"/>
         </contents>
      </logical_group>
      <logical_group id="lg-4">
         <name>.cinit</name>
         <load_address>0x11834100</load_address>
         <run_address>0x11834100</run_address>
         <size>0x2a4</size>
         <contents>
            <object_component_ref idref="oc-36"/>
            <object_component_ref idref="oc-55"/>
            <object_component_ref idref="oc-81"/>
            <object_component_ref idref="oc-68"/>
            <object_component_ref idref="oc-76"/>
            <object_component_ref idref="oc-63"/>
            <object_component_ref idref="oc-2c"/>
            <object_component_ref idref="oc-98"/>
         </contents>
      </logical_group>
      <logical_group id="lg-5">
         <name>.cio</name>
         <run_address>0x0</run_address>
         <size>0x0</size>
         <contents>
         </contents>
      </logical_group>
      <logical_group id="lg-6">
         <name>.const</name>
         <load_address>0x11800200</load_address>
         <run_address>0x11800200</run_address>
         <size>0x2c490</size>
         <contents>
            <object_component_ref idref="oc-c1"/>
            <object_component_ref idref="oc-c0"/>
            <object_component_ref idref="oc-ac"/>
            <object_component_ref idref="oc-bf"/>
            <object_component_ref idref="oc-ad"/>
            <object_component_ref idref="oc-b0"/>
            <object_component_ref idref="oc-b1"/>
            <object_component_ref idref="oc-b2"/>
            <object_component_ref idref="oc-ae"/>
            <object_component_ref idref="oc-af"/>
            <object_component_ref idref="oc-b6"/>
            <object_component_ref idref="oc-b3"/>
            <object_component_ref idref="oc-b4"/>
            <object_component_ref idref="oc-b5"/>
            <object_component_ref idref="oc-b7"/>
         </contents>
      </logical_group>
      <logical_group id="lg-7">
         <name>.stack</name>
         <run_address>0x11833d00</run_address>
         <size>0x400</size>
         <contents>
            <object_component_ref idref="oc-51"/>
            <object_component_ref idref="oc-f3"/>
         </contents>
      </logical_group>
      <logical_group id="lg-8">
         <name>.sysmem</name>
         <run_address>0x0</run_address>
         <size>0x0</size>
         <contents>
         </contents>
      </logical_group>
      <logical_group id="lg-9">
         <name>.text</name>
         <load_address>0x1182c6a0</load_address>
         <run_address>0x1182c6a0</run_address>
         <size>0x5020</size>
         <contents>
            <object_component_ref idref="oc-a8"/>
            <object_component_ref idref="oc-a4"/>
            <object_component_ref idref="oc-ba"/>
            <object_component_ref idref="oc-bb"/>
            <object_component_ref idref="oc-26"/>
            <object_component_ref idref="oc-b9"/>
            <object_component_ref idref="oc-bc"/>
            <object_component_ref idref="oc-bd"/>
            <object_component_ref idref="oc-b8"/>
            <object_component_ref idref="oc-c3"/>
            <object_component_ref idref="oc-c8"/>
            <object_component_ref idref="oc-be"/>
            <object_component_ref idref="oc-a1"/>
            <object_component_ref idref="oc-ab"/>
            <object_component_ref idref="oc-a3"/>
            <object_component_ref idref="oc-c6"/>
            <object_component_ref idref="oc-a5"/>
            <object_component_ref idref="oc-a6"/>
            <object_component_ref idref="oc-c7"/>
            <object_component_ref idref="oc-23"/>
            <object_component_ref idref="oc-a7"/>
            <object_component_ref idref="oc-a2"/>
            <object_component_ref idref="oc-c5"/>
            <object_component_ref idref="oc-c4"/>
            <object_component_ref idref="oc-c2"/>
            <object_component_ref idref="oc-a9"/>
         </contents>
      </logical_group>
      <logical_group id="lg-a">
         <name>.switch</name>
         <load_address>0x118343e4</load_address>
         <run_address>0x118343e4</run_address>
         <size>0x18</size>
         <contents>
            <object_component_ref idref="oc-aa"/>
         </contents>
      </logical_group>
      <logical_group id="lg-b">
         <name>.far</name>
         <run_address>0x118316c0</run_address>
         <size>0x263c</size>
         <contents>
            <object_component_ref idref="oc-25"/>
            <object_component_ref idref="oc-46"/>
            <object_component_ref idref="oc-56"/>
            <object_component_ref idref="oc-64"/>
            <object_component_ref idref="oc-69"/>
            <object_component_ref idref="oc-77"/>
            <object_component_ref idref="oc-82"/>
            <object_component_ref idref="oc-99"/>
         </contents>
      </logical_group>
      <logical_group id="lg-c">
         <name>SHARED_SRAM</name>
         <run_address>0x0</run_address>
         <size>0x0</size>
         <contents>
         </contents>
      </logical_group>
      <logical_group id="lg-d">
         <name>CE0</name>
         <run_address>0x0</run_address>
         <size>0x0</size>
         <contents>
         </contents>
      </logical_group>
      <logical_group id="lg-e">
         <name>.w1</name>
         <run_address>0xc001e138</run_address>
         <size>0x3480</size>
         <contents>
            <object_component_ref idref="oc-3b"/>
         </contents>
      </logical_group>
      <logical_group id="lg-f">
         <name>.w2</name>
         <run_address>0xc00260b8</run_address>
         <size>0x1900</size>
         <contents>
            <object_component_ref idref="oc-3c"/>
         </contents>
      </logical_group>
      <logical_group id="lg-10">
         <name>.w3</name>
         <run_address>0xc00279b8</run_address>
         <size>0x1900</size>
         <contents>
            <object_component_ref idref="oc-3d"/>
         </contents>
      </logical_group>
      <logical_group id="lg-11">
         <name>.u1</name>
         <run_address>0xc00215b8</run_address>
         <size>0x1900</size>
         <contents>
            <object_component_ref idref="oc-3e"/>
         </contents>
      </logical_group>
      <logical_group id="lg-12">
         <name>.u2</name>
         <run_address>0xc0022eb8</run_address>
         <size>0x1900</size>
         <contents>
            <object_component_ref idref="oc-3f"/>
         </contents>
      </logical_group>
      <logical_group id="lg-13">
         <name>.u3</name>
         <run_address>0xc00247b8</run_address>
         <size>0x1900</size>
         <contents>
            <object_component_ref idref="oc-40"/>
         </contents>
      </logical_group>
      <logical_group id="lg-14">
         <name>.b1</name>
         <run_address>0xc002cb90</run_address>
         <size>0x140</size>
         <contents>
            <object_component_ref idref="oc-41"/>
         </contents>
      </logical_group>
      <logical_group id="lg-15">
         <name>.b2</name>
         <run_address>0xc002ccd0</run_address>
         <size>0x140</size>
         <contents>
            <object_component_ref idref="oc-42"/>
         </contents>
      </logical_group>
      <logical_group id="lg-16">
         <name>.b3</name>
         <run_address>0xc002ce10</run_address>
         <size>0x140</size>
         <contents>
            <object_component_ref idref="oc-43"/>
         </contents>
      </logical_group>
      <logical_group id="lg-17">
         <name>.vo</name>
         <run_address>0xc002b2b8</run_address>
         <size>0x820</size>
         <contents>
            <object_component_ref idref="oc-44"/>
         </contents>
      </logical_group>
      <logical_group id="lg-18">
         <name>.vb</name>
         <run_address>0xc002cf50</run_address>
         <size>0x68</size>
         <contents>
            <object_component_ref idref="oc-45"/>
         </contents>
      </logical_group>
      <logical_group id="lg-19">
         <name>.flt</name>
         <run_address>0xc000fa00</run_address>
         <size>0x5454</size>
         <contents>
            <object_component_ref idref="oc-3a"/>
         </contents>
      </logical_group>
      <logical_group id="lg-1a">
         <name>.input</name>
         <run_address>0xc0000000</run_address>
         <size>0xfa00</size>
         <contents>
            <object_component_ref idref="oc-48"/>
         </contents>
      </logical_group>
      <logical_group id="lg-1b">
         <name>.output</name>
         <run_address>0xc0014e58</run_address>
         <size>0x5140</size>
         <contents>
            <object_component_ref idref="oc-47"/>
         </contents>
      </logical_group>
      <logical_group id="lg-1c">
         <name>.audioIn</name>
         <run_address>0xc002bad8</run_address>
         <size>0x800</size>
         <contents>
            <object_component_ref idref="oc-4c"/>
         </contents>
      </logical_group>
      <logical_group id="lg-1d">
         <name>.fftIn</name>
         <run_address>0xc00292b8</run_address>
         <size>0x1000</size>
         <contents>
            <object_component_ref idref="oc-37"/>
         </contents>
      </logical_group>
      <logical_group id="lg-1e">
         <name>.fftOut</name>
         <run_address>0xc002c2d8</run_address>
         <size>0x404</size>
         <contents>
            <object_component_ref idref="oc-39"/>
         </contents>
      </logical_group>
      <logical_group id="lg-1f">
         <name>.w512</name>
         <run_address>0xc002a2b8</run_address>
         <size>0x1000</size>
         <contents>
            <object_component_ref idref="oc-38"/>
         </contents>
      </logical_group>
      <logical_group id="lg-20">
         <name>.filterOut</name>
         <run_address>0xc0019f98</run_address>
         <size>0x41a0</size>
         <contents>
            <object_component_ref idref="oc-49"/>
         </contents>
      </logical_group>
      <logical_group id="lg-21">
         <name>.beatActivation</name>
         <run_address>0xc002c6e0</run_address>
         <size>0x320</size>
         <contents>
            <object_component_ref idref="oc-4a"/>
         </contents>
      </logical_group>
      <logical_group id="lg-22">
         <name>.beatVector</name>
         <run_address>0xc002ca00</run_address>
         <size>0x190</size>
         <contents>
            <object_component_ref idref="oc-4b"/>
         </contents>
      </logical_group>
      <logical_group id="lg-ea">
         <name>.debug_info</name>
         <load_address>0x0</load_address>
         <run_address>0x0</run_address>
         <size>0x11584</size>
         <contents>
            <object_component_ref idref="oc-24"/>
            <object_component_ref idref="oc-2b"/>
            <object_component_ref idref="oc-30"/>
            <object_component_ref idref="oc-35"/>
            <object_component_ref idref="oc-50"/>
            <object_component_ref idref="oc-54"/>
            <object_component_ref idref="oc-59"/>
            <object_component_ref idref="oc-5c"/>
            <object_component_ref idref="oc-5f"/>
            <object_component_ref idref="oc-62"/>
            <object_component_ref idref="oc-67"/>
            <object_component_ref idref="oc-6c"/>
            <object_component_ref idref="oc-6f"/>
            <object_component_ref idref="oc-72"/>
            <object_component_ref idref="oc-75"/>
            <object_component_ref idref="oc-7a"/>
            <object_component_ref idref="oc-7d"/>
            <object_component_ref idref="oc-80"/>
            <object_component_ref idref="oc-85"/>
            <object_component_ref idref="oc-88"/>
            <object_component_ref idref="oc-8b"/>
            <object_component_ref idref="oc-8e"/>
            <object_component_ref idref="oc-91"/>
            <object_component_ref idref="oc-94"/>
            <object_component_ref idref="oc-97"/>
            <object_component_ref idref="oc-9b"/>
            <object_component_ref idref="oc-9e"/>
            <object_component_ref idref="oc-f4"/>
         </contents>
      </logical_group>
      <logical_group id="lg-ec">
         <name>.debug_frame</name>
         <load_address>0x0</load_address>
         <run_address>0x0</run_address>
         <size>0x10ff</size>
         <contents>
            <object_component_ref idref="oc-27"/>
            <object_component_ref idref="oc-2d"/>
            <object_component_ref idref="oc-31"/>
            <object_component_ref idref="oc-4d"/>
         </contents>
      </logical_group>
      <logical_group id="lg-ee">
         <name>.debug_line</name>
         <load_address>0x0</load_address>
         <run_address>0x0</run_address>
         <size>0x16fd</size>
         <contents>
            <object_component_ref idref="oc-28"/>
            <object_component_ref idref="oc-2e"/>
            <object_component_ref idref="oc-32"/>
            <object_component_ref idref="oc-4e"/>
            <object_component_ref idref="oc-52"/>
            <object_component_ref idref="oc-57"/>
            <object_component_ref idref="oc-5a"/>
            <object_component_ref idref="oc-5d"/>
            <object_component_ref idref="oc-60"/>
            <object_component_ref idref="oc-65"/>
            <object_component_ref idref="oc-6a"/>
            <object_component_ref idref="oc-6d"/>
            <object_component_ref idref="oc-70"/>
            <object_component_ref idref="oc-73"/>
            <object_component_ref idref="oc-78"/>
            <object_component_ref idref="oc-7b"/>
            <object_component_ref idref="oc-7e"/>
            <object_component_ref idref="oc-83"/>
            <object_component_ref idref="oc-86"/>
            <object_component_ref idref="oc-89"/>
            <object_component_ref idref="oc-8c"/>
            <object_component_ref idref="oc-8f"/>
            <object_component_ref idref="oc-92"/>
            <object_component_ref idref="oc-95"/>
            <object_component_ref idref="oc-9c"/>
            <object_component_ref idref="oc-9f"/>
         </contents>
      </logical_group>
      <logical_group id="lg-f0">
         <name>.debug_abbrev</name>
         <load_address>0x0</load_address>
         <run_address>0x0</run_address>
         <size>0x1617</size>
         <contents>
            <object_component_ref idref="oc-29"/>
            <object_component_ref idref="oc-2f"/>
            <object_component_ref idref="oc-33"/>
            <object_component_ref idref="oc-4f"/>
            <object_component_ref idref="oc-53"/>
            <object_component_ref idref="oc-58"/>
            <object_component_ref idref="oc-5b"/>
            <object_component_ref idref="oc-5e"/>
            <object_component_ref idref="oc-61"/>
            <object_component_ref idref="oc-66"/>
            <object_component_ref idref="oc-6b"/>
            <object_component_ref idref="oc-6e"/>
            <object_component_ref idref="oc-71"/>
            <object_component_ref idref="oc-74"/>
            <object_component_ref idref="oc-79"/>
            <object_component_ref idref="oc-7c"/>
            <object_component_ref idref="oc-7f"/>
            <object_component_ref idref="oc-84"/>
            <object_component_ref idref="oc-87"/>
            <object_component_ref idref="oc-8a"/>
            <object_component_ref idref="oc-8d"/>
            <object_component_ref idref="oc-90"/>
            <object_component_ref idref="oc-93"/>
            <object_component_ref idref="oc-96"/>
            <object_component_ref idref="oc-9a"/>
            <object_component_ref idref="oc-9d"/>
            <object_component_ref idref="oc-a0"/>
            <object_component_ref idref="oc-f5"/>
         </contents>
      </logical_group>
   </logical_group_list>
   <placement_map>
      <memory_area>
         <name>VECTORS</name>
         <page_id>0x0</page_id>
         <origin>0x11800000</origin>
         <length>0x200</length>
         <used_space>0x0</used_space>
         <unused_space>0x200</unused_space>
         <attributes>RWIX</attributes>
         <usage_details>
         </usage_details>
      </memory_area>
      <memory_area>
         <name>DSPRAM</name>
         <page_id>0x0</page_id>
         <origin>0x11800200</origin>
         <length>0x3fe00</length>
         <used_space>0x341e8</used_space>
         <unused_space>0xbc18</unused_space>
         <attributes>RWIX</attributes>
         <usage_details>
            <allocated_space>
               <start_address>0x11800200</start_address>
               <size>0x2c490</size>
               <logical_group_ref idref="lg-6"/>
            </allocated_space>
            <available_space>
               <start_address>0x1182c690</start_address>
               <size>0x10</size>
            </available_space>
            <allocated_space>
               <start_address>0x1182c6a0</start_address>
               <size>0x5020</size>
               <logical_group_ref idref="lg-9"/>
            </allocated_space>
            <allocated_space>
               <start_address>0x118316c0</start_address>
               <size>0x263c</size>
               <logical_group_ref idref="lg-b"/>
            </allocated_space>
            <available_space>
               <start_address>0x11833cfc</start_address>
               <size>0x4</size>
            </available_space>
            <allocated_space>
               <start_address>0x11833d00</start_address>
               <size>0x400</size>
               <logical_group_ref idref="lg-7"/>
            </allocated_space>
            <allocated_space>
               <start_address>0x11834100</start_address>
               <size>0x2a4</size>
               <logical_group_ref idref="lg-4"/>
            </allocated_space>
            <allocated_space>
               <start_address>0x118343a4</start_address>
               <size>0x40</size>
               <logical_group_ref idref="lg-3"/>
            </allocated_space>
            <allocated_space>
               <start_address>0x118343e4</start_address>
               <size>0x18</size>
               <logical_group_ref idref="lg-a"/>
            </allocated_space>
            <available_space>
               <start_address>0x118343fc</start_address>
               <size>0xbc04</size>
            </available_space>
         </usage_details>
      </memory_area>
      <memory_area>
         <name>SHAREDRAM</name>
         <page_id>0x0</page_id>
         <origin>0x80000000</origin>
         <length>0x20000</length>
         <used_space>0x0</used_space>
         <unused_space>0x20000</unused_space>
         <attributes>RWIX</attributes>
         <usage_details>
         </usage_details>
      </memory_area>
      <memory_area>
         <name>SDRAM</name>
         <page_id>0x0</page_id>
         <origin>0xc0000000</origin>
         <length>0x8000000</length>
         <used_space>0x2cfb0</used_space>
         <unused_space>0x7fd3050</unused_space>
         <attributes>RWIX</attributes>
         <usage_details>
            <allocated_space>
               <start_address>0xc0000000</start_address>
               <size>0xfa00</size>
               <logical_group_ref idref="lg-1a"/>
            </allocated_space>
            <allocated_space>
               <start_address>0xc000fa00</start_address>
               <size>0x5454</size>
               <logical_group_ref idref="lg-19"/>
            </allocated_space>
            <available_space>
               <start_address>0xc0014e54</start_address>
               <size>0x4</size>
            </available_space>
            <allocated_space>
               <start_address>0xc0014e58</start_address>
               <size>0x5140</size>
               <logical_group_ref idref="lg-1b"/>
            </allocated_space>
            <allocated_space>
               <start_address>0xc0019f98</start_address>
               <size>0x41a0</size>
               <logical_group_ref idref="lg-20"/>
            </allocated_space>
            <allocated_space>
               <start_address>0xc001e138</start_address>
               <size>0x3480</size>
               <logical_group_ref idref="lg-e"/>
            </allocated_space>
            <allocated_space>
               <start_address>0xc00215b8</start_address>
               <size>0x1900</size>
               <logical_group_ref idref="lg-11"/>
            </allocated_space>
            <allocated_space>
               <start_address>0xc0022eb8</start_address>
               <size>0x1900</size>
               <logical_group_ref idref="lg-12"/>
            </allocated_space>
            <allocated_space>
               <start_address>0xc00247b8</start_address>
               <size>0x1900</size>
               <logical_group_ref idref="lg-13"/>
            </allocated_space>
            <allocated_space>
               <start_address>0xc00260b8</start_address>
               <size>0x1900</size>
               <logical_group_ref idref="lg-f"/>
            </allocated_space>
            <allocated_space>
               <start_address>0xc00279b8</start_address>
               <size>0x1900</size>
               <logical_group_ref idref="lg-10"/>
            </allocated_space>
            <allocated_space>
               <start_address>0xc00292b8</start_address>
               <size>0x1000</size>
               <logical_group_ref idref="lg-1d"/>
            </allocated_space>
            <allocated_space>
               <start_address>0xc002a2b8</start_address>
               <size>0x1000</size>
               <logical_group_ref idref="lg-1f"/>
            </allocated_space>
            <allocated_space>
               <start_address>0xc002b2b8</start_address>
               <size>0x820</size>
               <logical_group_ref idref="lg-17"/>
            </allocated_space>
            <allocated_space>
               <start_address>0xc002bad8</start_address>
               <size>0x800</size>
               <logical_group_ref idref="lg-1c"/>
            </allocated_space>
            <allocated_space>
               <start_address>0xc002c2d8</start_address>
               <size>0x404</size>
               <logical_group_ref idref="lg-1e"/>
            </allocated_space>
            <available_space>
               <start_address>0xc002c6dc</start_address>
               <size>0x4</size>
            </available_space>
            <allocated_space>
               <start_address>0xc002c6e0</start_address>
               <size>0x320</size>
               <logical_group_ref idref="lg-21"/>
            </allocated_space>
            <allocated_space>
               <start_address>0xc002ca00</start_address>
               <size>0x190</size>
               <logical_group_ref idref="lg-22"/>
            </allocated_space>
            <allocated_space>
               <start_address>0xc002cb90</start_address>
               <size>0x140</size>
               <logical_group_ref idref="lg-14"/>
            </allocated_space>
            <allocated_space>
               <start_address>0xc002ccd0</start_address>
               <size>0x140</size>
               <logical_group_ref idref="lg-15"/>
            </allocated_space>
            <allocated_space>
               <start_address>0xc002ce10</start_address>
               <size>0x140</size>
               <logical_group_ref idref="lg-16"/>
            </allocated_space>
            <allocated_space>
               <start_address>0xc002cf50</start_address>
               <size>0x68</size>
               <logical_group_ref idref="lg-18"/>
            </allocated_space>
            <available_space>
               <start_address>0xc002cfb8</start_address>
               <size>0x7fd3048</size>
            </available_space>
         </usage_details>
      </memory_area>
   </placement_map>
   <symbol_table>
      <symbol id="sm-0">
         <name>cinit</name>
         <value>0x11834100</value>
      </symbol>
      <symbol id="sm-1">
         <name>___cinit__</name>
         <value>0x11834100</value>
      </symbol>
      <symbol id="sm-2">
         <name>pinit</name>
         <value>0xffffffff</value>
      </symbol>
      <symbol id="sm-3">
         <name>___pinit__</name>
         <value>0xffffffff</value>
      </symbol>
      <symbol id="sm-4">
         <name>binit</name>
         <value>0xffffffff</value>
      </symbol>
      <symbol id="sm-5">
         <name>___binit__</name>
         <value>0xffffffff</value>
      </symbol>
      <symbol id="sm-6">
         <name>__STACK_SIZE</name>
         <value>0x400</value>
      </symbol>
      <symbol id="sm-7">
         <name>__STACK_END</name>
         <value>0x11834100</value>
      </symbol>
      <symbol id="sm-8">
         <name>___c_args__</name>
         <value>0xffffffff</value>
      </symbol>
      <symbol id="sm-9">
         <name>.text</name>
         <value>0x1182c6a0</value>
      </symbol>
      <symbol id="sm-a">
         <name>___text__</name>
         <value>0x1182c6a0</value>
      </symbol>
      <symbol id="sm-b">
         <name>etext</name>
         <value>0x118316c0</value>
      </symbol>
      <symbol id="sm-c">
         <name>___etext__</name>
         <value>0x118316c0</value>
      </symbol>
      <symbol id="sm-d">
         <name>.bss</name>
         <value>0x118343a4</value>
      </symbol>
      <symbol id="sm-e">
         <name>___bss__</name>
         <value>0x118343a4</value>
      </symbol>
      <symbol id="sm-f">
         <name>end</name>
         <value>0x118343e4</value>
      </symbol>
      <symbol id="sm-10">
         <name>___end__</name>
         <value>0x118343e4</value>
      </symbol>
      <symbol id="sm-11">
         <name>___TI_pprof_out_hndl</name>
         <value>0xffffffff</value>
      </symbol>
      <symbol id="sm-12">
         <name>___TI_prof_data_start</name>
         <value>0xffffffff</value>
      </symbol>
      <symbol id="sm-13">
         <name>___TI_prof_data_size</name>
         <value>0xffffffff</value>
      </symbol>
      <symbol id="sm-14">
         <name>$bss</name>
         <value>0x118343a4</value>
      </symbol>
      <symbol id="sm-71">
         <name>_Codec_ISR</name>
         <value>0x11830100</value>
         <object_component_ref idref="oc-26"/>
      </symbol>
      <symbol id="sm-72">
         <name>_CodecDataIn</name>
         <value>0x11833cf4</value>
         <object_component_ref idref="oc-25"/>
      </symbol>
      <symbol id="sm-73">
         <name>_CodecDataOut</name>
         <value>0x11833cf8</value>
         <object_component_ref idref="oc-25"/>
      </symbol>
      <symbol id="sm-13b">
         <name>_CheckForOverrun</name>
         <value>0x1182ef34</value>
         <object_component_ref idref="oc-a4"/>
      </symbol>
      <symbol id="sm-13c">
         <name>_Reset_I2C</name>
         <value>0x1182ede8</value>
         <object_component_ref idref="oc-a4"/>
      </symbol>
      <symbol id="sm-13d">
         <name>_Init_McASP0</name>
         <value>0x1182f358</value>
         <object_component_ref idref="oc-a4"/>
      </symbol>
      <symbol id="sm-13e">
         <name>_SetSampleRate_AIC3106</name>
         <value>0x1182f210</value>
         <object_component_ref idref="oc-a4"/>
      </symbol>
      <symbol id="sm-13f">
         <name>_Read_UART2</name>
         <value>0x1182f808</value>
         <object_component_ref idref="oc-a4"/>
      </symbol>
      <symbol id="sm-140">
         <name>_Puts_UART2</name>
         <value>0x1182f7c8</value>
         <object_component_ref idref="oc-a4"/>
      </symbol>
      <symbol id="sm-141">
         <name>_Init_AIC3106</name>
         <value>0x1182ef64</value>
         <object_component_ref idref="oc-a4"/>
      </symbol>
      <symbol id="sm-142">
         <name>_WriteDigitalOutputs</name>
         <value>0x1182ec70</value>
         <object_component_ref idref="oc-a4"/>
      </symbol>
      <symbol id="sm-143">
         <name>_wait</name>
         <value>0x1182ed58</value>
         <object_component_ref idref="oc-a4"/>
      </symbol>
      <symbol id="sm-144">
         <name>_Init_UART2</name>
         <value>0x1182f6e8</value>
         <object_component_ref idref="oc-a4"/>
      </symbol>
      <symbol id="sm-145">
         <name>_Reset_AIC3106</name>
         <value>0x1182f1e8</value>
         <object_component_ref idref="oc-a4"/>
      </symbol>
      <symbol id="sm-146">
         <name>_DSP_Init</name>
         <value>0x1182eac8</value>
         <object_component_ref idref="oc-a4"/>
      </symbol>
      <symbol id="sm-147">
         <name>_IsDataReady_UART2</name>
         <value>0x1182f828</value>
         <object_component_ref idref="oc-a4"/>
      </symbol>
      <symbol id="sm-148">
         <name>_IsTxReady_UART2</name>
         <value>0x1182f84c</value>
         <object_component_ref idref="oc-a4"/>
      </symbol>
      <symbol id="sm-149">
         <name>_Init_Interrupts_EDMA</name>
         <value>0x1182ed08</value>
         <object_component_ref idref="oc-a4"/>
      </symbol>
      <symbol id="sm-14a">
         <name>_AIC3106_write_reg</name>
         <value>0x1182f1ac</value>
         <object_component_ref idref="oc-a4"/>
      </symbol>
      <symbol id="sm-14b">
         <name>_WriteLEDs</name>
         <value>0x1182eb68</value>
         <object_component_ref idref="oc-a4"/>
      </symbol>
      <symbol id="sm-14c">
         <name>_Init_I2C</name>
         <value>0x1182ed8c</value>
         <object_component_ref idref="oc-a4"/>
      </symbol>
      <symbol id="sm-14d">
         <name>_InitDigitalOutputs</name>
         <value>0x1182ec64</value>
         <object_component_ref idref="oc-a4"/>
      </symbol>
      <symbol id="sm-14e">
         <name>_InitLEDs</name>
         <value>0x1182eb08</value>
         <object_component_ref idref="oc-a4"/>
      </symbol>
      <symbol id="sm-14f">
         <name>_WriteCodecData</name>
         <value>0x1182ef10</value>
         <object_component_ref idref="oc-a4"/>
      </symbol>
      <symbol id="sm-150">
         <name>_ReadSwitches</name>
         <value>0x1182ec4c</value>
         <object_component_ref idref="oc-a4"/>
      </symbol>
      <symbol id="sm-151">
         <name>_DSP_Init_EDMA</name>
         <value>0x1182eae8</value>
         <object_component_ref idref="oc-a4"/>
      </symbol>
      <symbol id="sm-152">
         <name>_Write_I2C</name>
         <value>0x1182ee08</value>
         <object_component_ref idref="oc-a4"/>
      </symbol>
      <symbol id="sm-153">
         <name>_Write_UART2</name>
         <value>0x1182f7a0</value>
         <object_component_ref idref="oc-a4"/>
      </symbol>
      <symbol id="sm-154">
[...]
         <value>0x1182d4e0</value>
         <object_component_ref idref="oc-a8"/>
      </symbol>
      <symbol id="sm-3b6">
         <name>_hanWindow</name>
         <value>0x1182d6ec</value>
         <object_component_ref idref="oc-a8"/>
      </symbol>
      <symbol id="sm-3b7">
         <name>_z3</name>
         <value>0x11832980</value>
         <object_component_ref idref="oc-46"/>
      </symbol>
      <symbol id="sm-3b8">
         <name>_z2</name>
         <value>0x11832070</value>
         <object_component_ref idref="oc-46"/>
      </symbol>
      <symbol id="sm-3b9">
         <name>_z1</name>
         <value>0x11831760</value>
         <object_component_ref idref="oc-46"/>
      </symbol>
      <symbol id="sm-3ba">
         <name>_inputIdx</name>
         <value>0x118343bc</value>
         <object_component_ref idref="oc-34"/>
      </symbol>
      <symbol id="sm-3bb">
         <name>_temp20_1</name>
         <value>0x11832020</value>
         <object_component_ref idref="oc-46"/>
      </symbol>
      <symbol id="sm-3bc">
         <name>_temp20_2</name>
         <value>0x11832930</value>
         <object_component_ref idref="oc-46"/>
      </symbol>
      <symbol id="sm-3bd">
         <name>_temp20_3</name>
         <value>0x11833240</value>
         <object_component_ref idref="oc-46"/>
      </symbol>
      <symbol id="sm-3be">
         <name>_xW3</name>
         <value>0x1182a148</value>
         <object_component_ref idref="oc-af"/>
      </symbol>
      <symbol id="sm-3bf">
         <name>_xW2</name>
         <value>0x11828848</value>
         <object_component_ref idref="oc-ae"/>
      </symbol>
      <symbol id="sm-3c0">
         <name>_xW1</name>
         <value>0x118208c8</value>
         <object_component_ref idref="oc-ad"/>
      </symbol>
      <symbol id="sm-3c1">
         <name>_xVo</name>
         <value>0x1182ba48</value>
         <object_component_ref idref="oc-b6"/>
      </symbol>
      <symbol id="sm-3c2">
         <name>_xVb</name>
         <value>0x1182c628</value>
         <object_component_ref idref="oc-b7"/>
      </symbol>
      <symbol id="sm-3c3">
         <name>_filterMaker</name>
         <value>0x11817ff0</value>
         <object_component_ref idref="oc-ac"/>
      </symbol>
      <symbol id="sm-3c4">
         <name>_xU3</name>
         <value>0x11826f48</value>
         <object_component_ref idref="oc-b2"/>
      </symbol>
      <symbol id="sm-3c5">
         <name>_xU2</name>
         <value>0x11825648</value>
         <object_component_ref idref="oc-b1"/>
      </symbol>
      <symbol id="sm-3c6">
         <name>_xU1</name>
         <value>0x11823d48</value>
         <object_component_ref idref="oc-b0"/>
      </symbol>
      <symbol id="sm-3c7">
         <name>_bufferCopy</name>
         <value>0x1182d9f4</value>
         <object_component_ref idref="oc-a8"/>
      </symbol>
      <symbol id="sm-3c8">
         <name>_zeroVectorFloat</name>
         <value>0x1182d8a0</value>
         <object_component_ref idref="oc-a8"/>
      </symbol>
      <symbol id="sm-3c9">
         <name>_zdivider</name>
         <value>0x1182d5ac</value>
         <object_component_ref idref="oc-a8"/>
      </symbol>
      <symbol id="sm-3ca">
         <name>_W1load</name>
         <value>0x1182dca8</value>
         <object_component_ref idref="oc-a8"/>
      </symbol>
      <symbol id="sm-3cb">
         <name>_beatActivation</name>
         <value>0xc002c6e0</value>
         <object_component_ref idref="oc-4a"/>
      </symbol>
      <symbol id="sm-3cc">
         <name>_filter16k</name>
         <value>0x1182ca08</value>
         <object_component_ref idref="oc-a8"/>
      </symbol>
      <symbol id="sm-3cd">
         <name>_point_mult</name>
         <value>0x1182cf58</value>
         <object_component_ref idref="oc-a8"/>
      </symbol>
      <symbol id="sm-3ce">
         <name>_dofft</name>
         <value>0x118343c0</value>
         <object_component_ref idref="oc-34"/>
      </symbol>
      <symbol id="sm-3cf">
         <name>_hard_sig</name>
         <value>0x1182d308</value>
         <object_component_ref idref="oc-a8"/>
      </symbol>
      <symbol id="sm-3d0">
         <name>_concat</name>
         <value>0x1182dae8</value>
         <object_component_ref idref="oc-a8"/>
      </symbol>
      <symbol id="sm-3d1">
         <name>_loadWeights20</name>
         <value>0x1182caa8</value>
         <object_component_ref idref="oc-a8"/>
      </symbol>
      <symbol id="sm-3d2">
         <name>_absCpx</name>
         <value>0x1182dc04</value>
         <object_component_ref idref="oc-a8"/>
      </symbol>
      <symbol id="sm-3d3">
         <name>_point_mult_cpxR</name>
         <value>0x1182cfc4</value>
         <object_component_ref idref="oc-a8"/>
      </symbol>
      <symbol id="sm-3d4">
         <name>_soundLoad</name>
         <value>0x1182ddcc</value>
         <object_component_ref idref="oc-a8"/>
      </symbol>
      <symbol id="sm-3d5">
         <name>_audioIdx</name>
         <value>0x118343b8</value>
         <object_component_ref idref="oc-34"/>
      </symbol>
      <symbol id="sm-3d6">
         <name>_o3</name>
         <value>0x11832b60</value>
         <object_component_ref idref="oc-46"/>
      </symbol>
      <symbol id="sm-3d7">
         <name>_o2</name>
         <value>0x11832250</value>
         <object_component_ref idref="oc-46"/>
      </symbol>
      <symbol id="sm-3d8">
         <name>_o1</name>
         <value>0x11831940</value>
         <object_component_ref idref="oc-46"/>
      </symbol>
      <symbol id="sm-3d9">
         <name>_units</name>
         <value>0x118343d4</value>
         <object_component_ref idref="oc-34"/>
      </symbol>
      <symbol id="sm-3da">
         <name>_beatActivationFunct</name>
         <value>0x1182d868</value>
         <object_component_ref idref="oc-a8"/>
      </symbol>
      <symbol id="sm-3db">
         <name>_time</name>
         <value>0x118343c4</value>
         <object_component_ref idref="oc-34"/>
      </symbol>
      <symbol id="sm-3dc">
         <name>_zeroVectorCpxI</name>
         <value>0x1182d8e4</value>
         <object_component_ref idref="oc-a8"/>
      </symbol>
      <symbol id="sm-3dd">
         <name>_beatVector</name>
         <value>0xc002ca00</value>
         <object_component_ref idref="oc-4b"/>
      </symbol>
      <symbol id="sm-3de">
         <name>_kk</name>
         <value>0x118343a8</value>
         <object_component_ref idref="oc-34"/>
      </symbol>
      <symbol id="sm-3df">
         <name>_Chat3</name>
         <value>0x11832bb0</value>
         <object_component_ref idref="oc-46"/>
      </symbol>
      <symbol id="sm-3e0">
         <name>_Chat2</name>
         <value>0x118322a0</value>
         <object_component_ref idref="oc-46"/>
      </symbol>
      <symbol id="sm-3e1">
         <name>_Chat1</name>
         <value>0x11831990</value>
         <object_component_ref idref="oc-46"/>
      </symbol>
      <symbol id="sm-3e2">
         <name>_fast_tanh</name>
         <value>0x1182d3b4</value>
         <object_component_ref idref="oc-a8"/>
      </symbol>
      <symbol id="sm-3e3">
         <name>_C3</name>
         <value>0x11832f20</value>
         <object_component_ref idref="oc-46"/>
      </symbol>
      <symbol id="sm-3e4">
         <name>_C2</name>
         <value>0x11832610</value>
         <object_component_ref idref="oc-46"/>
      </symbol>
      <symbol id="sm-3e5">
         <name>_C1</name>
         <value>0x11831d00</value>
         <object_component_ref idref="oc-46"/>
      </symbol>
      <symbol id="sm-3e6">
         <name>_ii</name>
         <value>0x118343ac</value>
         <object_component_ref idref="oc-34"/>
      </symbol>
      <symbol id="sm-3e7">
         <name>_flt</name>
         <value>0xc000fa00</value>
         <object_component_ref idref="oc-3a"/>
      </symbol>
      <symbol id="sm-3e8">
         <name>_han512</name>
         <value>0x11833308</value>
         <object_component_ref idref="oc-46"/>
      </symbol>
      <symbol id="sm-3e9">
         <name>_filterOut</name>
         <value>0xc0019f98</value>
         <object_component_ref idref="oc-49"/>
      </symbol>
      <symbol id="sm-3ea">
         <name>_i3</name>
         <value>0x11832ac0</value>
         <object_component_ref idref="oc-46"/>
      </symbol>
      <symbol id="sm-3eb">
         <name>_i2</name>
         <value>0x118321b0</value>
         <object_component_ref idref="oc-46"/>
      </symbol>
      <symbol id="sm-3ec">
         <name>_i1</name>
         <value>0x118318a0</value>
         <object_component_ref idref="oc-46"/>
      </symbol>
      <symbol id="sm-3ed">
         <name>_softmax</name>
         <value>0x1182d134</value>
         <object_component_ref idref="oc-a8"/>
      </symbol>
      <symbol id="sm-3ee">
         <name>_matadd</name>
         <value>0x1182d234</value>
         <object_component_ref idref="oc-a8"/>
      </symbol>
      <symbol id="sm-3ef">
         <name>_BEAT_THRESHOLD</name>
         <value>0x118343a4</value>
         <object_component_ref idref="oc-34"/>
      </symbol>
      <symbol id="sm-3f0">
         <name>_tanh_vect_pass</name>
         <value>0x1182d550</value>
         <object_component_ref idref="oc-a8"/>
      </symbol>
      <symbol id="sm-3f1">
         <name>_h3</name>
         <value>0x11832c00</value>
         <object_component_ref idref="oc-46"/>
      </symbol>
      <symbol id="sm-3f2">
         <name>_h2</name>
         <value>0x118322f0</value>
         <object_component_ref idref="oc-46"/>
      </symbol>
      <symbol id="sm-3f3">
         <name>_h1</name>
         <value>0x118319e0</value>
         <object_component_ref idref="oc-46"/>
      </symbol>
      <symbol id="sm-3f4">
         <name>_h0</name>
         <value>0x118316c0</value>
         <object_component_ref idref="oc-46"/>
      </symbol>
      <symbol id="sm-3f5">
         <name>_fftOut</name>
         <value>0xc002c2d8</value>
         <object_component_ref idref="oc-39"/>
      </symbol>
      <symbol id="sm-3f6">
         <name>_bufferCopyCpx</name>
         <value>0x1182da64</value>
         <object_component_ref idref="oc-a8"/>
      </symbol>
      <symbol id="sm-3f7">
         <name>_f3</name>
         <value>0x11832b10</value>
         <object_component_ref idref="oc-46"/>
      </symbol>
      <symbol id="sm-3f8">
         <name>_f2</name>
         <value>0x11832200</value>
         <object_component_ref idref="oc-46"/>
      </symbol>
      <symbol id="sm-3f9">
         <name>_f1</name>
         <value>0x118318f0</value>
         <object_component_ref idref="oc-46"/>
      </symbol>
      <symbol id="sm-3fa">
         <name>_zeroVectorShort</name>
         <value>0x1182d930</value>
         <object_component_ref idref="oc-a8"/>
      </symbol>
      <symbol id="sm-3fb">
         <name>_isBeat</name>
         <value>0x118343dc</value>
         <object_component_ref idref="oc-34"/>
      </symbol>
      <symbol id="sm-3fc">
         <name>_output</name>
         <value>0xc0014e58</value>
         <object_component_ref idref="oc-47"/>
      </symbol>
      <symbol id="sm-3fd">
         <name>_fft</name>
         <value>0x1182c6a0</value>
         <object_component_ref idref="oc-a8"/>
      </symbol>
      <symbol id="sm-3fe">
         <name>_zeroVectorDouble</name>
         <value>0x1182d9b0</value>
         <object_component_ref idref="oc-a8"/>
      </symbol>
      <symbol id="sm-3ff">
         <name>_soundTest</name>
         <value>0x11800200</value>
         <object_component_ref idref="oc-c1"/>
      </symbol>
      <symbol id="sm-400">
         <name>_c0</name>
         <value>0x11831710</value>
         <object_component_ref idref="oc-46"/>
      </symbol>
      <symbol id="sm-401">
         <name>_logdiffs</name>
         <value>0x11833bb0</value>
         <object_component_ref idref="oc-46"/>
      </symbol>
      <symbol id="sm-402">
         <name>_b3</name>
         <value>0xc002ce10</value>
         <object_component_ref idref="oc-43"/>
      </symbol>
      <symbol id="sm-403">
         <name>_b2</name>
         <value>0xc002ccd0</value>
         <object_component_ref idref="oc-42"/>
      </symbol>
      <symbol id="sm-404">
         <name>_b1</name>
         <value>0xc002cb90</value>
         <object_component_ref idref="oc-41"/>
      </symbol>
      <symbol id="sm-405">
         <name>_w512</name>
         <value>0xc002a2b8</value>
         <object_component_ref idref="oc-38"/>
      </symbol>
      <symbol id="sm-406">
         <name>_time_m1</name>
         <value>0x118343c8</value>
         <object_component_ref idref="oc-34"/>
      </symbol>
      <symbol id="sm-407">
         <name>_time_m2</name>
         <value>0x118343cc</value>
         <object_component_ref idref="oc-34"/>
      </symbol>
      <symbol id="sm-408">
         <name>_inputLoad</name>
         <value>0x1182dd30</value>
         <object_component_ref idref="oc-a8"/>
      </symbol>
      <symbol id="sm-409">
         <name>_matmul</name>
         <value>0x1182d030</value>
         <object_component_ref idref="oc-a8"/>
      </symbol>
      <symbol id="sm-40a">
         <name>_features</name>
         <value>0x11833b08</value>
         <object_component_ref idref="oc-46"/>
      </symbol>
      <symbol id="sm-40b">
         <name>_xb3</name>
         <value>0x1182c4e8</value>
         <object_component_ref idref="oc-b5"/>
      </symbol>
      <symbol id="sm-40c">
         <name>_xb2</name>
         <value>0x1182c3a8</value>
         <object_component_ref idref="oc-b4"/>
      </symbol>
      <symbol id="sm-40d">
         <name>_xb1</name>
         <value>0x1182c268</value>
         <object_component_ref idref="oc-b3"/>
      </symbol>
      <symbol id="sm-40e">
         <name>_out3</name>
         <value>0x11833290</value>
         <object_component_ref idref="oc-46"/>
      </symbol>
      <symbol id="sm-40f">
         <name>_fftIn</name>
         <value>0xc00292b8</value>
         <object_component_ref idref="oc-37"/>
      </symbol>
      <symbol id="sm-410">
         <name>_zeroVectorInt</name>
         <value>0x1182d970</value>
         <object_component_ref idref="oc-a8"/>
      </symbol>
      <symbol id="sm-411">
         <name>_X</name>
         <value>0x1181d448</value>
         <object_component_ref idref="oc-bf"/>
      </symbol>
      <symbol id="sm-412">
         <name>_idx</name>
         <value>0x118343b0</value>
         <object_component_ref idref="oc-34"/>
      </symbol>
      <symbol id="sm-413">
         <name>_input</name>
         <value>0xc0000000</value>
         <object_component_ref idref="oc-48"/>
      </symbol>
      <symbol id="sm-414">
         <name>_twiddleGen</name>
         <value>0x1182d78c</value>
         <object_component_ref idref="oc-a8"/>
      </symbol>
      <symbol id="sm-415">
         <name>_beatdly</name>
         <value>0x118343d0</value>
         <object_component_ref idref="oc-34"/>
      </symbol>
      <symbol id="sm-416">
         <name>_audioIn</name>
         <value>0xc002bad8</value>
         <object_component_ref idref="oc-4c"/>
      </symbol>
      <symbol id="sm-425">
         <name>_c_int00</name>
         <value>0x118314e0</value>
         <object_component_ref idref="oc-23"/>
      </symbol>
      <symbol id="sm-426">
         <name>__stack</name>
         <value>0x11833d00</value>
         <object_component_ref idref="oc-51"/>
      </symbol>
      <symbol id="sm-43c">
         <name>_cos</name>
         <value>0x1182fe20</value>
         <object_component_ref idref="oc-bb"/>
      </symbol>
      <symbol id="sm-44e">
         <name>__divd</name>
         <value>0x1182f880</value>
         <object_component_ref idref="oc-ba"/>
      </symbol>
      <symbol id="sm-45e">
         <name>__divf</name>
         <value>0x118303c0</value>
         <object_component_ref idref="oc-b9"/>
      </symbol>
      <symbol id="sm-467">
         <name>__c6xabi_divu</name>
         <value>0x118310e0</value>
         <object_component_ref idref="oc-ab"/>
      </symbol>
      <symbol id="sm-468">
         <name>__divu</name>
         <value>0x118310e0</value>
         <object_component_ref idref="oc-ab"/>
      </symbol>
      <symbol id="sm-47f">
         <name>C$$EXIT</name>
         <value>0x118316a0</value>
         <object_component_ref idref="oc-a9"/>
      </symbol>
      <symbol id="sm-480">
         <name>_exit</name>
         <value>0x118311a0</value>
         <object_component_ref idref="oc-a3"/>
      </symbol>
      <symbol id="sm-481">
         <name>___TI_enable_exit_profile_output</name>
         <value>0x11833cf0</value>
         <object_component_ref idref="oc-64"/>
      </symbol>
      <symbol id="sm-482">
         <name>_abort</name>
         <value>0x118316a0</value>
         <object_component_ref idref="oc-a9"/>
      </symbol>
      <symbol id="sm-483">
         <name>__cleanup_ptr</name>
         <value>0x11833ce8</value>
         <object_component_ref idref="oc-64"/>
      </symbol>
      <symbol id="sm-484">
         <name>__dtors_ptr</name>
         <value>0x11833cec</value>
         <object_component_ref idref="oc-64"/>
      </symbol>
      <symbol id="sm-497">
         <name>_exp</name>
         <value>0x11830ac0</value>
         <object_component_ref idref="oc-b8"/>
      </symbol>
      <symbol id="sm-4a1">
         <name>__frcmpyd_div</name>
         <value>0x11831600</value>
         <object_component_ref idref="oc-c5"/>
      </symbol>
      <symbol id="sm-4b1">
         <name>_ldexp</name>
         <value>0x11830ca0</value>
         <object_component_ref idref="oc-c3"/>
      </symbol>
      <symbol id="sm-4bb">
         <name>__llshru</name>
         <value>0x11831640</value>
         <object_component_ref idref="oc-c4"/>
      </symbol>
      <symbol id="sm-4cd">
         <name>_log</name>
         <value>0x118308c0</value>
         <object_component_ref idref="oc-bd"/>
      </symbol>
      <symbol id="sm-4d9">
         <name>_modf</name>
         <value>0x11831440</value>
         <object_component_ref idref="oc-c7"/>
      </symbol>
      <symbol id="sm-4e3">
         <name>__nround</name>
         <value>0x11831260</value>
         <object_component_ref idref="oc-c6"/>
      </symbol>
      <symbol id="sm-4f8">
         <name>_sin</name>
         <value>0x11830640</value>
         <object_component_ref idref="oc-bc"/>
      </symbol>
      <symbol id="sm-504">
         <name>_sqrt</name>
         <value>0x11830f20</value>
         <object_component_ref idref="oc-be"/>
      </symbol>
      <symbol id="sm-50e">
         <name>__trunc</name>
         <value>0x11831680</value>
         <object_component_ref idref="oc-c2"/>
      </symbol>
      <symbol id="sm-518">
         <name>__args_main</name>
         <value>0x118315c0</value>
         <object_component_ref idref="oc-a2"/>
      </symbol>
      <symbol id="sm-519">
         <name>__TI_args_main</name>
         <value>0x1</value>
      </symbol>
      <symbol id="sm-528">
         <name>__auto_init</name>
         <value>0x11831020</value>
         <object_component_ref idref="oc-a1"/>
      </symbol>
      <symbol id="sm-535">
         <name>___TI_cpp_init</name>
         <value>0x11831560</value>
         <object_component_ref idref="oc-a7"/>
      </symbol>
      <symbol id="sm-543">
         <name>_copy_in</name>
         <value>0x11831300</value>
         <object_component_ref idref="oc-a5"/>
      </symbol>
      <symbol id="sm-54d">
         <name>_errno</name>
         <value>0x11833c04</value>
         <object_component_ref idref="oc-99"/>
      </symbol>
      <symbol id="sm-55c">
         <name>_frexp</name>
         <value>0x11830e00</value>
         <object_component_ref idref="oc-c8"/>
      </symbol>
      <symbol id="sm-564">
         <name>_memcpy</name>
         <value>0x118313a0</value>
         <object_component_ref idref="oc-a6"/>
      </symbol>
   </symbol_table>
</link_info>
