******************************************************************************
               TMS320C6x Linker PC v7.4.14                     
******************************************************************************
>> Linked Tue Jun 06 16:11:08 2017

OUTPUT FILE NAME:   <BeatTrackerBuild1.out>
ENTRY POINT SYMBOL: "_c_int00"  address: 118314e0


MEMORY CONFIGURATION

         name            origin    length      used     unused   attr    fill
----------------------  --------  ---------  --------  --------  ----  --------
  VECTORS               11800000   00000200  00000000  00000200  RWIX
  DSPRAM                11800200   0003fe00  000341e8  0000bc18  RWIX
  SHAREDRAM             80000000   00020000  00000000  00020000  RWIX
  SDRAM                 c0000000   08000000  0002cfb0  07fd3050  RWIX


SECTION ALLOCATION MAP

 output                                  attributes/
section   page    origin      length       input sections
--------  ----  ----------  ----------   ----------------
.const     0    11800200    0002c490     
                  11800200    0000fa04     main.obj (.const:_soundTest)
                  1180fc04    00000004     --HOLE-- [fill = 0]
                  1180fc08    000083e8     main.obj (.const:_inputFramesMaker)
                  11817ff0    00005454     main.obj (.const:_filterMaker)
                  1181d444    00000004     --HOLE-- [fill = 0]
                  1181d448    00003480     main.obj (.const:_X)
                  118208c8    00003480     main.obj (.const:_xW1)
                  11823d48    00001900     main.obj (.const:_xU1)
                  11825648    00001900     main.obj (.const:_xU2)
                  11826f48    00001900     main.obj (.const:_xU3)
                  11828848    00001900     main.obj (.const:_xW2)
                  1182a148    00001900     main.obj (.const:_xW3)
                  1182ba48    00000820     main.obj (.const:_xVo)
                  1182c268    00000140     main.obj (.const:_xb1)
                  1182c3a8    00000140     main.obj (.const:_xb2)
                  1182c4e8    00000140     main.obj (.const:_xb3)
                  1182c628    00000068     main.obj (.const:_xVb)

.text      0    1182c6a0    00005020     
                  1182c6a0    00002420     main.obj (.text)
                  1182eac0    00000dc0     LCDK_Support_DSP.obj (.text)
                  1182f880    000005a0     rts6740.lib : divd.obj (.text:__divd)
                  1182fe20    000002e0                 : cos.obj (.text:_cos)
                  11830100    000002c0     ISRs.obj (.text:retain)
                  118303c0    00000280     rts6740.lib : divf.obj (.text:__divf)
                  11830640    00000280                 : sin.obj (.text:_sin)
                  118308c0    00000200                 : log.obj (.text:_log)
                  11830ac0    000001e0                 : exp.obj (.text:_exp)
                  11830ca0    00000160                 : ldexp.obj (.text:_ldexp)
                  11830e00    00000120                 : frexp.obj (.text:_frexp)
                  11830f20    00000100                 : sqrt.obj (.text:_sqrt)
                  11831020    000000c0                 : autoinit.obj (.text:__auto_init)
                  118310e0    000000c0                 : divu.obj (.text:__divu)
                  118311a0    000000c0                 : exit.obj (.text:_exit)
                  11831260    000000a0                 : round.obj (.text:__nround)
                  11831300    000000a0                 : cpy_tbl.obj (.text:_copy_in)
                  118313a0    000000a0                 : memcpy64.obj (.text:_memcpy)
                  11831440    000000a0                 : modf.obj (.text:_modf)
                  118314e0    00000080                 : boot.obj (.text:_c_int00)
                  11831560    00000060                 : cpp_init.obj (.text:___TI_cpp_init)
                  118315c0    00000040                 : args_main.obj (.text:__args_main)
                  11831600    00000040                 : frcmpyd_div.obj (.text:__frcmpyd_div)
                  11831640    00000040                 : llshift.obj (.text:__llshru)
                  11831680    00000020                 : trunc.obj (.text:__trunc)
                  118316a0    00000020                 : exit.obj (.text:_abort)

.far       0    118316c0    0000263c     UNINITIALIZED
                  118316c0    00002544     main.obj (.far)
                  11833c04    00000004     rts6740.lib : errno.obj (.far)
                  11833c08    00000040                 : cos.obj (.far)
                  11833c48    00000040                 : sin.obj (.far)
                  11833c88    00000030                 : exp.obj (.far)
                  11833cb8    00000030                 : log.obj (.far)
                  11833ce8    0000000c                 : exit.obj (.far)
                  11833cf4    00000008     ISRs.obj (.far)

.stack     0    11833d00    00000400     UNINITIALIZED
                  11833d00    00000008     rts6740.lib : boot.obj (.stack)
                  11833d08    000003f8     --HOLE--

.cinit     0    11834100    000002a4     
                  11834100    0000013a     main.obj (.cinit)
                  1183423a    00000006     --HOLE-- [fill = 0]
                  11834240    00000048     rts6740.lib : cos.obj (.cinit)
                  11834288    00000048                 : sin.obj (.cinit)
                  118342d0    00000040                 : exp.obj (.cinit)
                  11834310    00000040                 : log.obj (.cinit)
                  11834350    0000002c                 : exit.obj (.cinit)
                  1183437c    00000004     --HOLE-- [fill = 0]
                  11834380    0000000c     LCDK_Support_DSP.obj (.cinit)
                  1183438c    00000004     --HOLE-- [fill = 0]
                  11834390    0000000c     rts6740.lib : errno.obj (.cinit)
                  1183439c    00000004     --HOLE-- [fill = 0]
                  118343a0    00000004     (.pad.cinit) [fill = 0]

.bss       0    118343a4    00000040     UNINITIALIZED
                  118343a4    0000003a     main.obj (.bss)
                  118343de    00000002     --HOLE--
                  118343e0    00000004     LCDK_Support_DSP.obj (.bss)

.switch    0    118343e4    00000018     
                  118343e4    00000018     LCDK_Support_DSP.obj (.switch:_SetSampleRate_AIC3106)

.input     0    c0000000    0000fa00     UNINITIALIZED
                  c0000000    0000fa00     main.obj (.input)

.flt       0    c000fa00    00005454     UNINITIALIZED
                  c000fa00    00005454     main.obj (.flt)

.output    0    c0014e58    00005140     UNINITIALIZED
                  c0014e58    00005140     main.obj (.output)

.filterOut 
*          0    c0019f98    000041a0     UNINITIALIZED
                  c0019f98    000041a0     main.obj (.filterOut)

.w1        0    c001e138    00003480     UNINITIALIZED
                  c001e138    00003480     main.obj (.w1)

.u1        0    c00215b8    00001900     UNINITIALIZED
                  c00215b8    00001900     main.obj (.u1)

.u2        0    c0022eb8    00001900     UNINITIALIZED
                  c0022eb8    00001900     main.obj (.u2)

.u3        0    c00247b8    00001900     UNINITIALIZED
                  c00247b8    00001900     main.obj (.u3)

.w2        0    c00260b8    00001900     UNINITIALIZED
                  c00260b8    00001900     main.obj (.w2)

.w3        0    c00279b8    00001900     UNINITIALIZED
                  c00279b8    00001900     main.obj (.w3)

.fftIn     0    c00292b8    00001000     UNINITIALIZED
                  c00292b8    00001000     main.obj (.fftIn)

.w512      0    c002a2b8    00001000     UNINITIALIZED
                  c002a2b8    00001000     main.obj (.w512)

.vo        0    c002b2b8    00000820     UNINITIALIZED
                  c002b2b8    00000820     main.obj (.vo)

.audioIn   0    c002bad8    00000800     UNINITIALIZED
                  c002bad8    00000800     main.obj (.audioIn)

.fftOut    0    c002c2d8    00000404     UNINITIALIZED
                  c002c2d8    00000404     main.obj (.fftOut)

.beatActivation 
*          0    c002c6e0    00000320     UNINITIALIZED
                  c002c6e0    00000320     main.obj (.beatActivation)

.beatVector 
*          0    c002ca00    00000190     UNINITIALIZED
                  c002ca00    00000190     main.obj (.beatVector)

.b1        0    c002cb90    00000140     UNINITIALIZED
                  c002cb90    00000140     main.obj (.b1)

.b2        0    c002ccd0    00000140     UNINITIALIZED
                  c002ccd0    00000140     main.obj (.b2)

.b3        0    c002ce10    00000140     UNINITIALIZED
                  c002ce10    00000140     main.obj (.b3)

.vb        0    c002cf50    00000068     UNINITIALIZED
                  c002cf50    00000068     main.obj (.vb)


GLOBAL SYMBOLS: SORTED ALPHABETICALLY BY Name 

address    name
--------   ----
118343a4   $bss
118343a4   .bss
1182c6a0   .text
118316a0   C$$EXIT
1182f1ac   _AIC3106_write_reg
118343a4   _BEAT_THRESHOLD
11831d00   _C1
11832610   _C2
11832f20   _C3
11831990   _Chat1
118322a0   _Chat2
11832bb0   _Chat3
1182ef34   _CheckForOverrun
11833cf4   _CodecDataIn
11833cf8   _CodecDataOut
11830100   _Codec_ISR
1182eac8   _DSP_Init
1182eae8   _DSP_Init_EDMA
1182eccc   _EnableInterrupts
1182ed18   _EnableInterrupts_EDMA
1182eac0   _GetSampleFreq
1182ec64   _InitDigitalOutputs
1182eb08   _InitLEDs
1182ef64   _Init_AIC3106
1182ed8c   _Init_I2C
1182ec88   _Init_Interrupts
1182ed08   _Init_Interrupts_EDMA
1182f358   _Init_McASP0
1182f6e8   _Init_UART2
1182f828   _IsDataReady_UART2
1182f84c   _IsTxReady_UART2
1182f7c8   _Puts_UART2
1182eeec   _ReadCodecData
1182ec4c   _ReadSwitches
1182f808   _Read_UART2
1182f1e8   _Reset_AIC3106
1182ede8   _Reset_I2C
1182f210   _SetSampleRate_AIC3106
c00215b8   _U1
c0022eb8   _U2
c00247b8   _U3
c002cf50   _Vb
c002b2b8   _Vo
c001e138   _W1
1182dca8   _W1load
c00260b8   _W2
c00279b8   _W3
1182ef10   _WriteCodecData
1182ec70   _WriteDigitalOutputs
1182eb68   _WriteLEDs
1182ee08   _Write_I2C
1182f7a0   _Write_UART2
1181d448   _X
11834100   __STACK_END
00000400   __STACK_SIZE
00000001   __TI_args_main
11831560   ___TI_cpp_init
11833cf0   ___TI_enable_exit_profile_output
ffffffff   ___TI_pprof_out_hndl
ffffffff   ___TI_prof_data_size
ffffffff   ___TI_prof_data_start
ffffffff   ___binit__
118343a4   ___bss__
ffffffff   ___c_args__
11834100   ___cinit__
118343e4   ___end__
118316c0   ___etext__
ffffffff   ___pinit__
1182c6a0   ___text__
118315c0   __args_main
11831020   __auto_init
118310e0   __c6xabi_divu
11833ce8   __cleanup_ptr
1182f880   __divd
118303c0   __divf
118310e0   __divu
11833cec   __dtors_ptr
11831600   __frcmpyd_div
11831640   __llshru
11831260   __nround
11833d00   __stack
11831680   __trunc
118316a0   _abort
1182dc04   _absCpx
118343b8   _audioIdx
c002bad8   _audioIn
c002cb90   _b1
c002ccd0   _b2
c002ce10   _b3
c002c6e0   _beatActivation
1182d868   _beatActivationFunct
c002ca00   _beatVector
118343d0   _beatdly
1182d9f4   _bufferCopy
1182da64   _bufferCopyCpx
11831710   _c0
118314e0   _c_int00
1182dae8   _concat
11831300   _copy_in
1182fe20   _cos
118343c0   _dofft
11833c04   _errno
118311a0   _exit
11830ac0   _exp
118318f0   _f1
11832200   _f2
11832b10   _f3
1182d3b4   _fast_tanh
11833b08   _features
1182c6a0   _fft
c00292b8   _fftIn
c002c2d8   _fftOut
1182ca08   _filter16k
11817ff0   _filterMaker
c0019f98   _filterOut
c000fa00   _flt
11830e00   _frexp
118316c0   _h0
118319e0   _h1
118322f0   _h2
11832c00   _h3
11833308   _han512
1182d6ec   _hanWindow
1182d308   _hard_sig
118318a0   _i1
118321b0   _i2
11832ac0   _i3
118343b0   _idx
118343ac   _ii
c0000000   _input
1180fc08   _inputFramesMaker
118343bc   _inputIdx
1182dd30   _inputLoad
118343dc   _isBeat
118343a8   _kk
11830ca0   _ldexp
118343d8   _ledCount
1182caa8   _loadWeights20
118308c0   _log
11833bb0   _logdiffs
1182db88   _logmat
1182de18   _main
1182d234   _matadd
1182d030   _matmul
1182d2a0   _matsub
118313a0   _memcpy
11831440   _modf
11831940   _o1
11832250   _o2
11832b60   _o3
11833290   _out3
c0014e58   _output
1182cf58   _point_mult
1182cfc4   _point_mult_cpxR
11830640   _sin
1182d134   _softmax
1182ddcc   _soundLoad
11800200   _soundTest
11830f20   _sqrt
1182d4e0   _tanh_vect
1182d550   _tanh_vect_pass
11832020   _temp20_1
11832930   _temp20_2
11833240   _temp20_3
118343c4   _time
118343c8   _time_m1
118343cc   _time_m2
118343b4   _tsCount
1182d78c   _twiddleGen
118343d4   _units
c002a2b8   _w512
1182ed58   _wait
11823d48   _xU1
11825648   _xU2
11826f48   _xU3
1182c628   _xVb
1182ba48   _xVo
118208c8   _xW1
11828848   _xW2
1182a148   _xW3
1182c268   _xb1
1182c3a8   _xb2
1182c4e8   _xb3
11831760   _z1
11832070   _z2
11832980   _z3
1182d5ac   _zdivider
1182d8e4   _zeroVectorCpxI
1182d9b0   _zeroVectorDouble
1182d8a0   _zeroVectorFloat
1182d970   _zeroVectorInt
1182d930   _zeroVectorShort
ffffffff   binit
11834100   cinit
118343e4   end
118316c0   etext
ffffffff   pinit


GLOBAL SYMBOLS: SORTED BY Symbol Address 

address    name
--------   ----
00000001   __TI_args_main
00000400   __STACK_SIZE
11800200   _soundTest
1180fc08   _inputFramesMaker
11817ff0   _filterMaker
1181d448   _X
118208c8   _xW1
11823d48   _xU1
11825648   _xU2
11826f48   _xU3
11828848   _xW2
1182a148   _xW3
1182ba48   _xVo
1182c268   _xb1
1182c3a8   _xb2
1182c4e8   _xb3
1182c628   _xVb
1182c6a0   .text
1182c6a0   ___text__
1182c6a0   _fft
1182ca08   _filter16k
1182caa8   _loadWeights20
1182cf58   _point_mult
1182cfc4   _point_mult_cpxR
1182d030   _matmul
1182d134   _softmax
1182d234   _matadd
1182d2a0   _matsub
1182d308   _hard_sig
1182d3b4   _fast_tanh
1182d4e0   _tanh_vect
1182d550   _tanh_vect_pass
1182d5ac   _zdivider
1182d6ec   _hanWindow
1182d78c   _twiddleGen
1182d868   _beatActivationFunct
1182d8a0   _zeroVectorFloat
1182d8e4   _zeroVectorCpxI
1182d930   _zeroVectorShort
1182d970   _zeroVectorInt
1182d9b0   _zeroVectorDouble
1182d9f4   _bufferCopy
1182da64   _bufferCopyCpx
1182dae8   _concat
1182db88   _logmat
1182dc04   _absCpx
1182dca8   _W1load
1182dd30   _inputLoad
1182ddcc   _soundLoad
1182de18   _main
1182eac0   _GetSampleFreq
1182eac8   _DSP_Init
1182eae8   _DSP_Init_EDMA
1182eb08   _InitLEDs
1182eb68   _WriteLEDs
1182ec4c   _ReadSwitches
1182ec64   _InitDigitalOutputs
1182ec70   _WriteDigitalOutputs
1182ec88   _Init_Interrupts
1182eccc   _EnableInterrupts
1182ed08   _Init_Interrupts_EDMA
1182ed18   _EnableInterrupts_EDMA
1182ed58   _wait
1182ed8c   _Init_I2C
1182ede8   _Reset_I2C
1182ee08   _Write_I2C
1182eeec   _ReadCodecData
1182ef10   _WriteCodecData
1182ef34   _CheckForOverrun
1182ef64   _Init_AIC3106
1182f1ac   _AIC3106_write_reg
1182f1e8   _Reset_AIC3106
1182f210   _SetSampleRate_AIC3106
1182f358   _Init_McASP0
1182f6e8   _Init_UART2
1182f7a0   _Write_UART2
1182f7c8   _Puts_UART2
1182f808   _Read_UART2
1182f828   _IsDataReady_UART2
1182f84c   _IsTxReady_UART2
1182f880   __divd
1182fe20   _cos
11830100   _Codec_ISR
118303c0   __divf
11830640   _sin
118308c0   _log
11830ac0   _exp
11830ca0   _ldexp
11830e00   _frexp
11830f20   _sqrt
11831020   __auto_init
118310e0   __c6xabi_divu
118310e0   __divu
118311a0   _exit
11831260   __nround
11831300   _copy_in
118313a0   _memcpy
11831440   _modf
118314e0   _c_int00
11831560   ___TI_cpp_init
118315c0   __args_main
11831600   __frcmpyd_div
11831640   __llshru
11831680   __trunc
118316a0   C$$EXIT
118316a0   _abort
118316c0   ___etext__
118316c0   _h0
118316c0   etext
11831710   _c0
11831760   _z1
118318a0   _i1
118318f0   _f1
11831940   _o1
11831990   _Chat1
118319e0   _h1
11831d00   _C1
11832020   _temp20_1
11832070   _z2
118321b0   _i2
11832200   _f2
11832250   _o2
118322a0   _Chat2
118322f0   _h2
11832610   _C2
11832930   _temp20_2
11832980   _z3
11832ac0   _i3
11832b10   _f3
11832b60   _o3
11832bb0   _Chat3
11832c00   _h3
11832f20   _C3
11833240   _temp20_3
11833290   _out3
11833308   _han512
11833b08   _features
11833bb0   _logdiffs
11833c04   _errno
11833ce8   __cleanup_ptr
11833cec   __dtors_ptr
11833cf0   ___TI_enable_exit_profile_output
11833cf4   _CodecDataIn
11833cf8   _CodecDataOut
11833d00   __stack
11834100   __STACK_END
11834100   ___cinit__
11834100   cinit
118343a4   $bss
118343a4   .bss
118343a4   _BEAT_THRESHOLD
118343a4   ___bss__
118343a8   _kk
118343ac   _ii
118343b0   _idx
118343b4   _tsCount
118343b8   _audioIdx
118343bc   _inputIdx
118343c0   _dofft
118343c4   _time
118343c8   _time_m1
118343cc   _time_m2
118343d0   _beatdly
118343d4   _units
118343d8   _ledCount
118343dc   _isBeat
118343e4   ___end__
118343e4   end
c0000000   _input
c000fa00   _flt
c0014e58   _output
c0019f98   _filterOut
c001e138   _W1
c00215b8   _U1
c0022eb8   _U2
c00247b8   _U3
c00260b8   _W2
c00279b8   _W3
c00292b8   _fftIn
c002a2b8   _w512
c002b2b8   _Vo
c002bad8   _audioIn
c002c2d8   _fftOut
c002c6e0   _beatActivation
c002ca00   _beatVector
c002cb90   _b1
c002ccd0   _b2
c002ce10   _b3
c002cf50   _Vb
ffffffff   ___TI_pprof_out_hndl
ffffffff   ___TI_prof_data_size
ffffffff   ___TI_prof_data_start
ffffffff   ___binit__
ffffffff   ___c_args__
ffffffff   ___pinit__
ffffffff   binit
ffffffff   pinit

[197 symbols]
